Component: ARM Compiler 5.06 update 6 (build 750) Tool: armlink [4d35ed]

==============================================================================

Section Cross References

    mbed/TARGET_EFM32WG_STK3800/TOOLCHAIN_ARM_STD/analogin_api.o(i.analogin_init) refers to mbed/TARGET_EFM32WG_STK3800/TOOLCHAIN_ARM_STD/mbed.ar(mbed_pinmap_common.o)(i.pinmap_peripheral) for pinmap_peripheral
    mbed/TARGET_EFM32WG_STK3800/TOOLCHAIN_ARM_STD/analogin_api.o(i.analogin_init) refers to mbed/TARGET_EFM32WG_STK3800/TOOLCHAIN_ARM_STD/mbed.ar(mbed_assert.o)(i.mbed_assert_internal) for mbed_assert_internal
    mbed/TARGET_EFM32WG_STK3800/TOOLCHAIN_ARM_STD/analogin_api.o(i.analogin_init) refers to mbed/TARGET_EFM32WG_STK3800/TOOLCHAIN_ARM_STD/pinmap_function.o(i.pin_location) for pin_location
    mbed/TARGET_EFM32WG_STK3800/TOOLCHAIN_ARM_STD/analogin_api.o(i.analogin_init) refers to mbed/TARGET_EFM32WG_STK3800/TOOLCHAIN_ARM_STD/em_cmu.o(i.CMU_ClockEnable) for CMU_ClockEnable
    mbed/TARGET_EFM32WG_STK3800/TOOLCHAIN_ARM_STD/analogin_api.o(i.analogin_init) refers to mbed/TARGET_EFM32WG_STK3800/TOOLCHAIN_ARM_STD/em_adc.o(i.ADC_Init) for ADC_Init
    mbed/TARGET_EFM32WG_STK3800/TOOLCHAIN_ARM_STD/analogin_api.o(i.analogin_init) refers to mbed/TARGET_EFM32WG_STK3800/TOOLCHAIN_ARM_STD/em_adc.o(i.ADC_InitSingle) for ADC_InitSingle
    mbed/TARGET_EFM32WG_STK3800/TOOLCHAIN_ARM_STD/analogin_api.o(i.analogin_init) refers to mbed/TARGET_EFM32WG_STK3800/TOOLCHAIN_ARM_STD/PeripheralPins.o(.constdata) for PinMap_ADC
    mbed/TARGET_EFM32WG_STK3800/TOOLCHAIN_ARM_STD/analogin_api.o(i.analogin_init) refers to mbed/TARGET_EFM32WG_STK3800/TOOLCHAIN_ARM_STD/analogin_api.o(.conststring) for .conststring
    mbed/TARGET_EFM32WG_STK3800/TOOLCHAIN_ARM_STD/analogin_api.o(i.analogin_init) refers to mbed/TARGET_EFM32WG_STK3800/TOOLCHAIN_ARM_STD/analogin_api.o(.data) for .data
    mbed/TARGET_EFM32WG_STK3800/TOOLCHAIN_ARM_STD/analogin_api.o(i.analogin_init) refers to mbed/TARGET_EFM32WG_STK3800/TOOLCHAIN_ARM_STD/analogin_api.o(.constdata) for .constdata
    mbed/TARGET_EFM32WG_STK3800/TOOLCHAIN_ARM_STD/analogout_api.o(i.analogout_free) refers to mbed/TARGET_EFM32WG_STK3800/TOOLCHAIN_ARM_STD/em_dac.o(i.DAC_InitChannel) for DAC_InitChannel
    mbed/TARGET_EFM32WG_STK3800/TOOLCHAIN_ARM_STD/analogout_api.o(i.analogout_free) refers to mbed/TARGET_EFM32WG_STK3800/TOOLCHAIN_ARM_STD/em_cmu.o(i.CMU_ClockEnable) for CMU_ClockEnable
    mbed/TARGET_EFM32WG_STK3800/TOOLCHAIN_ARM_STD/analogout_api.o(i.analogout_free) refers to mbed/TARGET_EFM32WG_STK3800/TOOLCHAIN_ARM_STD/analogout_api.o(.data) for .data
    mbed/TARGET_EFM32WG_STK3800/TOOLCHAIN_ARM_STD/analogout_api.o(i.analogout_init) refers to mbed/TARGET_EFM32WG_STK3800/TOOLCHAIN_ARM_STD/mbed.ar(mbed_pinmap_common.o)(i.pinmap_peripheral) for pinmap_peripheral
    mbed/TARGET_EFM32WG_STK3800/TOOLCHAIN_ARM_STD/analogout_api.o(i.analogout_init) refers to mbed/TARGET_EFM32WG_STK3800/TOOLCHAIN_ARM_STD/mbed.ar(mbed_assert.o)(i.mbed_assert_internal) for mbed_assert_internal
    mbed/TARGET_EFM32WG_STK3800/TOOLCHAIN_ARM_STD/analogout_api.o(i.analogout_init) refers to mbed/TARGET_EFM32WG_STK3800/TOOLCHAIN_ARM_STD/pinmap_function.o(i.pin_location) for pin_location
    mbed/TARGET_EFM32WG_STK3800/TOOLCHAIN_ARM_STD/analogout_api.o(i.analogout_init) refers to mbed/TARGET_EFM32WG_STK3800/TOOLCHAIN_ARM_STD/pinmap.o(i.pin_mode) for pin_mode
    mbed/TARGET_EFM32WG_STK3800/TOOLCHAIN_ARM_STD/analogout_api.o(i.analogout_init) refers to mbed/TARGET_EFM32WG_STK3800/TOOLCHAIN_ARM_STD/em_cmu.o(i.CMU_ClockEnable) for CMU_ClockEnable
    mbed/TARGET_EFM32WG_STK3800/TOOLCHAIN_ARM_STD/analogout_api.o(i.analogout_init) refers to mbed/TARGET_EFM32WG_STK3800/TOOLCHAIN_ARM_STD/em_dac.o(i.DAC_PrescaleCalc) for DAC_PrescaleCalc
    mbed/TARGET_EFM32WG_STK3800/TOOLCHAIN_ARM_STD/analogout_api.o(i.analogout_init) refers to mbed/TARGET_EFM32WG_STK3800/TOOLCHAIN_ARM_STD/em_dac.o(i.DAC_Init) for DAC_Init
    mbed/TARGET_EFM32WG_STK3800/TOOLCHAIN_ARM_STD/analogout_api.o(i.analogout_init) refers to mbed/TARGET_EFM32WG_STK3800/TOOLCHAIN_ARM_STD/em_dac.o(i.DAC_InitChannel) for DAC_InitChannel
    mbed/TARGET_EFM32WG_STK3800/TOOLCHAIN_ARM_STD/analogout_api.o(i.analogout_init) refers to mbed/TARGET_EFM32WG_STK3800/TOOLCHAIN_ARM_STD/PeripheralPins.o(.constdata) for PinMap_DAC
    mbed/TARGET_EFM32WG_STK3800/TOOLCHAIN_ARM_STD/analogout_api.o(i.analogout_init) refers to mbed/TARGET_EFM32WG_STK3800/TOOLCHAIN_ARM_STD/analogout_api.o(.conststring) for .conststring
    mbed/TARGET_EFM32WG_STK3800/TOOLCHAIN_ARM_STD/analogout_api.o(i.analogout_init) refers to mbed/TARGET_EFM32WG_STK3800/TOOLCHAIN_ARM_STD/analogout_api.o(.data) for .data
    mbed/TARGET_EFM32WG_STK3800/TOOLCHAIN_ARM_STD/analogout_api.o(i.analogout_init) refers to mbed/TARGET_EFM32WG_STK3800/TOOLCHAIN_ARM_STD/analogout_api.o(.constdata) for .constdata
[...]
    0x00000154   0x00000154   0x00000000   Code   RO         4548    .ARM.Collect$$_printf_percent$$00000000  C:\Keil_v5\ARM\ARMCC\Bin\..\lib\armlib\c_w.l(_printf_percent.o)
    0x00000154   0x00000154   0x00000006   Code   RO         4792    .ARM.Collect$$_printf_percent$$00000001  C:\Keil_v5\ARM\ARMCC\Bin\..\lib\armlib\c_w.l(_printf_n.o)
    0x0000015a   0x0000015a   0x00000006   Code   RO         4793    .ARM.Collect$$_printf_percent$$00000002  C:\Keil_v5\ARM\ARMCC\Bin\..\lib\armlib\c_w.l(_printf_p.o)
    0x00000160   0x00000160   0x00000006   Code   RO         4796    .ARM.Collect$$_printf_percent$$00000003  C:\Keil_v5\ARM\ARMCC\Bin\..\lib\armlib\c_w.l(_printf_f.o)
    0x00000166   0x00000166   0x00000006   Code   RO         4797    .ARM.Collect$$_printf_percent$$00000004  C:\Keil_v5\ARM\ARMCC\Bin\..\lib\armlib\c_w.l(_printf_e.o)
    0x0000016c   0x0000016c   0x00000006   Code   RO         4798    .ARM.Collect$$_printf_percent$$00000005  C:\Keil_v5\ARM\ARMCC\Bin\..\lib\armlib\c_w.l(_printf_g.o)
    0x00000172   0x00000172   0x00000006   Code   RO         4799    .ARM.Collect$$_printf_percent$$00000006  C:\Keil_v5\ARM\ARMCC\Bin\..\lib\armlib\c_w.l(_printf_a.o)
    0x00000178   0x00000178   0x0000000a   Code   RO         4804    .ARM.Collect$$_printf_percent$$00000007  C:\Keil_v5\ARM\ARMCC\Bin\..\lib\armlib\c_w.l(_printf_ll.o)
    0x00000182   0x00000182   0x00000006   Code   RO         4795    .ARM.Collect$$_printf_percent$$00000008  C:\Keil_v5\ARM\ARMCC\Bin\..\lib\armlib\c_w.l(_printf_i.o)
    0x00000188   0x00000188   0x00000006   Code   RO         4546    .ARM.Collect$$_printf_percent$$00000009  C:\Keil_v5\ARM\ARMCC\Bin\..\lib\armlib\c_w.l(_printf_d.o)
    0x0000018e   0x0000018e   0x00000006   Code   RO         4547    .ARM.Collect$$_printf_percent$$0000000A  C:\Keil_v5\ARM\ARMCC\Bin\..\lib\armlib\c_w.l(_printf_u.o)
    0x00000194   0x00000194   0x00000006   Code   RO         4794    .ARM.Collect$$_printf_percent$$0000000B  C:\Keil_v5\ARM\ARMCC\Bin\..\lib\armlib\c_w.l(_printf_o.o)
    0x0000019a   0x0000019a   0x00000006   Code   RO         4545    .ARM.Collect$$_printf_percent$$0000000C  C:\Keil_v5\ARM\ARMCC\Bin\..\lib\armlib\c_w.l(_printf_x.o)
    0x000001a0   0x000001a0   0x00000006   Code   RO         4801    .ARM.Collect$$_printf_percent$$0000000D  C:\Keil_v5\ARM\ARMCC\Bin\..\lib\armlib\c_w.l(_printf_lli.o)
    0x000001a6   0x000001a6   0x00000006   Code   RO         4802    .ARM.Collect$$_printf_percent$$0000000E  C:\Keil_v5\ARM\ARMCC\Bin\..\lib\armlib\c_w.l(_printf_lld.o)
    0x000001ac   0x000001ac   0x00000006   Code   RO         4803    .ARM.Collect$$_printf_percent$$0000000F  C:\Keil_v5\ARM\ARMCC\Bin\..\lib\armlib\c_w.l(_printf_llu.o)
    0x000001b2   0x000001b2   0x00000006   Code   RO         4808    .ARM.Collect$$_printf_percent$$00000010  C:\Keil_v5\ARM\ARMCC\Bin\..\lib\armlib\c_w.l(_printf_llo.o)
    0x000001b8   0x000001b8   0x00000006   Code   RO         4809    .ARM.Collect$$_printf_percent$$00000011  C:\Keil_v5\ARM\ARMCC\Bin\..\lib\armlib\c_w.l(_printf_llx.o)
    0x000001be   0x000001be   0x0000000a   Code   RO         4805    .ARM.Collect$$_printf_percent$$00000012  C:\Keil_v5\ARM\ARMCC\Bin\..\lib\armlib\c_w.l(_printf_l.o)
    0x000001c8   0x000001c8   0x00000006   Code   RO         4790    .ARM.Collect$$_printf_percent$$00000013  C:\Keil_v5\ARM\ARMCC\Bin\..\lib\armlib\c_w.l(_printf_c.o)
    0x000001ce   0x000001ce   0x00000006   Code   RO         4791    .ARM.Collect$$_printf_percent$$00000014  C:\Keil_v5\ARM\ARMCC\Bin\..\lib\armlib\c_w.l(_printf_s.o)
    0x000001d4   0x000001d4   0x00000006   Code   RO         4806    .ARM.Collect$$_printf_percent$$00000015  C:\Keil_v5\ARM\ARMCC\Bin\..\lib\armlib\c_w.l(_printf_lc.o)
    0x000001da   0x000001da   0x00000006   Code   RO         4807    .ARM.Collect$$_printf_percent$$00000016  C:\Keil_v5\ARM\ARMCC\Bin\..\lib\armlib\c_w.l(_printf_ls.o)
    0x000001e0   0x000001e0   0x00000004   Code   RO         4800    .ARM.Collect$$_printf_percent$$00000017  C:\Keil_v5\ARM\ARMCC\Bin\..\lib\armlib\c_w.l(_printf_percent_end.o)
    0x000001e4   0x000001e4   0x00000002   Code   RO         5121    .ARM.Collect$$libinit$$00000000  C:\Keil_v5\ARM\ARMCC\Bin\..\lib\armlib\c_w.l(libinit.o)
    0x000001e6   0x000001e6   0x00000004   Code   RO         4851    .ARM.Collect$$libinit$$00000001  C:\Keil_v5\ARM\ARMCC\Bin\..\lib\armlib\c_w.l(libinit2.o)
    0x000001ea   0x000001ea   0x00000000   Code   RO         4854    .ARM.Collect$$libinit$$00000004  C:\Keil_v5\ARM\ARMCC\Bin\..\lib\armlib\c_w.l(libinit2.o)
    0x000001ea   0x000001ea   0x00000008   Code   RO         4855    .ARM.Collect$$libinit$$00000005  C:\Keil_v5\ARM\ARMCC\Bin\..\lib\armlib\c_w.l(libinit2.o)
    0x000001f2   0x000001f2   0x00000000   Code   RO         4857    .ARM.Collect$$libinit$$0000000A  C:\Keil_v5\ARM\ARMCC\Bin\..\lib\armlib\c_w.l(libinit2.o)
    0x000001f2   0x000001f2   0x00000000   Code   RO         4859    .ARM.Collect$$libinit$$0000000C  C:\Keil_v5\ARM\ARMCC\Bin\..\lib\armlib\c_w.l(libinit2.o)
    0x000001f2   0x000001f2   0x00000000   Code   RO         4861    .ARM.Collect$$libinit$$0000000E  C:\Keil_v5\ARM\ARMCC\Bin\..\lib\armlib\c_w.l(libinit2.o)
    0x000001f2   0x000001f2   0x00000006   Code   RO         4862    .ARM.Collect$$libinit$$0000000F  C:\Keil_v5\ARM\ARMCC\Bin\..\lib\armlib\c_w.l(libinit2.o)
    0x000001f8   0x000001f8   0x00000000   Code   RO         4864    .ARM.Collect$$libinit$$00000011  C:\Keil_v5\ARM\ARMCC\Bin\..\lib\armlib\c_w.l(libinit2.o)
    0x000001f8   0x000001f8   0x0000000c   Code   RO         4865    .ARM.Collect$$libinit$$00000012  C:\Keil_v5\ARM\ARMCC\Bin\..\lib\armlib\c_w.l(libinit2.o)
    0x00000204   0x00000204   0x00000000   Code   RO         4866    .ARM.Collect$$libinit$$00000013  C:\Keil_v5\ARM\ARMCC\Bin\..\lib\armlib\c_w.l(libinit2.o)
    0x00000204   0x00000204   0x00000000   Code   RO         4868    .ARM.Collect$$libinit$$00000015  C:\Keil_v5\ARM\ARMCC\Bin\..\lib\armlib\c_w.l(libinit2.o)
    0x00000204   0x00000204   0x0000000a   Code   RO         4869    .ARM.Collect$$libinit$$00000016  C:\Keil_v5\ARM\ARMCC\Bin\..\lib\armlib\c_w.l(libinit2.o)
    0x0000020e   0x0000020e   0x00000000   Code   RO         4870    .ARM.Collect$$libinit$$00000017  C:\Keil_v5\ARM\ARMCC\Bin\..\lib\armlib\c_w.l(libinit2.o)
    0x0000020e   0x0000020e   0x00000000   Code   RO         4872    .ARM.Collect$$libinit$$00000019  C:\Keil_v5\ARM\ARMCC\Bin\..\lib\armlib\c_w.l(libinit2.o)
    0x0000020e   0x0000020e   0x00000000   Code   RO         4874    .ARM.Collect$$libinit$$0000001B  C:\Keil_v5\ARM\ARMCC\Bin\..\lib\armlib\c_w.l(libinit2.o)
    0x0000020e   0x0000020e   0x00000000   Code   RO         4876    .ARM.Collect$$libinit$$0000001D  C:\Keil_v5\ARM\ARMCC\Bin\..\lib\armlib\c_w.l(libinit2.o)
    0x0000020e   0x0000020e   0x00000000   Code   RO         4878    .ARM.Collect$$libinit$$0000001F  C:\Keil_v5\ARM\ARMCC\Bin\..\lib\armlib\c_w.l(libinit2.o)
    0x0000020e   0x0000020e   0x00000000   Code   RO         4880    .ARM.Collect$$libinit$$00000021  C:\Keil_v5\ARM\ARMCC\Bin\..\lib\armlib\c_w.l(libinit2.o)
    0x0000020e   0x0000020e   0x00000000   Code   RO         4882    .ARM.Collect$$libinit$$00000023  C:\Keil_v5\ARM\ARMCC\Bin\..\lib\armlib\c_w.l(libinit2.o)
    0x0000020e   0x0000020e   0x00000004   Code   RO         4883    .ARM.Collect$$libinit$$00000024  C:\Keil_v5\ARM\ARMCC\Bin\..\lib\armlib\c_w.l(libinit2.o)
    0x00000212   0x00000212   0x00000000   Code   RO         4884    .ARM.Collect$$libinit$$00000025  C:\Keil_v5\ARM\ARMCC\Bin\..\lib\armlib\c_w.l(libinit2.o)
    0x00000212   0x00000212   0x00000000   Code   RO         4888    .ARM.Collect$$libinit$$0000002C  C:\Keil_v5\ARM\ARMCC\Bin\..\lib\armlib\c_w.l(libinit2.o)
    0x00000212   0x00000212   0x00000000   Code   RO         4890    .ARM.Collect$$libinit$$0000002E  C:\Keil_v5\ARM\ARMCC\Bin\..\lib\armlib\c_w.l(libinit2.o)
    0x00000212   0x00000212   0x00000000   Code   RO         4892    .ARM.Collect$$libinit$$00000030  C:\Keil_v5\ARM\ARMCC\Bin\..\lib\armlib\c_w.l(libinit2.o)
    0x00000212   0x00000212   0x00000004   Code   RO         4893    .ARM.Collect$$libinit$$00000031  C:\Keil_v5\ARM\ARMCC\Bin\..\lib\armlib\c_w.l(libinit2.o)
    0x00000216   0x00000216   0x00000000   Code   RO         4894    .ARM.Collect$$libinit$$00000032  C:\Keil_v5\ARM\ARMCC\Bin\..\lib\armlib\c_w.l(libinit2.o)
    0x00000216   0x00000216   0x00000002   Code   RO         4895    .ARM.Collect$$libinit$$00000033  C:\Keil_v5\ARM\ARMCC\Bin\..\lib\armlib\c_w.l(libinit2.o)
    0x00000218   0x00000218   0x00000000   Code   RO         5021    .ARM.Collect$$libshutdown$$00000004  C:\Keil_v5\ARM\ARMCC\Bin\..\lib\armlib\c_w.l(libshutdown2.o)
    0x00000218   0x00000218   0x00000000   Code   RO         4733    .ARM.Collect$$rtentry$$00000000  C:\Keil_v5\ARM\ARMCC\Bin\..\lib\armlib\c_w.l(__rtentry.o)
    0x00000218   0x00000218   0x00000000   Code   RO         4928    .ARM.Collect$$rtentry$$00000002  C:\Keil_v5\ARM\ARMCC\Bin\..\lib\armlib\c_w.l(__rtentry2.o)
    0x00000218   0x00000218   0x00000006   Code   RO         4940    .ARM.Collect$$rtentry$$00000004  C:\Keil_v5\ARM\ARMCC\Bin\..\lib\armlib\c_w.l(__rtentry4.o)
    0x0000021e   0x0000021e   0x00000008   Code   RO         4929    .ARM.Collect$$rtentry$$00000008  C:\Keil_v5\ARM\ARMCC\Bin\..\lib\armlib\c_w.l(__rtentry2.o)
    0x00000226   0x00000226   0x00000004   Code   RO         4931    .ARM.Collect$$rtentry$$0000000A  C:\Keil_v5\ARM\ARMCC\Bin\..\lib\armlib\c_w.l(__rtentry2.o)
    0x0000022a   0x0000022a   0x00000000   Code   RO         4933    .ARM.Collect$$rtentry$$0000000C  C:\Keil_v5\ARM\ARMCC\Bin\..\lib\armlib\c_w.l(__rtentry2.o)
    0x0000022a   0x0000022a   0x00000008   Code   RO         4934    .ARM.Collect$$rtentry$$0000000D  C:\Keil_v5\ARM\ARMCC\Bin\..\lib\armlib\c_w.l(__rtentry2.o)
    0x00000232   0x00000232   0x00000002   PAD
    0x00000234   0x00000234   0x00000000   Code   RO         4948    .emb_text           C:\Keil_v5\ARM\ARMCC\Bin\..\lib\armlib\c_w.l(maybetermalloc1.o)
    0x00000234   0x00000234   0x00000040   Code   RO         1580    .text               .\mbed\TARGET_EFM32WG_STK3800\TOOLCHAIN_ARM_STD\startup_efm32wg.o
    0x00000274   0x00000274   0x00000008   Code   RO         4413    .text               C:\Keil_v5\ARM\ARMCC\Bin\..\lib\armlib\c_w.l(rt_errno_addr.o)
    0x0000027c   0x0000027c   0x0000005e   Code   RO         4422    .text               C:\Keil_v5\ARM\ARMCC\Bin\..\lib\armlib\c_w.l(h1_alloc.o)
    0x000002da   0x000002da   0x0000004e   Code   RO         4424    .text               C:\Keil_v5\ARM\ARMCC\Bin\..\lib\armlib\c_w.l(h1_free.o)
    0x00000328   0x00000328   0x000000ee   Code   RO         4480    .text               C:\Keil_v5\ARM\ARMCC\Bin\..\lib\armlib\c_w.l(lludivv7m.o)
    0x00000416   0x00000416   0x00000002   PAD
    0x00000418   0x00000418   0x00000034   Code   RO         4482    .text               C:\Keil_v5\ARM\ARMCC\Bin\..\lib\armlib\c_w.l(vsnprintf.o)
    0x0000044c   0x0000044c   0x00000024   Code   RO         4486    .text               C:\Keil_v5\ARM\ARMCC\Bin\..\lib\armlib\c_w.l(c89vsprintf.o)
    0x00000470   0x00000470   0x0000004e   Code   RO         4500    .text               C:\Keil_v5\ARM\ARMCC\Bin\..\lib\armlib\c_w.l(_printf_pad.o)
    0x000004be   0x000004be   0x00000002   PAD
    0x000004c0   0x000004c0   0x00000078   Code   RO         4502    .text               C:\Keil_v5\ARM\ARMCC\Bin\..\lib\armlib\c_w.l(_printf_dec.o)
    0x00000538   0x00000538   0x00000094   Code   RO         4522    .text               C:\Keil_v5\ARM\ARMCC\Bin\..\lib\armlib\c_w.l(_printf_hex_int_ll_ptr.o)
    0x000005cc   0x000005cc   0x00000188   Code   RO         4542    .text               C:\Keil_v5\ARM\ARMCC\Bin\..\lib\armlib\c_w.l(__printf_flags_ss_wp.o)
    0x00000754   0x00000754   0x0000003c   Code   RO         4553    .text               C:\Keil_v5\ARM\ARMCC\Bin\..\lib\armlib\c_w.l(__0sscanf.o)
    0x00000790   0x00000790   0x0000014c   Code   RO         4555    .text               C:\Keil_v5\ARM\ARMCC\Bin\..\lib\armlib\c_w.l(_scanf_int.o)
    0x000008dc   0x000008dc   0x000000e0   Code   RO         4557    .text               C:\Keil_v5\ARM\ARMCC\Bin\..\lib\armlib\c_w.l(_scanf_str.o)
    0x000009bc   0x000009bc   0x00000064   Code   RO         4559    .text               C:\Keil_v5\ARM\ARMCC\Bin\..\lib\armlib\c_w.l(fflush.o)
    0x00000a20   0x00000a20   0x000000ec   Code   RO         4567    .text               C:\Keil_v5\ARM\ARMCC\Bin\..\lib\armlib\c_w.l(fopen.o)
    0x00000b0c   0x00000b0c   0x0000003e   Code   RO         4585    .text               C:\Keil_v5\ARM\ARMCC\Bin\..\lib\armlib\c_w.l(strlen.o)
    0x00000b4a   0x00000b4a   0x00000096   Code   RO         4587    .text               C:\Keil_v5\ARM\ARMCC\Bin\..\lib\armlib\c_w.l(strncmp.o)
    0x00000be0   0x00000be0   0x00000064   Code   RO         4591    .text               C:\Keil_v5\ARM\ARMCC\Bin\..\lib\armlib\c_w.l(rt_memcpy_w.o)
    0x00000c44   0x00000c44   0x00000044   Code   RO         4593    .text               C:\Keil_v5\ARM\ARMCC\Bin\..\lib\armlib\c_w.l(rt_memclr.o)
    0x00000c88   0x00000c88   0x0000004e   Code   RO         4595    .text               C:\Keil_v5\ARM\ARMCC\Bin\..\lib\armlib\c_w.l(rt_memclr_w.o)
    0x00000cd6   0x00000cd6   0x00000002   PAD
    0x00000cd8   0x00000cd8   0x00000080   Code   RO         4597    .text               C:\Keil_v5\ARM\ARMCC\Bin\..\lib\armlib\c_w.l(strcmpv7m.o)
    0x00000d58   0x00000d58   0x00000006   Code   RO         4599    .text               C:\Keil_v5\ARM\ARMCC\Bin\..\lib\armlib\c_w.l(heapauxi.o)
    0x00000d5e   0x00000d5e   0x00000002   PAD
    0x00000d60   0x00000d60   0x00000024   Code   RO         4606    .text               C:\Keil_v5\ARM\ARMCC\Bin\..\lib\armlib\c_w.l(init_aeabi.o)
    0x00000d84   0x00000d84   0x00000022   Code   RO         4718    .text               C:\Keil_v5\ARM\ARMCC\Bin\..\lib\cpplib\cpprt_w.l(aeabi_vec_dtor_noexceptions.o)
    0x00000da6   0x00000da6   0x00000002   PAD
    0x00000da8   0x00000da8   0x00000008   Code   RO         4738    .text               C:\Keil_v5\ARM\ARMCC\Bin\..\lib\armlib\c_w.l(rt_heap_descriptor.o)
    0x00000db0   0x00000db0   0x00000004   Code   RO         4743    .text               C:\Keil_v5\ARM\ARMCC\Bin\..\lib\armlib\c_w.l(hguard.o)
    0x00000db4   0x00000db4   0x0000008a   Code   RO         4745    .text               C:\Keil_v5\ARM\ARMCC\Bin\..\lib\armlib\c_w.l(init_alloc.o)
    0x00000e3e   0x00000e3e   0x0000000e   Code   RO         4749    .text               C:\Keil_v5\ARM\ARMCC\Bin\..\lib\armlib\c_w.l(h1_init.o)
    0x00000e4c   0x00000e4c   0x00000024   Code   RO         4763    .text               C:\Keil_v5\ARM\ARMCC\Bin\..\lib\armlib\c_w.l(_printf_truncate.o)
    0x00000e70   0x00000e70   0x00000052   Code   RO         4765    .text               C:\Keil_v5\ARM\ARMCC\Bin\..\lib\armlib\c_w.l(_printf_str.o)
    0x00000ec2   0x00000ec2   0x000000b2   Code   RO         4767    .text               C:\Keil_v5\ARM\ARMCC\Bin\..\lib\armlib\c_w.l(_printf_intcommon.o)
    0x00000f74   0x00000f74   0x00000028   Code   RO         4769    .text               C:\Keil_v5\ARM\ARMCC\Bin\..\lib\armlib\c_w.l(_printf_charcount.o)
    0x00000f9c   0x00000f9c   0x00000030   Code   RO         4771    .text               C:\Keil_v5\ARM\ARMCC\Bin\..\lib\armlib\c_w.l(_printf_char_common.o)
    0x00000fcc   0x00000fcc   0x0000000a   Code   RO         4773    .text               C:\Keil_v5\ARM\ARMCC\Bin\..\lib\armlib\c_w.l(_sputc.o)
    0x00000fd6   0x00000fd6   0x00000010   Code   RO         4775    .text               C:\Keil_v5\ARM\ARMCC\Bin\..\lib\armlib\c_w.l(_snputc.o)
    0x00000fe6   0x00000fe6   0x00000002   PAD
    0x00000fe8   0x00000fe8   0x000000bc   Code   RO         4779    .text               C:\Keil_v5\ARM\ARMCC\Bin\..\lib\armlib\c_w.l(_printf_wctomb.o)
    0x000010a4   0x000010a4   0x0000007c   Code   RO         4782    .text               C:\Keil_v5\ARM\ARMCC\Bin\..\lib\armlib\c_w.l(_printf_longlong_dec.o)
    0x00001120   0x00001120   0x00000070   Code   RO         4788    .text               C:\Keil_v5\ARM\ARMCC\Bin\..\lib\armlib\c_w.l(_printf_oct_int_ll.o)
    0x00001190   0x00001190   0x0000001c   Code   RO         4810    .text               C:\Keil_v5\ARM\ARMCC\Bin\..\lib\armlib\c_w.l(_chval.o)
    0x000011ac   0x000011ac   0x0000002c   Code   RO         4814    .text               C:\Keil_v5\ARM\ARMCC\Bin\..\lib\armlib\c_w.l(scanf_char.o)
    0x000011d8   0x000011d8   0x00000040   Code   RO         4816    .text               C:\Keil_v5\ARM\ARMCC\Bin\..\lib\armlib\c_w.l(_sgetc.o)
    0x00001218   0x00001218   0x000000f8   Code   RO         4828    .text               C:\Keil_v5\ARM\ARMCC\Bin\..\lib\armlib\c_w.l(fseek.o)
    0x00001310   0x00001310   0x00000046   Code   RO         4830    .text               C:\Keil_v5\ARM\ARMCC\Bin\..\lib\armlib\c_w.l(setvbuf.o)
    0x00001356   0x00001356   0x00000002   PAD
    0x00001358   0x00001358   0x000000f0   Code   RO         4832    .text               C:\Keil_v5\ARM\ARMCC\Bin\..\lib\armlib\c_w.l(stdio.o)
    0x00001448   0x00001448   0x00000138   Code   RO         4835    .text               C:\Keil_v5\ARM\ARMCC\Bin\..\lib\armlib\c_w.l(initio.o)
    0x00001580   0x00001580   0x0000004c   Code   RO         4837    .text               C:\Keil_v5\ARM\ARMCC\Bin\..\lib\armlib\c_w.l(fclose.o)
    0x000015cc   0x000015cc   0x0000000e   Code   RO         4845    .text               C:\Keil_v5\ARM\ARMCC\Bin\..\lib\armlib\c_w.l(defsig_pvfn_outer.o)
    0x000015da   0x000015da   0x00000034   Code   RO         4950    .text               C:\Keil_v5\ARM\ARMCC\Bin\..\lib\armlib\c_w.l(h1_extend.o)
    0x0000160e   0x0000160e   0x0000008a   Code   RO         4954    .text               C:\Keil_v5\ARM\ARMCC\Bin\..\lib\armlib\c_w.l(lludiv10.o)
    0x00001698   0x00001698   0x00000012   Code   RO         4956    .text               C:\Keil_v5\ARM\ARMCC\Bin\..\lib\armlib\c_w.l(isspace.o)
    0x000016aa   0x000016aa   0x0000041e   Code   RO         4958    .text               C:\Keil_v5\ARM\ARMCC\Bin\..\lib\armlib\c_w.l(_printf_fp_dec.o)
    0x00001ac8   0x00001ac8   0x000002fc   Code   RO         4960    .text               C:\Keil_v5\ARM\ARMCC\Bin\..\lib\armlib\c_w.l(_printf_fp_hex.o)
    0x00001dc4   0x00001dc4   0x0000002c   Code   RO         4965    .text               C:\Keil_v5\ARM\ARMCC\Bin\..\lib\armlib\c_w.l(_printf_char.o)
    0x00001df0   0x00001df0   0x0000002c   Code   RO         4967    .text               C:\Keil_v5\ARM\ARMCC\Bin\..\lib\armlib\c_w.l(_printf_wchar.o)
    0x00001e1c   0x00001e1c   0x00000374   Code   RO         4969    .text               C:\Keil_v5\ARM\ARMCC\Bin\..\lib\armlib\c_w.l(_scanf.o)
    0x00002190   0x00002190   0x00000042   Code   RO         4979    .text               C:\Keil_v5\ARM\ARMCC\Bin\..\lib\armlib\c_w.l(ftell.o)
    0x000021d2   0x000021d2   0x00000040   Code   RO         4999    .text               C:\Keil_v5\ARM\ARMCC\Bin\..\lib\armlib\c_w.l(_wcrtomb.o)
    0x00002212   0x00002212   0x0000000a   Code   RO         5001    .text               C:\Keil_v5\ARM\ARMCC\Bin\..\lib\armlib\c_w.l(defsig_exit.o)
    0x0000221c   0x0000221c   0x0000000e   Code   RO         5003    .text               C:\Keil_v5\ARM\ARMCC\Bin\..\lib\armlib\c_w.l(defsig_rtred_outer.o)
    0x0000222a   0x0000222a   0x0000000e   Code   RO         5007    .text               C:\Keil_v5\ARM\ARMCC\Bin\..\lib\armlib\c_w.l(defsig_rtmem_outer.o)
    0x00002238   0x00002238   0x00000030   Code   RO         5011    .text               C:\Keil_v5\ARM\ARMCC\Bin\..\lib\armlib\c_w.l(defsig_pvfn_inner.o)
    0x00002268   0x00002268   0x0000000c   Code   RO         5052    .text               C:\Keil_v5\ARM\ARMCC\Bin\..\lib\armlib\c_w.l(sys_exit.o)
    0x00002274   0x00002274   0x00000010   Code   RO         5054    .text               C:\Keil_v5\ARM\ARMCC\Bin\..\lib\armlib\c_w.l(rt_ctype_table.o)
    0x00002284   0x00002284   0x00000008   Code   RO         5056    .text               C:\Keil_v5\ARM\ARMCC\Bin\..\lib\armlib\c_w.l(rt_locale.o)
    0x0000228c   0x0000228c   0x00000080   Code   RO         5068    .text               C:\Keil_v5\ARM\ARMCC\Bin\..\lib\armlib\c_w.l(_printf_fp_infnan.o)
    0x0000230c   0x0000230c   0x000000e4   Code   RO         5070    .text               C:\Keil_v5\ARM\ARMCC\Bin\..\lib\armlib\c_w.l(bigflt0.o)
    0x000023f0   0x000023f0   0x00000032   Code   RO         5104    .text               C:\Keil_v5\ARM\ARMCC\Bin\..\lib\armlib\c_w.l(defsig_general.o)
    0x00002422   0x00002422   0x00000002   PAD
    0x00002424   0x00002424   0x00000034   Code   RO         5110    .text               C:\Keil_v5\ARM\ARMCC\Bin\..\lib\armlib\c_w.l(defsig_rtred_inner.o)
    0x00002458   0x00002458   0x00000050   Code   RO         5112    .text               C:\Keil_v5\ARM\ARMCC\Bin\..\lib\armlib\c_w.l(defsig_rtmem_inner.o)
    0x000024a8   0x000024a8   0x0000000e   Code   RO         5156    .text               C:\Keil_v5\ARM\ARMCC\Bin\..\lib\armlib\c_w.l(sys_wrch.o)
    0x000024b6   0x000024b6   0x00000002   Code   RO         5158    .text               C:\Keil_v5\ARM\ARMCC\Bin\..\lib\armlib\c_w.l(use_no_semi.o)
    0x000024b8   0x000024b8   0x00000000   Code   RO         5160    .text               C:\Keil_v5\ARM\ARMCC\Bin\..\lib\armlib\c_w.l(indicate_semi.o)
    0x000024b8   0x000024b8   0x0000003e   Code   RO         5073    CL$$btod_d2e        C:\Keil_v5\ARM\ARMCC\Bin\..\lib\armlib\c_w.l(btod.o)
    0x000024f6   0x000024f6   0x00000046   Code   RO         5075    CL$$btod_d2e_denorm_low  C:\Keil_v5\ARM\ARMCC\Bin\..\lib\armlib\c_w.l(btod.o)
    0x0000253c   0x0000253c   0x00000060   Code   RO         5074    CL$$btod_d2e_norm_op1  C:\Keil_v5\ARM\ARMCC\Bin\..\lib\armlib\c_w.l(btod.o)
    0x0000259c   0x0000259c   0x00000338   Code   RO         5083    CL$$btod_div_common  C:\Keil_v5\ARM\ARMCC\Bin\..\lib\armlib\c_w.l(btod.o)
    0x000028d4   0x000028d4   0x000000dc   Code   RO         5080    CL$$btod_e2e        C:\Keil_v5\ARM\ARMCC\Bin\..\lib\armlib\c_w.l(btod.o)
    0x000029b0   0x000029b0   0x0000002a   Code   RO         5077    CL$$btod_ediv       C:\Keil_v5\ARM\ARMCC\Bin\..\lib\armlib\c_w.l(btod.o)
    0x000029da   0x000029da   0x0000002a   Code   RO         5076    CL$$btod_emul       C:\Keil_v5\ARM\ARMCC\Bin\..\lib\armlib\c_w.l(btod.o)
    0x00002a04   0x00002a04   0x00000244   Code   RO         5082    CL$$btod_mult_common  C:\Keil_v5\ARM\ARMCC\Bin\..\lib\armlib\c_w.l(btod.o)
    0x00002c48   0x00002c48   0x0000000e   Code   RO         1162    i.$Sub$$main        mbed/TARGET_EFM32WG_STK3800/TOOLCHAIN_ARM_STD/mbed_sdk_boot.o
    0x00002c56   0x00002c56   0x0000000c   Code   RO         3966    i.<Func3>           mbed/TARGET_EFM32WG_STK3800/TOOLCHAIN_ARM_STD/mbed.ar(SerialBase.o)
    0x00002c62   0x00002c62   0x00000002   PAD
    0x00002c64   0x00002c64   0x000001ac   Code   RO          158    i.CMU_ClockDivSet   mbed/TARGET_EFM32WG_STK3800/TOOLCHAIN_ARM_STD/em_cmu.o
    0x00002e10   0x00002e10   0x0000008c   Code   RO          159    i.CMU_ClockEnable   mbed/TARGET_EFM32WG_STK3800/TOOLCHAIN_ARM_STD/em_cmu.o
    0x00002e9c   0x00002e9c   0x00000204   Code   RO          160    i.CMU_ClockFreqGet  mbed/TARGET_EFM32WG_STK3800/TOOLCHAIN_ARM_STD/em_cmu.o
    0x000030a0   0x000030a0   0x000000c0   Code   RO          161    i.CMU_ClockSelectGet  mbed/TARGET_EFM32WG_STK3800/TOOLCHAIN_ARM_STD/em_cmu.o
    0x00003160   0x00003160   0x000001a0   Code   RO          162    i.CMU_ClockSelectSet  mbed/TARGET_EFM32WG_STK3800/TOOLCHAIN_ARM_STD/em_cmu.o
    0x00003300   0x00003300   0x0000007c   Code   RO          172    i.CMU_OscillatorEnable  mbed/TARGET_EFM32WG_STK3800/TOOLCHAIN_ARM_STD/em_cmu.o
    0x0000337c   0x0000337c   0x00000080   Code   RO          177    i.CMU_UpdateWaitStates  mbed/TARGET_EFM32WG_STK3800/TOOLCHAIN_ARM_STD/em_cmu.o
    0x000033fc   0x000033fc   0x00000018   Code   RO          325    i.DMA_ChannelEnable  mbed/TARGET_EFM32WG_STK3800/TOOLCHAIN_ARM_STD/em_dma.o
    0x00003414   0x00003414   0x00000074   Code   RO          328    i.DMA_IRQHandler    mbed/TARGET_EFM32WG_STK3800/TOOLCHAIN_ARM_STD/em_dma.o
    0x00003488   0x00003488   0x000000c0   Code   RO          895    i.GPIO_EVEN_IRQHandler  mbed/TARGET_EFM32WG_STK3800/TOOLCHAIN_ARM_STD/gpio_irq_api.o
    0x00003548   0x00003548   0x000000c0   Code   RO          896    i.GPIO_ODD_IRQHandler  mbed/TARGET_EFM32WG_STK3800/TOOLCHAIN_ARM_STD/gpio_irq_api.o
    0x00003608   0x00003608   0x0000006c   Code   RO          456    i.GPIO_PinModeSet   mbed/TARGET_EFM32WG_STK3800/TOOLCHAIN_ARM_STD/em_gpio.o
    0x00003674   0x00003674   0x00000054   Code   RO          608    i.LEUART_BaudrateGet  mbed/TARGET_EFM32WG_STK3800/TOOLCHAIN_ARM_STD/em_leuart.o
    0x000036c8   0x000036c8   0x0000005c   Code   RO          609    i.LEUART_BaudrateSet  mbed/TARGET_EFM32WG_STK3800/TOOLCHAIN_ARM_STD/em_leuart.o
    0x00003724   0x00003724   0x0000001e   Code   RO          610    i.LEUART_Enable     mbed/TARGET_EFM32WG_STK3800/TOOLCHAIN_ARM_STD/em_leuart.o
    0x00003742   0x00003742   0x00000002   PAD
    0x00003744   0x00003744   0x00000098   Code   RO          612    i.LEUART_Init       mbed/TARGET_EFM32WG_STK3800/TOOLCHAIN_ARM_STD/em_leuart.o
    0x000037dc   0x000037dc   0x0000000e   Code   RO          614    i.LEUART_Rx         mbed/TARGET_EFM32WG_STK3800/TOOLCHAIN_ARM_STD/em_leuart.o
    0x000037ea   0x000037ea   0x0000001c   Code   RO          617    i.LEUART_Tx         mbed/TARGET_EFM32WG_STK3800/TOOLCHAIN_ARM_STD/em_leuart.o
    0x00003806   0x00003806   0x00000002   PAD
    0x00003808   0x00003808   0x0000001c   Code   RO          725    i.RTC_CompareSet    mbed/TARGET_EFM32WG_STK3800/TOOLCHAIN_ARM_STD/em_rtc.o
    0x00003824   0x00003824   0x00000010   Code   RO          728    i.RTC_FreezeEnable  mbed/TARGET_EFM32WG_STK3800/TOOLCHAIN_ARM_STD/em_rtc.o
    0x00003834   0x00003834   0x00000034   Code   RO         1284    i.RTC_IRQHandler    mbed/TARGET_EFM32WG_STK3800/TOOLCHAIN_ARM_STD/rtc_api.o
    0x00003868   0x00003868   0x00000028   Code   RO          729    i.RTC_Init          mbed/TARGET_EFM32WG_STK3800/TOOLCHAIN_ARM_STD/em_rtc.o
    0x00003890   0x00003890   0x000000cc   Code   RO         1585    i.SystemCoreClockGet  .\mbed\TARGET_EFM32WG_STK3800\TOOLCHAIN_ARM_STD\system_efm32wg.o
    0x0000395c   0x0000395c   0x000000c4   Code   RO         1586    i.SystemHFClockGet  .\mbed\TARGET_EFM32WG_STK3800\TOOLCHAIN_ARM_STD\system_efm32wg.o
    0x00003a20   0x00003a20   0x0000000c   Code   RO         1587    i.SystemHFXOClockGet  .\mbed\TARGET_EFM32WG_STK3800\TOOLCHAIN_ARM_STD\system_efm32wg.o
    0x00003a2c   0x00003a2c   0x0000001c   Code   RO         1588    i.SystemHFXOClockSet  .\mbed\TARGET_EFM32WG_STK3800\TOOLCHAIN_ARM_STD\system_efm32wg.o
    0x00003a48   0x00003a48   0x00000010   Code   RO         1589    i.SystemInit        .\mbed\TARGET_EFM32WG_STK3800\TOOLCHAIN_ARM_STD\system_efm32wg.o
    0x00003a58   0x00003a58   0x00000006   Code   RO         1590    i.SystemLFRCOClockGet  .\mbed\TARGET_EFM32WG_STK3800\TOOLCHAIN_ARM_STD\system_efm32wg.o
    0x00003a5e   0x00003a5e   0x00000002   PAD
    0x00003a60   0x00003a60   0x0000000c   Code   RO         1591    i.SystemLFXOClockGet  .\mbed\TARGET_EFM32WG_STK3800\TOOLCHAIN_ARM_STD\system_efm32wg.o
    0x00003a6c   0x00003a6c   0x0000001c   Code   RO         1592    i.SystemLFXOClockSet  .\mbed\TARGET_EFM32WG_STK3800\TOOLCHAIN_ARM_STD\system_efm32wg.o
    0x00003a88   0x00003a88   0x00000008   Code   RO         1593    i.SystemMaxCoreClockGet  .\mbed\TARGET_EFM32WG_STK3800\TOOLCHAIN_ARM_STD\system_efm32wg.o
    0x00003a90   0x00003a90   0x00000006   Code   RO         1594    i.SystemULFRCOClockGet  .\mbed\TARGET_EFM32WG_STK3800\TOOLCHAIN_ARM_STD\system_efm32wg.o
    0x00003a96   0x00003a96   0x0000007c   Code   RO          761    i.TIMER_InitCC      mbed/TARGET_EFM32WG_STK3800/TOOLCHAIN_ARM_STD/em_timer.o
    0x00003b12   0x00003b12   0x00000002   PAD
    0x00003b14   0x00003b14   0x00000064   Code   RO          774    i.USART_BaudrateAsyncSet  mbed/TARGET_EFM32WG_STK3800/TOOLCHAIN_ARM_STD/em_usart.o
    0x00003b78   0x00003b78   0x0000000e   Code   RO          778    i.USART_Enable      mbed/TARGET_EFM32WG_STK3800/TOOLCHAIN_ARM_STD/em_usart.o
    0x00003b86   0x00003b86   0x00000002   PAD
    0x00003b88   0x00003b88   0x000000e0   Code   RO          779    i.USART_InitAsync   mbed/TARGET_EFM32WG_STK3800/TOOLCHAIN_ARM_STD/em_usart.o
    0x00003c68   0x00003c68   0x0000000e   Code   RO          784    i.USART_Rx          mbed/TARGET_EFM32WG_STK3800/TOOLCHAIN_ARM_STD/em_usart.o
    0x00003c76   0x00003c76   0x0000000c   Code   RO          789    i.USART_Tx          mbed/TARGET_EFM32WG_STK3800/TOOLCHAIN_ARM_STD/em_usart.o
    0x00003c82   0x00003c82   0x00000002   PAD
    0x00003c84   0x00003c84   0x00000034   Code   RO         3425    i._Z10blink_ledsi   .\build\main.o
    0x00003cb8   0x00003cb8   0x00000018   Code   RO         1613    i._Z11ClearBufferv  .\build\skywire.o
    0x00003cd0   0x00003cd0   0x00000690   Code   RO         1614    i._Z11SkywireInitv  .\build\skywire.o
    0x00004360   0x00004360   0x0000001c   Code   RO         1615    i._Z13DataAvailablev  .\build\skywire.o
    0x0000437c   0x0000437c   0x00000290   Code   RO         1616    i._Z14GetGMMResponsev  .\build\skywire.o
    0x0000460c   0x0000460c   0x00000078   Code   RO         1617    i._Z15GetSkywireModelv  .\build\skywire.o
    0x00004684   0x00004684   0x000000e0   Code   RO         1618    i._Z15WaitForResponsePKc  .\build\skywire.o
    0x00004764   0x00004764   0x0000000c   Code   RO         3427    i._Z15watchdog_wakeupv  .\build\main.o
    0x00004770   0x00004770   0x00000020   Code   RO         1619    i._Z16SYSTEM_GetUniquev  .\build\skywire.o
    0x00004790   0x00004790   0x0000005c   Code   RO         1621    i._Z20Skywire_Rx_interruptv  .\build\skywire.o
    0x000047ec   0x000047ec   0x0000008c   Code   RO         1622    i._Z7AutoAPNv       .\build\skywire.o
    0x00004878   0x00004878   0x00000118   Code   RO         1623    i._Z7GetMEIDv       .\build\skywire.o
    0x00004990   0x00004990   0x00000064   Code   RO         1624    i._Z7GetRSSIv       .\build\skywire.o
    0x000049f4   0x000049f4   0x00000094   Code   RO         1625    i._Z9read_linev     .\build\skywire.o
    0x00004a88   0x00004a88   0x00000010   Code   RO         2715    i._ZN14BufferedSerial4getcEv  .\build\bufferedserial.o
    0x00004a98   0x00004a98   0x0000004c   Code   RO         2718    i._ZN14BufferedSerial5primeEv  .\build\bufferedserial.o
    0x00004ae4   0x00004ae4   0x00000024   Code   RO         2719    i._ZN14BufferedSerial5rxIrqEv  .\build\bufferedserial.o
    0x00004b08   0x00004b08   0x00000054   Code   RO         2720    i._ZN14BufferedSerial5txIrqEv  .\build\bufferedserial.o
    0x00004b5c   0x00004b5c   0x00000036   Code   RO         2721    i._ZN14BufferedSerial5writeEPKvj  .\build\bufferedserial.o
    0x00004b92   0x00004b92   0x00000002   PAD
    0x00004b94   0x00004b94   0x000000e0   Code   RO         2722    i._ZN14BufferedSerial6printfEPKcz  .\build\bufferedserial.o
    0x00004c74   0x00004c74   0x0000000e   Code   RO         2723    i._ZN14BufferedSerial8readableEv  .\build\bufferedserial.o
    0x00004c82   0x00004c82   0x00000002   PAD
    0x00004c84   0x00004c84   0x00000068   Code   RO         2725    i._ZN14BufferedSerialC1E7PinNameS0_jjPKc  .\build\bufferedserial.o
    0x00004cec   0x00004cec   0x0000006c   Code   RO         2727    i._ZN14BufferedSerialD1Ev  .\build\bufferedserial.o
    0x00004d58   0x00004d58   0x00000018   Code   RO         1772    i._ZN4mbed10DigitalOutC1E7PinName  .\build\skywire.o
    0x00004d70   0x00004d70   0x00000016   Code   RO         1742    i._ZN4mbed10DigitalOutaSEi  .\build\skywire.o
    0x00004d86   0x00004d86   0x00000014   Code   RO         3974    i._ZN4mbed10SerialBase12_irq_handlerEj9SerialIrq  mbed/TARGET_EFM32WG_STK3800/TOOLCHAIN_ARM_STD/mbed.ar(SerialBase.o)
    0x00004d9a   0x00004d9a   0x00000050   Code   RO         3977    i._ZN4mbed10SerialBase24interrupt_handler_asynchEv  mbed/TARGET_EFM32WG_STK3800/TOOLCHAIN_ARM_STD/mbed.ar(SerialBase.o)
    0x00004dea   0x00004dea   0x00000002   Code   RO         3979    i._ZN4mbed10SerialBase4lockEv  mbed/TARGET_EFM32WG_STK3800/TOOLCHAIN_ARM_STD/mbed.ar(SerialBase.o)
    0x00004dec   0x00004dec   0x000000bc   Code   RO         3984    i._ZN4mbed10SerialBase6attachENS_8CallbackIFvvEEENS0_7IrqTypeE  mbed/TARGET_EFM32WG_STK3800/TOOLCHAIN_ARM_STD/mbed.ar(SerialBase.o)
    0x00004ea8   0x00004ea8   0x00000002   Code   RO         3986    i._ZN4mbed10SerialBase6unlockEv  mbed/TARGET_EFM32WG_STK3800/TOOLCHAIN_ARM_STD/mbed.ar(SerialBase.o)
    0x00004eaa   0x00004eaa   0x00000002   PAD
    0x00004eac   0x00004eac   0x00000118   Code   RO         3989    i._ZN4mbed10SerialBaseC1E7PinNameS1_i  mbed/TARGET_EFM32WG_STK3800/TOOLCHAIN_ARM_STD/mbed.ar(SerialBase.o)
    0x00004fc4   0x00004fc4   0x00000128   Code   RO         3991    i._ZN4mbed10SerialBaseD1Ev  mbed/TARGET_EFM32WG_STK3800/TOOLCHAIN_ARM_STD/mbed.ar(SerialBase.o)
    0x000050ec   0x000050ec   0x00000014   Code   RO         4102    i._ZN4mbed10TimerEvent15insert_absoluteEy  mbed/TARGET_EFM32WG_STK3800/TOOLCHAIN_ARM_STD/mbed.ar(TimerEvent.o)
    0x00005100   0x00005100   0x00000006   Code   RO         4103    i._ZN4mbed10TimerEvent3irqEj  mbed/TARGET_EFM32WG_STK3800/TOOLCHAIN_ARM_STD/mbed.ar(TimerEvent.o)
    0x00005106   0x00005106   0x0000000c   Code   RO         4105    i._ZN4mbed10TimerEvent6removeEv  mbed/TARGET_EFM32WG_STK3800/TOOLCHAIN_ARM_STD/mbed.ar(TimerEvent.o)
    0x00005112   0x00005112   0x00000002   PAD
    0x00005114   0x00005114   0x00000028   Code   RO         4106    i._ZN4mbed10TimerEventC2EPK13ticker_data_t  mbed/TARGET_EFM32WG_STK3800/TOOLCHAIN_ARM_STD/mbed.ar(TimerEvent.o)
    0x0000513c   0x0000513c   0x0000002c   Code   RO         4107    i._ZN4mbed10TimerEventC2Ev  mbed/TARGET_EFM32WG_STK3800/TOOLCHAIN_ARM_STD/mbed.ar(TimerEvent.o)
    0x00005168   0x00005168   0x0000001c   Code   RO         4109    i._ZN4mbed10TimerEventD2Ev  mbed/TARGET_EFM32WG_STK3800/TOOLCHAIN_ARM_STD/mbed.ar(TimerEvent.o)
    0x00005184   0x00005184   0x00000048   Code   RO         3473    i._ZN4mbed14LowPowerTickerD1Ev  .\build\main.o
    0x000051cc   0x000051cc   0x00000050   Code   RO         4141    i._ZN4mbed5Timer4stopEv  mbed/TARGET_EFM32WG_STK3800/TOOLCHAIN_ARM_STD/mbed.ar(Timer.o)
    0x0000521c   0x0000521c   0x00000020   Code   RO         4142    i._ZN4mbed5Timer5resetEv  mbed/TARGET_EFM32WG_STK3800/TOOLCHAIN_ARM_STD/mbed.ar(Timer.o)
    0x0000523c   0x0000523c   0x0000002c   Code   RO         4143    i._ZN4mbed5Timer5startEv  mbed/TARGET_EFM32WG_STK3800/TOOLCHAIN_ARM_STD/mbed.ar(Timer.o)
    0x00005268   0x00005268   0x00000044   Code   RO         4144    i._ZN4mbed5Timer7read_msEv  mbed/TARGET_EFM32WG_STK3800/TOOLCHAIN_ARM_STD/mbed.ar(Timer.o)
    0x000052ac   0x000052ac   0x00000036   Code   RO         4148    i._ZN4mbed5TimerC1Ev  mbed/TARGET_EFM32WG_STK3800/TOOLCHAIN_ARM_STD/mbed.ar(Timer.o)
    0x000052e2   0x000052e2   0x00000024   Code   RO         4149    i._ZN4mbed5TimerD1Ev  mbed/TARGET_EFM32WG_STK3800/TOOLCHAIN_ARM_STD/mbed.ar(Timer.o)
    0x00005306   0x00005306   0x00000032   Code   RO         4075    i._ZN4mbed6Ticker5setupEy  mbed/TARGET_EFM32WG_STK3800/TOOLCHAIN_ARM_STD/mbed.ar(Ticker.o)
    0x00005338   0x00005338   0x00000064   Code   RO         4076    i._ZN4mbed6Ticker6detachEv  mbed/TARGET_EFM32WG_STK3800/TOOLCHAIN_ARM_STD/mbed.ar(Ticker.o)
    0x0000539c   0x0000539c   0x0000002a   Code   RO         4077    i._ZN4mbed6Ticker7handlerEv  mbed/TARGET_EFM32WG_STK3800/TOOLCHAIN_ARM_STD/mbed.ar(Ticker.o)
    0x000053c6   0x000053c6   0x0000005e   Code   RO         1754    i._ZN4mbed6Ticker9attach_usENS_8CallbackIFvvEEEy  .\build\skywire.o
    0x00005424   0x00005424   0x0000007c   Code   RO         3485    i._ZN4mbed6TickerC1EPK13ticker_data_t  .\build\main.o
    0x000054a0   0x000054a0   0x00000088   Code   RO         4089    i._ZN4mbed6TickerD1Ev  mbed/TARGET_EFM32WG_STK3800/TOOLCHAIN_ARM_STD/mbed.ar(Ticker.o)
    0x00005528   0x00005528   0x00000004   Code   RO         4377    i._ZN4mbed8FileBase11getPathTypeEv  mbed/TARGET_EFM32WG_STK3800/TOOLCHAIN_ARM_STD/mbed.ar(FileBase.o)
    0x0000552c   0x0000552c   0x0000006c   Code   RO         4379    i._ZN4mbed8FileBase6lookupEPKcj  mbed/TARGET_EFM32WG_STK3800/TOOLCHAIN_ARM_STD/mbed.ar(FileBase.o)
    0x00005598   0x00005598   0x0000001e   Code   RO         4282    i._ZN4mbed8FilePath10fileSystemEv  mbed/TARGET_EFM32WG_STK3800/TOOLCHAIN_ARM_STD/mbed.ar(FilePath.o)
    0x000055b6   0x000055b6   0x0000001c   Code   RO         4284    i._ZN4mbed8FilePath4fileEv  mbed/TARGET_EFM32WG_STK3800/TOOLCHAIN_ARM_STD/mbed.ar(FilePath.o)
    0x000055d2   0x000055d2   0x0000000a   Code   RO         4285    i._ZN4mbed8FilePath6existsEv  mbed/TARGET_EFM32WG_STK3800/TOOLCHAIN_ARM_STD/mbed.ar(FilePath.o)
    0x000055dc   0x000055dc   0x00000018   Code   RO         4286    i._ZN4mbed8FilePath6isFileEv  mbed/TARGET_EFM32WG_STK3800/TOOLCHAIN_ARM_STD/mbed.ar(FilePath.o)
    0x000055f4   0x000055f4   0x00000004   Code   RO         4287    i._ZN4mbed8FilePath8fileNameEv  mbed/TARGET_EFM32WG_STK3800/TOOLCHAIN_ARM_STD/mbed.ar(FilePath.o)
    0x000055f8   0x000055f8   0x00000040   Code   RO         4288    i._ZN4mbed8FilePathC1EPKc  mbed/TARGET_EFM32WG_STK3800/TOOLCHAIN_ARM_STD/mbed.ar(FilePath.o)
    0x00005638   0x00005638   0x00000018   Code   RO         3479    i._ZN4mbed9DigitalInC1E7PinName  .\build\main.o
    0x00005650   0x00005650   0x00000002   Code   RO         3924    i._ZN4mbed9RawSerial4lockEv  mbed/TARGET_EFM32WG_STK3800/TOOLCHAIN_ARM_STD/mbed.ar(RawSerial.o)
    0x00005652   0x00005652   0x00000002   Code   RO         3928    i._ZN4mbed9RawSerial6unlockEv  mbed/TARGET_EFM32WG_STK3800/TOOLCHAIN_ARM_STD/mbed.ar(RawSerial.o)
    0x00005654   0x00005654   0x00000010   Code   RO         3929    i._ZN4mbed9RawSerialC1E7PinNameS1_i  mbed/TARGET_EFM32WG_STK3800/TOOLCHAIN_ARM_STD/mbed.ar(RawSerial.o)
    0x00005664   0x00005664   0x00000048   Code   RO         1760    i._ZN8ATParserC1ER14BufferedSerialPKciib  .\build\skywire.o
    0x000056ac   0x000056ac   0x0000000e   Code   RO         1766    i._ZN8ATParserD1Ev  .\build\skywire.o
    0x000056ba   0x000056ba   0x0000000a   Code   RO         1018    i._ZdaPv            mbed/TARGET_EFM32WG_STK3800/TOOLCHAIN_ARM_STD/mbed_retarget.o
    0x000056c4   0x000056c4   0x00000034   Code   RO         1020    i._Znaj             mbed/TARGET_EFM32WG_STK3800/TOOLCHAIN_ARM_STD/mbed_retarget.o
    0x000056f8   0x000056f8   0x00000030   Code   RO         5146    i.__ARM_fpclassify  C:\Keil_v5\ARM\ARMCC\Bin\..\lib\armlib\m_wm.l(fpclassify.o)
    0x00005728   0x00005728   0x00000004   Code   RO         1024    i.__aeabi_atexit    mbed/TARGET_EFM32WG_STK3800/TOOLCHAIN_ARM_STD/mbed_retarget.o
    0x0000572c   0x0000572c   0x00000024   Code   RO         4721    i.__aeabi_vec_ctor_nocookie_nodtor  C:\Keil_v5\ARM\ARMCC\Bin\..\lib\cpplib\cpprt_w.l(aeabi_vec_ctor_nocookie_nodtor.o)
    0x00005750   0x00005750   0x00000006   Code   RO         4609    i.__cxa_pure_virtual  C:\Keil_v5\ARM\ARMCC\Bin\..\lib\cpplib\cpprt_w.l(pure_virt.o)
    0x00005756   0x00005756   0x00000002   PAD
    0x00005758   0x00005758   0x00000134   Code   RO         1626    i.__sti___11_skywire_cpp_6c2c5c7b  .\build\skywire.o
    0x0000588c   0x0000588c   0x0000007c   Code   RO         3428    i.__sti___8_main_cpp_myled0  .\build\main.o
    0x00005908   0x00005908   0x00000008   Code   RO         1027    i.__user_setup_stackheap  mbed/TARGET_EFM32WG_STK3800/TOOLCHAIN_ARM_STD/mbed_retarget.o
    0x00005910   0x00005910   0x0000000e   Code   RO         4535    i._is_digit         C:\Keil_v5\ARM\ARMCC\Bin\..\lib\armlib\c_w.l(__printf_wp.o)
    0x0000591e   0x0000591e   0x00000002   PAD
    0x00005920   0x00005920   0x00000010   Code   RO         1028    i._mbed_user_setup_stackheap  mbed/TARGET_EFM32WG_STK3800/TOOLCHAIN_ARM_STD/mbed_retarget.o
    0x00005930   0x00005930   0x0000001c   Code   RO         1163    i._platform_post_stackheap_init  mbed/TARGET_EFM32WG_STK3800/TOOLCHAIN_ARM_STD/mbed_sdk_boot.o
    0x0000594c   0x0000594c   0x0000004c   Code   RO         1029    i._sys_close        mbed/TARGET_EFM32WG_STK3800/TOOLCHAIN_ARM_STD/mbed_retarget.o
    0x00005998   0x00005998   0x0000004c   Code   RO         1032    i._sys_flen         mbed/TARGET_EFM32WG_STK3800/TOOLCHAIN_ARM_STD/mbed_retarget.o
    0x000059e4   0x000059e4   0x00000040   Code   RO         1033    i._sys_istty        mbed/TARGET_EFM32WG_STK3800/TOOLCHAIN_ARM_STD/mbed_retarget.o
    0x00005a24   0x00005a24   0x00000200   Code   RO         1034    i._sys_open         mbed/TARGET_EFM32WG_STK3800/TOOLCHAIN_ARM_STD/mbed_retarget.o
    0x00005c24   0x00005c24   0x00000050   Code   RO         1036    i._sys_seek         mbed/TARGET_EFM32WG_STK3800/TOOLCHAIN_ARM_STD/mbed_retarget.o
    0x00005c74   0x00005c74   0x0000007c   Code   RO         1037    i._sys_write        mbed/TARGET_EFM32WG_STK3800/TOOLCHAIN_ARM_STD/mbed_retarget.o
    0x00005cf0   0x00005cf0   0x00000020   Code   RO         1452    i.blockSleepMode    mbed/TARGET_EFM32WG_STK3800/TOOLCHAIN_ARM_STD/sleep.o
    0x00005d10   0x00005d10   0x0000001a   Code   RO         4332    i.core_util_atomic_decr_u16  mbed/TARGET_EFM32WG_STK3800/TOOLCHAIN_ARM_STD/mbed.ar(mbed_critical.o)
    0x00005d2a   0x00005d2a   0x0000001a   Code   RO         4336    i.core_util_atomic_incr_u16  mbed/TARGET_EFM32WG_STK3800/TOOLCHAIN_ARM_STD/mbed.ar(mbed_critical.o)
    0x00005d44   0x00005d44   0x000000c8   Code   RO         4339    i.core_util_critical_section_enter  mbed/TARGET_EFM32WG_STK3800/TOOLCHAIN_ARM_STD/mbed.ar(mbed_critical.o)
    0x00005e0c   0x00005e0c   0x00000094   Code   RO         4340    i.core_util_critical_section_exit  mbed/TARGET_EFM32WG_STK3800/TOOLCHAIN_ARM_STD/mbed.ar(mbed_critical.o)
    0x00005ea0   0x00005ea0   0x0000001c   Code   RO           41    i.dma_channel_free  mbed/TARGET_EFM32WG_STK3800/TOOLCHAIN_ARM_STD/dma_api.o
    0x00005ebc   0x00005ebc   0x00000028   Code   RO         4317    i.error             mbed/TARGET_EFM32WG_STK3800/TOOLCHAIN_ARM_STD/mbed.ar(mbed_error.o)
    0x00005ee4   0x00005ee4   0x00000020   Code   RO         1040    i.exit              mbed/TARGET_EFM32WG_STK3800/TOOLCHAIN_ARM_STD/mbed_retarget.o
    0x00005f04   0x00005f04   0x00000088   Code   RO          178    i.flashWaitStateMax  mbed/TARGET_EFM32WG_STK3800/TOOLCHAIN_ARM_STD/em_cmu.o
    0x00005f8c   0x00005f8c   0x00000008   Code   RO         4197    i.get_lp_ticker_data  mbed/TARGET_EFM32WG_STK3800/TOOLCHAIN_ARM_STD/mbed.ar(mbed_lp_ticker_api.o)
    0x00005f94   0x00005f94   0x00000008   Code   RO         4243    i.get_us_ticker_data  mbed/TARGET_EFM32WG_STK3800/TOOLCHAIN_ARM_STD/mbed.ar(mbed_us_ticker_api.o)
    0x00005f9c   0x00005f9c   0x0000003c   Code   RO          874    i.gpio_dir          mbed/TARGET_EFM32WG_STK3800/TOOLCHAIN_ARM_STD/gpio_api.o
    0x00005fd8   0x00005fd8   0x00000044   Code   RO          875    i.gpio_init         mbed/TARGET_EFM32WG_STK3800/TOOLCHAIN_ARM_STD/gpio_api.o
    0x0000601c   0x0000601c   0x00000028   Code   RO         4181    i.gpio_init_in      mbed/TARGET_EFM32WG_STK3800/TOOLCHAIN_ARM_STD/mbed.ar(mbed_gpio.o)
    0x00006044   0x00006044   0x00000036   Code   RO         4184    i.gpio_init_out     mbed/TARGET_EFM32WG_STK3800/TOOLCHAIN_ARM_STD/mbed.ar(mbed_gpio.o)
    0x0000607a   0x0000607a   0x00000036   Code   RO         4185    i.gpio_init_out_ex  mbed/TARGET_EFM32WG_STK3800/TOOLCHAIN_ARM_STD/mbed.ar(mbed_gpio.o)
    0x000060b0   0x000060b0   0x0000005a   Code   RO          877    i.gpio_mode         mbed/TARGET_EFM32WG_STK3800/TOOLCHAIN_ARM_STD/gpio_api.o
    0x0000610a   0x0000610a   0x00000028   Code   RO          880    i.gpio_write        mbed/TARGET_EFM32WG_STK3800/TOOLCHAIN_ARM_STD/gpio_api.o
    0x00006132   0x00006132   0x00000002   PAD
    0x00006134   0x00006134   0x00000038   Code   RO         1316    i.leuart0_irq       mbed/TARGET_EFM32WG_STK3800/TOOLCHAIN_ARM_STD/serial_api.o
    0x0000616c   0x0000616c   0x00000038   Code   RO         1317    i.leuart1_irq       mbed/TARGET_EFM32WG_STK3800/TOOLCHAIN_ARM_STD/serial_api.o
    0x000061a4   0x000061a4   0x0000009c   Code   RO          179    i.lfClkGet          mbed/TARGET_EFM32WG_STK3800/TOOLCHAIN_ARM_STD/em_cmu.o
    0x00006240   0x00006240   0x0000000c   Code   RO          987    i.lp_ticker_clear_interrupt  mbed/TARGET_EFM32WG_STK3800/TOOLCHAIN_ARM_STD/lp_ticker.o
    0x0000624c   0x0000624c   0x00000010   Code   RO          985    i.lp_ticker_disable_interrupt  mbed/TARGET_EFM32WG_STK3800/TOOLCHAIN_ARM_STD/lp_ticker.o
    0x0000625c   0x0000625c   0x0000000c   Code   RO          971    i.lp_ticker_fire_interrupt  mbed/TARGET_EFM32WG_STK3800/TOOLCHAIN_ARM_STD/lp_ticker.o
    0x00006268   0x00006268   0x00000030   Code   RO          973    i.lp_ticker_init    mbed/TARGET_EFM32WG_STK3800/TOOLCHAIN_ARM_STD/lp_ticker.o
    0x00006298   0x00006298   0x0000000c   Code   RO         4198    i.lp_ticker_irq_handler  mbed/TARGET_EFM32WG_STK3800/TOOLCHAIN_ARM_STD/mbed.ar(mbed_lp_ticker_api.o)
    0x000062a4   0x000062a4   0x00000050   Code   RO          974    i.lp_ticker_read    mbed/TARGET_EFM32WG_STK3800/TOOLCHAIN_ARM_STD/lp_ticker.o
    0x000062f4   0x000062f4   0x000000a8   Code   RO          975    i.lp_ticker_set_interrupt  mbed/TARGET_EFM32WG_STK3800/TOOLCHAIN_ARM_STD/lp_ticker.o
    0x0000639c   0x0000639c   0x00000060   Code   RO         3429    i.main              .\build\main.o
    0x000063fc   0x000063fc   0x00000054   Code   RO         4309    i.mbed_assert_internal  mbed/TARGET_EFM32WG_STK3800/TOOLCHAIN_ARM_STD/mbed.ar(mbed_assert.o)
    0x00006450   0x00006450   0x00000058   Code   RO          992    i.mbed_die          mbed/TARGET_EFM32WG_STK3800/TOOLCHAIN_ARM_STD/mbed_board.o
    0x000064a8   0x000064a8   0x00000054   Code   RO          993    i.mbed_error_printf  mbed/TARGET_EFM32WG_STK3800/TOOLCHAIN_ARM_STD/mbed_board.o
    0x000064fc   0x000064fc   0x00000050   Code   RO          994    i.mbed_error_vfprintf  mbed/TARGET_EFM32WG_STK3800/TOOLCHAIN_ARM_STD/mbed_board.o
    0x0000654c   0x0000654c   0x00000002   Code   RO         1165    i.mbed_main         mbed/TARGET_EFM32WG_STK3800/TOOLCHAIN_ARM_STD/mbed_sdk_boot.o
    0x0000654e   0x0000654e   0x00000002   PAD
    0x00006550   0x00006550   0x00000048   Code   RO         1004    i.mbed_sdk_init     mbed/TARGET_EFM32WG_STK3800/TOOLCHAIN_ARM_STD/mbed_overrides.o
    0x00006598   0x00006598   0x00000058   Code   RO         1209    i.pin_location      mbed/TARGET_EFM32WG_STK3800/TOOLCHAIN_ARM_STD/pinmap_function.o
    0x000065f0   0x000065f0   0x00000070   Code   RO         1198    i.pin_mode          mbed/TARGET_EFM32WG_STK3800/TOOLCHAIN_ARM_STD/pinmap.o
    0x00006660   0x00006660   0x0000003c   Code   RO         4213    i.pinmap_merge      mbed/TARGET_EFM32WG_STK3800/TOOLCHAIN_ARM_STD/mbed.ar(mbed_pinmap_common.o)
    0x0000669c   0x0000669c   0x0000005c   Code   RO         4214    i.pinmap_peripheral  mbed/TARGET_EFM32WG_STK3800/TOOLCHAIN_ARM_STD/mbed.ar(mbed_pinmap_common.o)
    0x000066f8   0x000066f8   0x00000088   Code   RO         1290    i.rtc_init_real     mbed/TARGET_EFM32WG_STK3800/TOOLCHAIN_ARM_STD/rtc_api.o
    0x00006780   0x00006780   0x0000000c   Code   RO         1294    i.rtc_set_comp0_handler  mbed/TARGET_EFM32WG_STK3800/TOOLCHAIN_ARM_STD/rtc_api.o
    0x0000678c   0x0000678c   0x00000066   Code   RO         4256    i.schedule_interrupt  mbed/TARGET_EFM32WG_STK3800/TOOLCHAIN_ARM_STD/mbed.ar(mbed_ticker_api.o)
    0x000067f2   0x000067f2   0x00000002   PAD
    0x000067f4   0x000067f4   0x000001e8   Code   RO         1318    i.serial_baud       mbed/TARGET_EFM32WG_STK3800/TOOLCHAIN_ARM_STD/serial_api.o
    0x000069dc   0x000069dc   0x00000074   Code   RO         1327    i.serial_get_rx_irq_index  mbed/TARGET_EFM32WG_STK3800/TOOLCHAIN_ARM_STD/serial_api.o
    0x00006a50   0x00006a50   0x00000074   Code   RO         1328    i.serial_get_tx_irq_index  mbed/TARGET_EFM32WG_STK3800/TOOLCHAIN_ARM_STD/serial_api.o
    0x00006ac4   0x00006ac4   0x00000020   Code   RO         1329    i.serial_getc       mbed/TARGET_EFM32WG_STK3800/TOOLCHAIN_ARM_STD/serial_api.o
    0x00006ae4   0x00006ae4   0x0000023c   Code   RO         1330    i.serial_init       mbed/TARGET_EFM32WG_STK3800/TOOLCHAIN_ARM_STD/serial_api.o
    0x00006d20   0x00006d20   0x0000006c   Code   RO         1332    i.serial_irq_handler  mbed/TARGET_EFM32WG_STK3800/TOOLCHAIN_ARM_STD/serial_api.o
    0x00006d8c   0x00006d8c   0x000000d4   Code   RO         1333    i.serial_irq_handler_asynch  mbed/TARGET_EFM32WG_STK3800/TOOLCHAIN_ARM_STD/serial_api.o
    0x00006e60   0x00006e60   0x000001bc   Code   RO         1334    i.serial_irq_set    mbed/TARGET_EFM32WG_STK3800/TOOLCHAIN_ARM_STD/serial_api.o
    0x0000701c   0x0000701c   0x000001c8   Code   RO         1336    i.serial_preinit    mbed/TARGET_EFM32WG_STK3800/TOOLCHAIN_ARM_STD/serial_api.o
    0x000071e4   0x000071e4   0x0000003c   Code   RO         1337    i.serial_putc       mbed/TARGET_EFM32WG_STK3800/TOOLCHAIN_ARM_STD/serial_api.o
    0x00007220   0x00007220   0x00000024   Code   RO         1341    i.serial_readable   mbed/TARGET_EFM32WG_STK3800/TOOLCHAIN_ARM_STD/serial_api.o
    0x00007244   0x00007244   0x000000c4   Code   RO         1343    i.serial_rx_abort_asynch_intern  mbed/TARGET_EFM32WG_STK3800/TOOLCHAIN_ARM_STD/serial_api.o
    0x00007308   0x00007308   0x00000224   Code   RO         1349    i.serial_rx_irq_handler_asynch  mbed/TARGET_EFM32WG_STK3800/TOOLCHAIN_ARM_STD/serial_api.o
    0x0000752c   0x0000752c   0x00000084   Code   RO         1351    i.serial_set_route  mbed/TARGET_EFM32WG_STK3800/TOOLCHAIN_ARM_STD/serial_api.o
    0x000075b0   0x000075b0   0x000000b0   Code   RO         1353    i.serial_tx_abort_asynch_intern  mbed/TARGET_EFM32WG_STK3800/TOOLCHAIN_ARM_STD/serial_api.o
    0x00007660   0x00007660   0x000000e4   Code   RO         1359    i.serial_tx_irq_handler_asynch  mbed/TARGET_EFM32WG_STK3800/TOOLCHAIN_ARM_STD/serial_api.o
    0x00007744   0x00007744   0x00000024   Code   RO         1361    i.serial_writable   mbed/TARGET_EFM32WG_STK3800/TOOLCHAIN_ARM_STD/serial_api.o
    0x00007768   0x00007768   0x0000003c   Code   RO          180    i.setHfLeConfig     mbed/TARGET_EFM32WG_STK3800/TOOLCHAIN_ARM_STD/em_cmu.o
    0x000077a4   0x000077a4   0x00000060   Code   RO         4229    i.sleep_manager_lock_deep_sleep  mbed/TARGET_EFM32WG_STK3800/TOOLCHAIN_ARM_STD/mbed.ar(mbed_sleep_manager.o)
    0x00007804   0x00007804   0x00000054   Code   RO         4231    i.sleep_manager_unlock_deep_sleep  mbed/TARGET_EFM32WG_STK3800/TOOLCHAIN_ARM_STD/mbed.ar(mbed_sleep_manager.o)
    0x00007858   0x00007858   0x00000070   Code   RO         4259    i.ticker_insert_event_us  mbed/TARGET_EFM32WG_STK3800/TOOLCHAIN_ARM_STD/mbed.ar(mbed_ticker_api.o)
    0x000078c8   0x000078c8   0x0000005c   Code   RO         4260    i.ticker_irq_handler  mbed/TARGET_EFM32WG_STK3800/TOOLCHAIN_ARM_STD/mbed.ar(mbed_ticker_api.o)
    0x00007924   0x00007924   0x0000003e   Code   RO         4261    i.ticker_read       mbed/TARGET_EFM32WG_STK3800/TOOLCHAIN_ARM_STD/mbed.ar(mbed_ticker_api.o)
    0x00007962   0x00007962   0x00000040   Code   RO         4262    i.ticker_read_us    mbed/TARGET_EFM32WG_STK3800/TOOLCHAIN_ARM_STD/mbed.ar(mbed_ticker_api.o)
    0x000079a2   0x000079a2   0x00000038   Code   RO         4263    i.ticker_remove_event  mbed/TARGET_EFM32WG_STK3800/TOOLCHAIN_ARM_STD/mbed.ar(mbed_ticker_api.o)
    0x000079da   0x000079da   0x0000003a   Code   RO         4264    i.ticker_set_handler  mbed/TARGET_EFM32WG_STK3800/TOOLCHAIN_ARM_STD/mbed.ar(mbed_ticker_api.o)
    0x00007a14   0x00007a14   0x0000000c   Code   RO         1365    i.uart0_rx_irq      mbed/TARGET_EFM32WG_STK3800/TOOLCHAIN_ARM_STD/serial_api.o
    0x00007a20   0x00007a20   0x00000018   Code   RO         1366    i.uart0_tx_irq      mbed/TARGET_EFM32WG_STK3800/TOOLCHAIN_ARM_STD/serial_api.o
    0x00007a38   0x00007a38   0x0000000c   Code   RO         1367    i.uart1_rx_irq      mbed/TARGET_EFM32WG_STK3800/TOOLCHAIN_ARM_STD/serial_api.o
    0x00007a44   0x00007a44   0x00000018   Code   RO         1368    i.uart1_tx_irq      mbed/TARGET_EFM32WG_STK3800/TOOLCHAIN_ARM_STD/serial_api.o
    0x00007a5c   0x00007a5c   0x00000070   Code   RO         1369    i.uart_irq          mbed/TARGET_EFM32WG_STK3800/TOOLCHAIN_ARM_STD/serial_api.o
    0x00007acc   0x00007acc   0x00000024   Code   RO         1455    i.unblockSleepMode  mbed/TARGET_EFM32WG_STK3800/TOOLCHAIN_ARM_STD/sleep.o
    0x00007af0   0x00007af0   0x00000028   Code   RO         4265    i.update_present_time  mbed/TARGET_EFM32WG_STK3800/TOOLCHAIN_ARM_STD/mbed.ar(mbed_ticker_api.o)
    0x00007b18   0x00007b18   0x0000000c   Code   RO         1558    i.us_ticker_clear_interrupt  mbed/TARGET_EFM32WG_STK3800/TOOLCHAIN_ARM_STD/us_ticker.o
    0x00007b24   0x00007b24   0x00000020   Code   RO         1559    i.us_ticker_disable_interrupt  mbed/TARGET_EFM32WG_STK3800/TOOLCHAIN_ARM_STD/us_ticker.o
    0x00007b44   0x00007b44   0x00000020   Code   RO         1560    i.us_ticker_fire_interrupt  mbed/TARGET_EFM32WG_STK3800/TOOLCHAIN_ARM_STD/us_ticker.o
    0x00007b64   0x00007b64   0x000000e4   Code   RO         1561    i.us_ticker_init    mbed/TARGET_EFM32WG_STK3800/TOOLCHAIN_ARM_STD/us_ticker.o
    0x00007c48   0x00007c48   0x0000000c   Code   RO         4244    i.us_ticker_irq_handler  mbed/TARGET_EFM32WG_STK3800/TOOLCHAIN_ARM_STD/mbed.ar(mbed_us_ticker_api.o)
    0x00007c54   0x00007c54   0x00000048   Code   RO         1562    i.us_ticker_irq_handler_internal  mbed/TARGET_EFM32WG_STK3800/TOOLCHAIN_ARM_STD/us_ticker.o
    0x00007c9c   0x00007c9c   0x00000058   Code   RO         1563    i.us_ticker_read    mbed/TARGET_EFM32WG_STK3800/TOOLCHAIN_ARM_STD/us_ticker.o
    0x00007cf4   0x00007cf4   0x000000d8   Code   RO         1564    i.us_ticker_set_interrupt  mbed/TARGET_EFM32WG_STK3800/TOOLCHAIN_ARM_STD/us_ticker.o
    0x00007dcc   0x00007dcc   0x0000000c   Code   RO         1370    i.usart0_rx_irq     mbed/TARGET_EFM32WG_STK3800/TOOLCHAIN_ARM_STD/serial_api.o
    0x00007dd8   0x00007dd8   0x00000018   Code   RO         1371    i.usart0_tx_irq     mbed/TARGET_EFM32WG_STK3800/TOOLCHAIN_ARM_STD/serial_api.o
    0x00007df0   0x00007df0   0x0000000c   Code   RO         1372    i.usart1_rx_irq     mbed/TARGET_EFM32WG_STK3800/TOOLCHAIN_ARM_STD/serial_api.o
    0x00007dfc   0x00007dfc   0x00000018   Code   RO         1373    i.usart1_tx_irq     mbed/TARGET_EFM32WG_STK3800/TOOLCHAIN_ARM_STD/serial_api.o
    0x00007e14   0x00007e14   0x0000000c   Code   RO         1374    i.usart2_rx_irq     mbed/TARGET_EFM32WG_STK3800/TOOLCHAIN_ARM_STD/serial_api.o
    0x00007e20   0x00007e20   0x00000018   Code   RO         1375    i.usart2_tx_irq     mbed/TARGET_EFM32WG_STK3800/TOOLCHAIN_ARM_STD/serial_api.o
    0x00007e38   0x00007e38   0x00000030   Code   RO         4365    i.wait              mbed/TARGET_EFM32WG_STK3800/TOOLCHAIN_ARM_STD/mbed.ar(mbed_wait_api_no_rtos.o)
    0x00007e68   0x00007e68   0x00000024   Code   RO         4366    i.wait_ms           mbed/TARGET_EFM32WG_STK3800/TOOLCHAIN_ARM_STD/mbed.ar(mbed_wait_api_no_rtos.o)
    0x00007e8c   0x00007e8c   0x0000002c   Code   RO         5098    locale$$code        C:\Keil_v5\ARM\ARMCC\Bin\..\lib\armlib\c_w.l(lc_numeric_c.o)
    0x00007eb8   0x00007eb8   0x0000002c   Code   RO         5178    locale$$code        C:\Keil_v5\ARM\ARMCC\Bin\..\lib\armlib\c_w.l(lc_ctype_c.o)
    0x00007ee4   0x00007ee4   0x0000002c   Code   RO         4404    t._ZN12SingletonPtrI13PlatformMutexEptEv  mbed/TARGET_EFM32WG_STK3800/TOOLCHAIN_ARM_STD/mbed.ar(FileBase.o)
    0x00007f10   0x00007f10   0x0000002a   Code   RO         2823    t._ZN4mbed10SerialBase6attachI14BufferedSerialEEvPT_MS3_FvvENS0_7IrqTypeE  .\build\bufferedserial.o
    0x00007f3a   0x00007f3a   0x00000030   Code   RO         2844    t._ZN4mbed8CallbackIFvvEE13function_callINS2_14method_contextI14BufferedSerialMS5_FvvEEEEEvPKv  .\build\bufferedserial.o
    0x00007f6a   0x00007f6a   0x0000000a   Code   RO         1785    t._ZN4mbed8CallbackIFvvEE13function_callIPS1_EEvPKv  .\build\skywire.o
    0x00007f74   0x00007f74   0x00000002   Code   RO         2856    t._ZN4mbed8CallbackIFvvEE13function_dtorINS2_14method_contextI14BufferedSerialMS5_FvvEEEEEvPv  .\build\bufferedserial.o
    0x00007f76   0x00007f76   0x00000002   Code   RO         1797    t._ZN4mbed8CallbackIFvvEE13function_dtorIPS1_EEvPv  .\build\skywire.o
    0x00007f78   0x00007f78   0x00000014   Code   RO         2850    t._ZN4mbed8CallbackIFvvEE13function_moveINS2_14method_contextI14BufferedSerialMS5_FvvEEEEEvPvPKv  .\build\bufferedserial.o
    0x00007f8c   0x00007f8c   0x0000000e   Code   RO         1791    t._ZN4mbed8CallbackIFvvEE13function_moveIPS1_EEvPvPKv  .\build\skywire.o
    0x00007f9a   0x00007f9a   0x00000002   PAD
    0x00007f9c   0x00007f9c   0x00000038   Code   RO         1730    t._ZN4mbed8CallbackIFvvEEC1EPS1_  .\build\skywire.o
    0x00007fd4   0x00007fd4   0x0000001c   Code   RO         1736    t._ZN4mbed8CallbackIFvvEEC1ERKS2_  .\build\skywire.o
    0x00007ff0   0x00007ff0   0x00000048   Code   RO         2835    t._ZN4mbed8CallbackIFvvEEC1I14BufferedSerialS4_EEPT0_MT_FvvE  .\build\bufferedserial.o
    0x00008038   0x00008038   0x00000012   Code   RO         4065    t._ZN4mbed8CallbackIFvvEED1Ev  mbed/TARGET_EFM32WG_STK3800/TOOLCHAIN_ARM_STD/mbed.ar(SerialBase.o)
    0x0000804a   0x0000804a   0x00000016   Code   RO         2817    t._ZN4mbed8callbackI14BufferedSerialS1_vEENS_8CallbackIFT1_vEEEPT0_MT_FS3_vE  .\build\bufferedserial.o
    0x00008060   0x00008060   0x00000036   Code   RO         4061    t._ZN6CThunkIN4mbed10SerialBaseEE10trampolineEPS1_PvPMS1_FvS4_E  mbed/TARGET_EFM32WG_STK3800/TOOLCHAIN_ARM_STD/mbed.ar(SerialBase.o)
    0x00008096   0x00008096   0x00000022   Code   RO         2805    t._ZN8MyBufferIcE3getEv  .\build\bufferedserial.o
    0x000080b8   0x000080b8   0x00000014   Code   RO         2629    t._ZN8MyBufferIcE5clearEv  .\build\mybuffer.o
    0x000080cc   0x000080cc   0x00000012   Code   RO         2829    t._ZN8MyBufferIcE9availableEv  .\build\bufferedserial.o
    0x000080de   0x000080de   0x0000001a   Code   RO         2635    t._ZN8MyBufferIcEC1Ej  .\build\mybuffer.o
    0x000080f8   0x000080f8   0x0000000e   Code   RO         2647    t._ZN8MyBufferIcED1Ev  .\build\mybuffer.o
    0x00008106   0x00008106   0x00000022   Code   RO         2811    t._ZN8MyBufferIcEaSEc  .\build\bufferedserial.o
    0x00008128   0x00008128   0x0000008c   Code   RO         4914    x$fpl$fnaninf       C:\Keil_v5\ARM\ARMCC\Bin\..\lib\armlib\fz_wm.l(fnaninf.o)
    0x000081b4   0x000081b4   0x0000000a   Code   RO         5050    x$fpl$fpinit        C:\Keil_v5\ARM\ARMCC\Bin\..\lib\armlib\fz_wm.l(fpinit.o)
    0x000081be   0x000081be   0x00000002   PAD
    0x000081c0   0x000081c0   0x0000005c   Code   RO         4724    x$fpl$llufromf      C:\Keil_v5\ARM\ARMCC\Bin\..\lib\armlib\fz_wm.l(ffixull.o)
    0x0000821c   0x0000821c   0x00000004   Code   RO         4916    x$fpl$printf1       C:\Keil_v5\ARM\ARMCC\Bin\..\lib\armlib\fz_wm.l(printf1.o)
    0x00008220   0x00008220   0x00000004   Code   RO         4918    x$fpl$printf2       C:\Keil_v5\ARM\ARMCC\Bin\..\lib\armlib\fz_wm.l(printf2.o)
    0x00008224   0x00008224   0x00000000   Code   RO         4926    x$fpl$usenofp       C:\Keil_v5\ARM\ARMCC\Bin\..\lib\armlib\fz_wm.l(usenofp.o)
    0x00008224   0x00008224   0x00000017   Data   RO         1092    .constdata          mbed/TARGET_EFM32WG_STK3800/TOOLCHAIN_ARM_STD/mbed_retarget.o
    0x0000823b   0x0000823b   0x00000001   PAD
    0x0000823c   0x0000823c   0x00000114   Data   RO         1189    .constdata          mbed/TARGET_EFM32WG_STK3800/TOOLCHAIN_ARM_STD/PeripheralPins.o
    0x00008350   0x00008350   0x00000114   Data   RO         1190    .constdata          mbed/TARGET_EFM32WG_STK3800/TOOLCHAIN_ARM_STD/PeripheralPins.o
    0x00008464   0x00008464   0x00000003   Data   RO         1296    .constdata          mbed/TARGET_EFM32WG_STK3800/TOOLCHAIN_ARM_STD/rtc_api.o
    0x00008467   0x00008467   0x00000001   PAD
    0x00008468   0x00008468   0x00000050   Data   RO         1377    .constdata          mbed/TARGET_EFM32WG_STK3800/TOOLCHAIN_ARM_STD/serial_api.o
    0x000084b8   0x000084b8   0x00000010   Data   RO         2741    .constdata          .\build\bufferedserial.o
    0x000084c8   0x000084c8   0x00000010   Data   RO         4018    .constdata          mbed/TARGET_EFM32WG_STK3800/TOOLCHAIN_ARM_STD/mbed.ar(SerialBase.o)
    0x000084d8   0x000084d8   0x00000018   Data   RO         4200    .constdata          mbed/TARGET_EFM32WG_STK3800/TOOLCHAIN_ARM_STD/mbed.ar(mbed_lp_ticker_api.o)
    0x000084f0   0x000084f0   0x00000008   Data   RO         4201    .constdata          mbed/TARGET_EFM32WG_STK3800/TOOLCHAIN_ARM_STD/mbed.ar(mbed_lp_ticker_api.o)
    0x000084f8   0x000084f8   0x00000018   Data   RO         4246    .constdata          mbed/TARGET_EFM32WG_STK3800/TOOLCHAIN_ARM_STD/mbed.ar(mbed_us_ticker_api.o)
    0x00008510   0x00008510   0x00000008   Data   RO         4247    .constdata          mbed/TARGET_EFM32WG_STK3800/TOOLCHAIN_ARM_STD/mbed.ar(mbed_us_ticker_api.o)
    0x00008518   0x00008518   0x00000028   Data   RO         4523    .constdata          C:\Keil_v5\ARM\ARMCC\Bin\..\lib\armlib\c_w.l(_printf_hex_int_ll_ptr.o)
    0x00008540   0x00008540   0x00000011   Data   RO         4543    .constdata          C:\Keil_v5\ARM\ARMCC\Bin\..\lib\armlib\c_w.l(__printf_flags_ss_wp.o)
    0x00008551   0x00008551   0x00000003   PAD
    0x00008554   0x00008554   0x00000008   Data   RO         4780    .constdata          C:\Keil_v5\ARM\ARMCC\Bin\..\lib\armlib\c_w.l(_printf_wctomb.o)
    0x0000855c   0x0000855c   0x00000026   Data   RO         4961    .constdata          C:\Keil_v5\ARM\ARMCC\Bin\..\lib\armlib\c_w.l(_printf_fp_hex.o)
    0x00008582   0x00008582   0x00000002   PAD
    0x00008584   0x00008584   0x00000094   Data   RO         5071    .constdata          C:\Keil_v5\ARM\ARMCC\Bin\..\lib\armlib\c_w.l(bigflt0.o)
    0x00008618   0x00008618   0x00000034   Data   RO         2804    .constdata__ZTV14BufferedSerial  .\build\bufferedserial.o
    0x0000864c   0x0000864c   0x00000018   Data   RO         4056    .constdata__ZTVN4mbed10SerialBaseE  mbed/TARGET_EFM32WG_STK3800/TOOLCHAIN_ARM_STD/mbed.ar(SerialBase.o)
    0x00008664   0x00008664   0x00000014   Data   RO         4131    .constdata__ZTVN4mbed10TimerEventE  mbed/TARGET_EFM32WG_STK3800/TOOLCHAIN_ARM_STD/mbed.ar(TimerEvent.o)
    0x00008678   0x00008678   0x00000014   Data   RO         3492    .constdata__ZTVN4mbed14LowPowerTickerE  .\build\main.o
    0x0000868c   0x0000868c   0x00000014   Data   RO         4088    .constdata__ZTVN4mbed6TickerE  mbed/TARGET_EFM32WG_STK3800/TOOLCHAIN_ARM_STD/mbed.ar(Ticker.o)
    0x000086a0   0x000086a0   0x00000018   Data   RO         3952    .constdata__ZTVN4mbed9RawSerialE  mbed/TARGET_EFM32WG_STK3800/TOOLCHAIN_ARM_STD/mbed.ar(RawSerial.o)
    0x000086b8   0x000086b8   0x00000014   Data   RO         1157    .constdata__ZZN12SingletonPtrI13PlatformMutexE3getEvEs  mbed/TARGET_EFM32WG_STK3800/TOOLCHAIN_ARM_STD/mbed_retarget.o
    0x000086cc   0x000086cc   0x00000048   Data   RO         1158    .constdata__ZZN12SingletonPtrI13PlatformMutexE3getEvEs_0  mbed/TARGET_EFM32WG_STK3800/TOOLCHAIN_ARM_STD/mbed_retarget.o
    0x00008714   0x00008714   0x0000000c   Data   RO         2842    .constdata__ZZN4mbed8CallbackIFvvEE8generateINS2_14method_contextI14BufferedSerialMS5_FvvEEEEEvRKT_E3ops  .\build\bufferedserial.o
    0x00008720   0x00008720   0x0000000c   Data   RO         1784    .constdata__ZZN4mbed8CallbackIFvvEE8generateIPS1_EEvRKT_E3ops  .\build\skywire.o
    0x0000872c   0x0000872c   0x00000059   Data   RO          881    .conststring        mbed/TARGET_EFM32WG_STK3800/TOOLCHAIN_ARM_STD/gpio_api.o
    0x00008785   0x00008785   0x00000003   PAD
    0x00008788   0x00008788   0x00000057   Data   RO         1199    .conststring        mbed/TARGET_EFM32WG_STK3800/TOOLCHAIN_ARM_STD/pinmap.o
    0x000087df   0x000087df   0x00000001   PAD
    0x000087e0   0x000087e0   0x000000af   Data   RO         1378    .conststring        mbed/TARGET_EFM32WG_STK3800/TOOLCHAIN_ARM_STD/serial_api.o
    0x0000888f   0x0000888f   0x00000001   PAD
    0x00008890   0x00008890   0x0000005a   Data   RO         1565    .conststring        mbed/TARGET_EFM32WG_STK3800/TOOLCHAIN_ARM_STD/us_ticker.o
    0x000088ea   0x000088ea   0x00000002   PAD
    0x000088ec   0x000088ec   0x00000016   Data   RO         1643    .conststring        .\build\skywire.o
    0x00008902   0x00008902   0x00000002   PAD
    0x00008904   0x00008904   0x00000020   Data   RO         5281    Region$$Table       anon$$obj.o
    0x00008924   0x00008924   0x0000001c   Data   RO         5097    locale$$data        C:\Keil_v5\ARM\ARMCC\Bin\..\lib\armlib\c_w.l(lc_numeric_c.o)
    0x00008940   0x00008940   0x00000110   Data   RO         5177    locale$$data        C:\Keil_v5\ARM\ARMCC\Bin\..\lib\armlib\c_w.l(lc_ctype_c.o)
    0x00008a50   0x00008a50   0x00000004   Data   RO         1645    .init_array         .\build\skywire.o
    0x00008a54   0x00008a50   0x00000004   Data   RO         3437    .init_array         .\build\main.o
    0x00008a58   0x00008a50   0x00000000   Data   RO         4604    .init_array         C:\Keil_v5\ARM\ARMCC\Bin\..\lib\armlib\c_w.l(init_aeabi.o)


    Execution Region RW_IRAM1 (Exec base: 0x200000e0, Load base: 0x00008a58, Size: 0x00001e80, Max: 0x00007f20, ABSOLUTE)

    Exec Addr    Load Addr    Size         Type   Attr      Idx    E Section Name        Object

    0x200000e0   0x00008a58   0x00000008   Data   RW           44    .data               mbed/TARGET_EFM32WG_STK3800/TOOLCHAIN_ARM_STD/dma_api.o
    0x200000e8   0x00008a60   0x0000000c   Data   RW          903    .data               mbed/TARGET_EFM32WG_STK3800/TOOLCHAIN_ARM_STD/gpio_irq_api.o
    0x200000f4   0x00008a6c   0x00000004   Data   RW          976    .data               mbed/TARGET_EFM32WG_STK3800/TOOLCHAIN_ARM_STD/lp_ticker.o
    0x200000f8   0x00008a70   0x00000008   Data   RW         1005    .data               mbed/TARGET_EFM32WG_STK3800/TOOLCHAIN_ARM_STD/mbed_overrides.o
    0x20000100   0x00008a78   0x00000010   Data   RW         1095    .data               mbed/TARGET_EFM32WG_STK3800/TOOLCHAIN_ARM_STD/mbed_retarget.o
    0x20000110   0x00008a88   0x00000004   Data   RW         1200    .data               mbed/TARGET_EFM32WG_STK3800/TOOLCHAIN_ARM_STD/pinmap.o
    0x20000114   0x00008a8c   0x00000014   Data   RW         1297    .data               mbed/TARGET_EFM32WG_STK3800/TOOLCHAIN_ARM_STD/rtc_api.o
    0x20000128   0x00008aa0   0x00000008   Data   RW         1379    .data               mbed/TARGET_EFM32WG_STK3800/TOOLCHAIN_ARM_STD/serial_api.o
    0x20000130   0x00008aa8   0x00000018   Data   RW         1566    .data               mbed/TARGET_EFM32WG_STK3800/TOOLCHAIN_ARM_STD/us_ticker.o
    0x20000148   0x00008ac0   0x0000000c   Data   RW         1595    .data               .\mbed\TARGET_EFM32WG_STK3800\TOOLCHAIN_ARM_STD\system_efm32wg.o
    0x20000154   0x00008acc   0x00000004   PAD
    0x20000158   0x00008ad0   0x00000050   Data   RW         1644    .data               .\build\skywire.o
    0x200001a8   0x00008b20   0x00000029   Data   RW         3436    .data               .\build\main.o
    0x200001d1   0x00008b49   0x00000001   PAD
    0x200001d2   0x00008b4a   0x00000002   Data   RW         4232    .data               mbed/TARGET_EFM32WG_STK3800/TOOLCHAIN_ARM_STD/mbed.ar(mbed_sleep_manager.o)
    0x200001d4   0x00008b4c   0x00000001   Data   RW         4318    .data               mbed/TARGET_EFM32WG_STK3800/TOOLCHAIN_ARM_STD/mbed.ar(mbed_error.o)
    0x200001d5   0x00008b4d   0x00000003   PAD
    0x200001d8   0x00008b50   0x00000008   Data   RW         4342    .data               mbed/TARGET_EFM32WG_STK3800/TOOLCHAIN_ARM_STD/mbed.ar(mbed_critical.o)
    0x200001e0   0x00008b58   0x0000000c   Data   RW         4391    .data               mbed/TARGET_EFM32WG_STK3800/TOOLCHAIN_ARM_STD/mbed.ar(FileBase.o)
    0x200001ec   0x00008b64   0x00000004   Data   RW         4574    .data               C:\Keil_v5\ARM\ARMCC\Bin\..\lib\armlib\c_w.l(stdio_streams.o)
    0x200001f0   0x00008b68   0x00000004   Data   RW         4575    .data               C:\Keil_v5\ARM\ARMCC\Bin\..\lib\armlib\c_w.l(stdio_streams.o)
    0x200001f4   0x00008b6c   0x00000004   Data   RW         4576    .data               C:\Keil_v5\ARM\ARMCC\Bin\..\lib\armlib\c_w.l(stdio_streams.o)
    0x200001f8        -       0x00000040   Zero   RW          901    .bss                mbed/TARGET_EFM32WG_STK3800/TOOLCHAIN_ARM_STD/gpio_irq_api.o
    0x20000238        -       0x00000144   Zero   RW         1091    .bss                mbed/TARGET_EFM32WG_STK3800/TOOLCHAIN_ARM_STD/mbed_retarget.o
    0x2000037c        -       0x0000008c   Zero   RW         1376    .bss                mbed/TARGET_EFM32WG_STK3800/TOOLCHAIN_ARM_STD/serial_api.o
    0x20000408        -       0x00000014   Zero   RW         1456    .bss                mbed/TARGET_EFM32WG_STK3800/TOOLCHAIN_ARM_STD/sleep.o
    0x2000041c   0x00008b70   0x00000004   PAD
    0x20000420        -       0x000009b8   Zero   RW         1642    .bss                .\build\skywire.o
    0x20000dd8        -       0x00000040   Zero   RW         3435    .bss                .\build\main.o
    0x20000e18        -       0x00000018   Zero   RW         4199    .bss                mbed/TARGET_EFM32WG_STK3800/TOOLCHAIN_ARM_STD/mbed.ar(mbed_lp_ticker_api.o)
    0x20000e30        -       0x00000018   Zero   RW         4245    .bss                mbed/TARGET_EFM32WG_STK3800/TOOLCHAIN_ARM_STD/mbed.ar(mbed_us_ticker_api.o)
    0x20000e48        -       0x00000004   Zero   RW         4414    .bss                C:\Keil_v5\ARM\ARMCC\Bin\..\lib\armlib\c_w.l(rt_errno_addr.o)
    0x20000e4c        -       0x00000054   Zero   RW         4571    .bss                C:\Keil_v5\ARM\ARMCC\Bin\..\lib\armlib\c_w.l(stdio_streams.o)
    0x20000ea0        -       0x00000054   Zero   RW         4572    .bss                C:\Keil_v5\ARM\ARMCC\Bin\..\lib\armlib\c_w.l(stdio_streams.o)
    0x20000ef4        -       0x00000054   Zero   RW         4573    .bss                C:\Keil_v5\ARM\ARMCC\Bin\..\lib\armlib\c_w.l(stdio_streams.o)
    0x20000f48        -       0x00000004   Zero   RW         4739    .bss                C:\Keil_v5\ARM\ARMCC\Bin\..\lib\armlib\c_w.l(rt_heap_descriptor.o)
    0x20000f4c        -       0x00000014   Zero   RW         5057    .bss                C:\Keil_v5\ARM\ARMCC\Bin\..\lib\armlib\c_w.l(rt_locale.o)
    0x20000f60        -       0x00000c00   Zero   RW         1578    HEAP                .\mbed\TARGET_EFM32WG_STK3800\TOOLCHAIN_ARM_STD\startup_efm32wg.o
    0x20001b60        -       0x00000400   Zero   RW         1577    STACK               .\mbed\TARGET_EFM32WG_STK3800\TOOLCHAIN_ARM_STD\startup_efm32wg.o


==============================================================================

Image component sizes


      Code (inc. data)   RO Data    RW Data    ZI Data      Debug   Object Name

         0          0        552          0          0          0   mbed/TARGET_EFM32WG_STK3800/TOOLCHAIN_ARM_STD/PeripheralPins.o
      1008        128         80          0          0      36400   .\build\bufferedserial.o
        28          6          0          8          0        116   mbed/TARGET_EFM32WG_STK3800/TOOLCHAIN_ARM_STD/dma_api.o
      2296        264          0          0          0       1340   mbed/TARGET_EFM32WG_STK3800/TOOLCHAIN_ARM_STD/em_cmu.o
       140         14          0          0          0        252   mbed/TARGET_EFM32WG_STK3800/TOOLCHAIN_ARM_STD/em_dma.o
       108          0          0          0          0        136   mbed/TARGET_EFM32WG_STK3800/TOOLCHAIN_ARM_STD/em_gpio.o
       400         42          0          0          0        728   mbed/TARGET_EFM32WG_STK3800/TOOLCHAIN_ARM_STD/em_leuart.o
        84         18          0          0          0        348   mbed/TARGET_EFM32WG_STK3800/TOOLCHAIN_ARM_STD/em_rtc.o
       124          0          0          0          0        116   mbed/TARGET_EFM32WG_STK3800/TOOLCHAIN_ARM_STD/em_timer.o
       364         28          0          0          0        608   mbed/TARGET_EFM32WG_STK3800/TOOLCHAIN_ARM_STD/em_usart.o
       258         26         89          0          0        476   mbed/TARGET_EFM32WG_STK3800/TOOLCHAIN_ARM_STD/gpio_api.o
       384         32          0         12         64        280   mbed/TARGET_EFM32WG_STK3800/TOOLCHAIN_ARM_STD/gpio_irq_api.o
       336         52          0          4          0        748   mbed/TARGET_EFM32WG_STK3800/TOOLCHAIN_ARM_STD/lp_ticker.o
       504         74         24         41         64     197891   .\build\main.o
       252         18          0          0          0        404   mbed/TARGET_EFM32WG_STK3800/TOOLCHAIN_ARM_STD/mbed_board.o
        72         18          0          8          0        128   mbed/TARGET_EFM32WG_STK3800/TOOLCHAIN_ARM_STD/mbed_overrides.o
      1054        120        115         16        324       1540   mbed/TARGET_EFM32WG_STK3800/TOOLCHAIN_ARM_STD/mbed_retarget.o
        44          4          0          0          0        368   mbed/TARGET_EFM32WG_STK3800/TOOLCHAIN_ARM_STD/mbed_sdk_boot.o
        60          0          0          0          0       3460   .\build\mybuffer.o
       112         26         87          4          0        136   mbed/TARGET_EFM32WG_STK3800/TOOLCHAIN_ARM_STD/pinmap.o
        88         30          0          0          0        124   mbed/TARGET_EFM32WG_STK3800/TOOLCHAIN_ARM_STD/pinmap_function.o
       200         42          3         20          0        360   mbed/TARGET_EFM32WG_STK3800/TOOLCHAIN_ARM_STD/rtc_api.o
      4360        502        255          8        140       3780   mbed/TARGET_EFM32WG_STK3800/TOOLCHAIN_ARM_STD/serial_api.o
      4168       1632         38         80       2488     241197   .\build\skywire.o
        68          8          0          0         20        256   mbed/TARGET_EFM32WG_STK3800/TOOLCHAIN_ARM_STD/sleep.o
        64         26        224          0       4096        292   .\mbed\TARGET_EFM32WG_STK3800\TOOLCHAIN_ARM_STD\startup_efm32wg.o
       516        126          0         12          0       1160   .\mbed\TARGET_EFM32WG_STK3800\TOOLCHAIN_ARM_STD\system_efm32wg.o
       680         92         90         24          0        864   mbed/TARGET_EFM32WG_STK3800/TOOLCHAIN_ARM_STD/us_ticker.o

    ----------------------------------------------------------------------
     17794       3328       1600        242       7200     493508   Object Totals
         0          0         32          0          0          0   (incl. Generated)
        22          0         11          5          4          0   (incl. Padding)

    ----------------------------------------------------------------------

      Code (inc. data)   RO Data    RW Data    ZI Data      Debug   Library Member Name

        60          8          0          0          0         84   C:\Keil_v5\ARM\ARMCC\Bin\..\lib\armlib\c_w.l(__0sscanf.o)
         8          0          0          0          0         68   C:\Keil_v5\ARM\ARMCC\Bin\..\lib\armlib\c_w.l(__main.o)
       392          4         17          0          0         92   C:\Keil_v5\ARM\ARMCC\Bin\..\lib\armlib\c_w.l(__printf_flags_ss_wp.o)
        14          0          0          0          0         68   C:\Keil_v5\ARM\ARMCC\Bin\..\lib\armlib\c_w.l(__printf_wp.o)
         0          0          0          0          0          0   C:\Keil_v5\ARM\ARMCC\Bin\..\lib\armlib\c_w.l(__rtentry.o)
        20          0          0          0          0          0   C:\Keil_v5\ARM\ARMCC\Bin\..\lib\armlib\c_w.l(__rtentry2.o)
         6          0          0          0          0          0   C:\Keil_v5\ARM\ARMCC\Bin\..\lib\armlib\c_w.l(__rtentry4.o)
        52          8          0          0          0          0   C:\Keil_v5\ARM\ARMCC\Bin\..\lib\armlib\c_w.l(__scatter.o)
        26          0          0          0          0          0   C:\Keil_v5\ARM\ARMCC\Bin\..\lib\armlib\c_w.l(__scatter_copy.o)
        28          0          0          0          0          0   C:\Keil_v5\ARM\ARMCC\Bin\..\lib\armlib\c_w.l(__scatter_zi.o)
        28          0          0          0          0         68   C:\Keil_v5\ARM\ARMCC\Bin\..\lib\armlib\c_w.l(_chval.o)
         6          0          0          0          0          0   C:\Keil_v5\ARM\ARMCC\Bin\..\lib\armlib\c_w.l(_printf_a.o)
         6          0          0          0          0          0   C:\Keil_v5\ARM\ARMCC\Bin\..\lib\armlib\c_w.l(_printf_c.o)
        44          0          0          0          0        108   C:\Keil_v5\ARM\ARMCC\Bin\..\lib\armlib\c_w.l(_printf_char.o)
        48          6          0          0          0         96   C:\Keil_v5\ARM\ARMCC\Bin\..\lib\armlib\c_w.l(_printf_char_common.o)
        40          0          0          0          0         68   C:\Keil_v5\ARM\ARMCC\Bin\..\lib\armlib\c_w.l(_printf_charcount.o)
         6          0          0          0          0          0   C:\Keil_v5\ARM\ARMCC\Bin\..\lib\armlib\c_w.l(_printf_d.o)
       120         16          0          0          0         92   C:\Keil_v5\ARM\ARMCC\Bin\..\lib\armlib\c_w.l(_printf_dec.o)
         6          0          0          0          0          0   C:\Keil_v5\ARM\ARMCC\Bin\..\lib\armlib\c_w.l(_printf_e.o)
         6          0          0          0          0          0   C:\Keil_v5\ARM\ARMCC\Bin\..\lib\armlib\c_w.l(_printf_f.o)
      1054          0          0          0          0        216   C:\Keil_v5\ARM\ARMCC\Bin\..\lib\armlib\c_w.l(_printf_fp_dec.o)
       764          8         38          0          0        100   C:\Keil_v5\ARM\ARMCC\Bin\..\lib\armlib\c_w.l(_printf_fp_hex.o)
       128         16          0          0          0         84   C:\Keil_v5\ARM\ARMCC\Bin\..\lib\armlib\c_w.l(_printf_fp_infnan.o)
         6          0          0          0          0          0   C:\Keil_v5\ARM\ARMCC\Bin\..\lib\armlib\c_w.l(_printf_g.o)
       148          4         40          0          0        160   C:\Keil_v5\ARM\ARMCC\Bin\..\lib\armlib\c_w.l(_printf_hex_int_ll_ptr.o)
         6          0          0          0          0          0   C:\Keil_v5\ARM\ARMCC\Bin\..\lib\armlib\c_w.l(_printf_i.o)
       178          0          0          0          0         88   C:\Keil_v5\ARM\ARMCC\Bin\..\lib\armlib\c_w.l(_printf_intcommon.o)
        10          0          0          0          0          0   C:\Keil_v5\ARM\ARMCC\Bin\..\lib\armlib\c_w.l(_printf_l.o)
         6          0          0          0          0          0   C:\Keil_v5\ARM\ARMCC\Bin\..\lib\armlib\c_w.l(_printf_lc.o)
        10          0          0          0          0          0   C:\Keil_v5\ARM\ARMCC\Bin\..\lib\armlib\c_w.l(_printf_ll.o)
         6          0          0          0          0          0   C:\Keil_v5\ARM\ARMCC\Bin\..\lib\armlib\c_w.l(_printf_lld.o)
         6          0          0          0          0          0   C:\Keil_v5\ARM\ARMCC\Bin\..\lib\armlib\c_w.l(_printf_lli.o)
         6          0          0          0          0          0   C:\Keil_v5\ARM\ARMCC\Bin\..\lib\armlib\c_w.l(_printf_llo.o)
         6          0          0          0          0          0   C:\Keil_v5\ARM\ARMCC\Bin\..\lib\armlib\c_w.l(_printf_llu.o)
         6          0          0          0          0          0   C:\Keil_v5\ARM\ARMCC\Bin\..\lib\armlib\c_w.l(_printf_llx.o)
       124         16          0          0          0         92   C:\Keil_v5\ARM\ARMCC\Bin\..\lib\armlib\c_w.l(_printf_longlong_dec.o)
         6          0          0          0          0          0   C:\Keil_v5\ARM\ARMCC\Bin\..\lib\armlib\c_w.l(_printf_ls.o)
         6          0          0          0          0          0   C:\Keil_v5\ARM\ARMCC\Bin\..\lib\armlib\c_w.l(_printf_n.o)
         6          0          0          0          0          0   C:\Keil_v5\ARM\ARMCC\Bin\..\lib\armlib\c_w.l(_printf_o.o)
       112         10          0          0          0        124   C:\Keil_v5\ARM\ARMCC\Bin\..\lib\armlib\c_w.l(_printf_oct_int_ll.o)
         6          0          0          0          0          0   C:\Keil_v5\ARM\ARMCC\Bin\..\lib\armlib\c_w.l(_printf_p.o)
        78          0          0          0          0        108   C:\Keil_v5\ARM\ARMCC\Bin\..\lib\armlib\c_w.l(_printf_pad.o)
         0          0          0          0          0          0   C:\Keil_v5\ARM\ARMCC\Bin\..\lib\armlib\c_w.l(_printf_percent.o)
         4          0          0          0          0          0   C:\Keil_v5\ARM\ARMCC\Bin\..\lib\armlib\c_w.l(_printf_percent_end.o)
         6          0          0          0          0          0   C:\Keil_v5\ARM\ARMCC\Bin\..\lib\armlib\c_w.l(_printf_s.o)
        82          0          0          0          0         80   C:\Keil_v5\ARM\ARMCC\Bin\..\lib\armlib\c_w.l(_printf_str.o)
        36          0          0          0          0         84   C:\Keil_v5\ARM\ARMCC\Bin\..\lib\armlib\c_w.l(_printf_truncate.o)
         6          0          0          0          0          0   C:\Keil_v5\ARM\ARMCC\Bin\..\lib\armlib\c_w.l(_printf_u.o)
        44          0          0          0          0        108   C:\Keil_v5\ARM\ARMCC\Bin\..\lib\armlib\c_w.l(_printf_wchar.o)
       188          6          8          0          0         92   C:\Keil_v5\ARM\ARMCC\Bin\..\lib\armlib\c_w.l(_printf_wctomb.o)
         6          0          0          0          0          0   C:\Keil_v5\ARM\ARMCC\Bin\..\lib\armlib\c_w.l(_printf_x.o)
       884          6          0          0          0        100   C:\Keil_v5\ARM\ARMCC\Bin\..\lib\armlib\c_w.l(_scanf.o)
       332          0          0          0          0         96   C:\Keil_v5\ARM\ARMCC\Bin\..\lib\armlib\c_w.l(_scanf_int.o)
       224          0          0          0          0         96   C:\Keil_v5\ARM\ARMCC\Bin\..\lib\armlib\c_w.l(_scanf_str.o)
        64          0          0          0          0         84   C:\Keil_v5\ARM\ARMCC\Bin\..\lib\armlib\c_w.l(_sgetc.o)
        16          0          0          0          0         68   C:\Keil_v5\ARM\ARMCC\Bin\..\lib\armlib\c_w.l(_snputc.o)
        10          0          0          0          0         68   C:\Keil_v5\ARM\ARMCC\Bin\..\lib\armlib\c_w.l(_sputc.o)
        64          0          0          0          0         92   C:\Keil_v5\ARM\ARMCC\Bin\..\lib\armlib\c_w.l(_wcrtomb.o)
       228          4        148          0          0         96   C:\Keil_v5\ARM\ARMCC\Bin\..\lib\armlib\c_w.l(bigflt0.o)
      1936        128          0          0          0        672   C:\Keil_v5\ARM\ARMCC\Bin\..\lib\armlib\c_w.l(btod.o)
        36          4          0          0          0         76   C:\Keil_v5\ARM\ARMCC\Bin\..\lib\armlib\c_w.l(c89vsprintf.o)
        10          0          0          0          0         68   C:\Keil_v5\ARM\ARMCC\Bin\..\lib\armlib\c_w.l(defsig_exit.o)
        50          0          0          0          0         88   C:\Keil_v5\ARM\ARMCC\Bin\..\lib\armlib\c_w.l(defsig_general.o)
        48         34          0          0          0         76   C:\Keil_v5\ARM\ARMCC\Bin\..\lib\armlib\c_w.l(defsig_pvfn_inner.o)
        14          0          0          0          0         80   C:\Keil_v5\ARM\ARMCC\Bin\..\lib\armlib\c_w.l(defsig_pvfn_outer.o)
        80         58          0          0          0         76   C:\Keil_v5\ARM\ARMCC\Bin\..\lib\armlib\c_w.l(defsig_rtmem_inner.o)
        14          0          0          0          0         80   C:\Keil_v5\ARM\ARMCC\Bin\..\lib\armlib\c_w.l(defsig_rtmem_outer.o)
        52         38          0          0          0         76   C:\Keil_v5\ARM\ARMCC\Bin\..\lib\armlib\c_w.l(defsig_rtred_inner.o)
        14          0          0          0          0         80   C:\Keil_v5\ARM\ARMCC\Bin\..\lib\armlib\c_w.l(defsig_rtred_outer.o)
        76          0          0          0          0         88   C:\Keil_v5\ARM\ARMCC\Bin\..\lib\armlib\c_w.l(fclose.o)
       100          4          0          0          0        120   C:\Keil_v5\ARM\ARMCC\Bin\..\lib\armlib\c_w.l(fflush.o)
       236          4          0          0          0        128   C:\Keil_v5\ARM\ARMCC\Bin\..\lib\armlib\c_w.l(fopen.o)
       248          6          0          0          0         84   C:\Keil_v5\ARM\ARMCC\Bin\..\lib\armlib\c_w.l(fseek.o)
        66          0          0          0          0         76   C:\Keil_v5\ARM\ARMCC\Bin\..\lib\armlib\c_w.l(ftell.o)
        94          0          0          0          0         80   C:\Keil_v5\ARM\ARMCC\Bin\..\lib\armlib\c_w.l(h1_alloc.o)
        52          0          0          0          0         68   C:\Keil_v5\ARM\ARMCC\Bin\..\lib\armlib\c_w.l(h1_extend.o)
        78          0          0          0          0         80   C:\Keil_v5\ARM\ARMCC\Bin\..\lib\armlib\c_w.l(h1_free.o)
        14          0          0          0          0         84   C:\Keil_v5\ARM\ARMCC\Bin\..\lib\armlib\c_w.l(h1_init.o)
         6          0          0          0          0        152   C:\Keil_v5\ARM\ARMCC\Bin\..\lib\armlib\c_w.l(heapauxi.o)
         4          0          0          0          0        136   C:\Keil_v5\ARM\ARMCC\Bin\..\lib\armlib\c_w.l(hguard.o)
         0          0          0          0          0          0   C:\Keil_v5\ARM\ARMCC\Bin\..\lib\armlib\c_w.l(indicate_semi.o)
        36         10          0          0          0         80   C:\Keil_v5\ARM\ARMCC\Bin\..\lib\armlib\c_w.l(init_aeabi.o)
       138          0          0          0          0        168   C:\Keil_v5\ARM\ARMCC\Bin\..\lib\armlib\c_w.l(init_alloc.o)
       312         46          0          0          0        112   C:\Keil_v5\ARM\ARMCC\Bin\..\lib\armlib\c_w.l(initio.o)
        18          0          0          0          0         76   C:\Keil_v5\ARM\ARMCC\Bin\..\lib\armlib\c_w.l(isspace.o)
        44         10        272          0          0         76   C:\Keil_v5\ARM\ARMCC\Bin\..\lib\armlib\c_w.l(lc_ctype_c.o)
        44         10         28          0          0         76   C:\Keil_v5\ARM\ARMCC\Bin\..\lib\armlib\c_w.l(lc_numeric_c.o)
         2          0          0          0          0          0   C:\Keil_v5\ARM\ARMCC\Bin\..\lib\armlib\c_w.l(libinit.o)
        50          0          0          0          0          0   C:\Keil_v5\ARM\ARMCC\Bin\..\lib\armlib\c_w.l(libinit2.o)
         0          0          0          0          0          0   C:\Keil_v5\ARM\ARMCC\Bin\..\lib\armlib\c_w.l(libshutdown2.o)
       138          0          0          0          0         80   C:\Keil_v5\ARM\ARMCC\Bin\..\lib\armlib\c_w.l(lludiv10.o)
       238          0          0          0          0        100   C:\Keil_v5\ARM\ARMCC\Bin\..\lib\armlib\c_w.l(lludivv7m.o)
         0          0          0          0          0          0   C:\Keil_v5\ARM\ARMCC\Bin\..\lib\armlib\c_w.l(maybetermalloc1.o)
        16          4          0          0          0         76   C:\Keil_v5\ARM\ARMCC\Bin\..\lib\armlib\c_w.l(rt_ctype_table.o)
         8          4          0          0          4         68   C:\Keil_v5\ARM\ARMCC\Bin\..\lib\armlib\c_w.l(rt_errno_addr.o)
         8          4          0          0          4         68   C:\Keil_v5\ARM\ARMCC\Bin\..\lib\armlib\c_w.l(rt_heap_descriptor.o)
         8          4          0          0         20         68   C:\Keil_v5\ARM\ARMCC\Bin\..\lib\armlib\c_w.l(rt_locale.o)
        68          0          0          0          0         68   C:\Keil_v5\ARM\ARMCC\Bin\..\lib\armlib\c_w.l(rt_memclr.o)
        78          0          0          0          0         80   C:\Keil_v5\ARM\ARMCC\Bin\..\lib\armlib\c_w.l(rt_memclr_w.o)
       100          0          0          0          0         80   C:\Keil_v5\ARM\ARMCC\Bin\..\lib\armlib\c_w.l(rt_memcpy_w.o)
        44          8          0          0          0         84   C:\Keil_v5\ARM\ARMCC\Bin\..\lib\armlib\c_w.l(scanf_char.o)
        70          0          0          0          0         80   C:\Keil_v5\ARM\ARMCC\Bin\..\lib\armlib\c_w.l(setvbuf.o)
       240          6          0          0          0        156   C:\Keil_v5\ARM\ARMCC\Bin\..\lib\armlib\c_w.l(stdio.o)
         0          0          0         12        252          0   C:\Keil_v5\ARM\ARMCC\Bin\..\lib\armlib\c_w.l(stdio_streams.o)
       128          0          0          0          0         68   C:\Keil_v5\ARM\ARMCC\Bin\..\lib\armlib\c_w.l(strcmpv7m.o)
        62          0          0          0          0         76   C:\Keil_v5\ARM\ARMCC\Bin\..\lib\armlib\c_w.l(strlen.o)
       150          0          0          0          0         80   C:\Keil_v5\ARM\ARMCC\Bin\..\lib\armlib\c_w.l(strncmp.o)
        12          4          0          0          0         68   C:\Keil_v5\ARM\ARMCC\Bin\..\lib\armlib\c_w.l(sys_exit.o)
        14          0          0          0          0         76   C:\Keil_v5\ARM\ARMCC\Bin\..\lib\armlib\c_w.l(sys_wrch.o)
         2          0          0          0          0         68   C:\Keil_v5\ARM\ARMCC\Bin\..\lib\armlib\c_w.l(use_no_semi.o)
        52          4          0          0          0         80   C:\Keil_v5\ARM\ARMCC\Bin\..\lib\armlib\c_w.l(vsnprintf.o)
        36          0          0          0          0         84   C:\Keil_v5\ARM\ARMCC\Bin\..\lib\cpplib\cpprt_w.l(aeabi_vec_ctor_nocookie_nodtor.o)
        34          0          0          0          0         84   C:\Keil_v5\ARM\ARMCC\Bin\..\lib\cpplib\cpprt_w.l(aeabi_vec_dtor_noexceptions.o)
         6          0          0          0          0         68   C:\Keil_v5\ARM\ARMCC\Bin\..\lib\cpplib\cpprt_w.l(pure_virt.o)
        92          4          0          0          0        132   C:\Keil_v5\ARM\ARMCC\Bin\..\lib\armlib\fz_wm.l(ffixull.o)
       140          4          0          0          0        132   C:\Keil_v5\ARM\ARMCC\Bin\..\lib\armlib\fz_wm.l(fnaninf.o)
        10          0          0          0          0        116   C:\Keil_v5\ARM\ARMCC\Bin\..\lib\armlib\fz_wm.l(fpinit.o)
         4          0          0          0          0        116   C:\Keil_v5\ARM\ARMCC\Bin\..\lib\armlib\fz_wm.l(printf1.o)
         4          0          0          0          0        116   C:\Keil_v5\ARM\ARMCC\Bin\..\lib\armlib\fz_wm.l(printf2.o)
         0          0          0          0          0          0   C:\Keil_v5\ARM\ARMCC\Bin\..\lib\armlib\fz_wm.l(usenofp.o)
        48          0          0          0          0        124   C:\Keil_v5\ARM\ARMCC\Bin\..\lib\armlib\m_wm.l(fpclassify.o)
       156         26          0         12          0        368   mbed/TARGET_EFM32WG_STK3800/TOOLCHAIN_ARM_STD/mbed.ar(FileBase.o)
       160          0          0          0          0        728   mbed/TARGET_EFM32WG_STK3800/TOOLCHAIN_ARM_STD/mbed.ar(FilePath.o)
        20          4         24          0          0        356   mbed/TARGET_EFM32WG_STK3800/TOOLCHAIN_ARM_STD/mbed.ar(RawSerial.o)
       952         34         40          0          0       1296   mbed/TARGET_EFM32WG_STK3800/TOOLCHAIN_ARM_STD/mbed.ar(SerialBase.o)
       328          6         20          0          0        536   mbed/TARGET_EFM32WG_STK3800/TOOLCHAIN_ARM_STD/mbed.ar(Ticker.o)
       314          0          0          0          0        768   mbed/TARGET_EFM32WG_STK3800/TOOLCHAIN_ARM_STD/mbed.ar(Timer.o)
       150         24         20          0          0        728   mbed/TARGET_EFM32WG_STK3800/TOOLCHAIN_ARM_STD/mbed.ar(TimerEvent.o)
        84         52          0          0          0        136   mbed/TARGET_EFM32WG_STK3800/TOOLCHAIN_ARM_STD/mbed.ar(mbed_assert.o)
       400        218          0          8          0        508   mbed/TARGET_EFM32WG_STK3800/TOOLCHAIN_ARM_STD/mbed.ar(mbed_critical.o)
        40          4          0          1          0        136   mbed/TARGET_EFM32WG_STK3800/TOOLCHAIN_ARM_STD/mbed.ar(mbed_error.o)
       148          0          0          0          0        416   mbed/TARGET_EFM32WG_STK3800/TOOLCHAIN_ARM_STD/mbed.ar(mbed_gpio.o)
        20         10         32          0         24        232   mbed/TARGET_EFM32WG_STK3800/TOOLCHAIN_ARM_STD/mbed.ar(mbed_lp_ticker_api.o)
       152         56          0          0          0        248   mbed/TARGET_EFM32WG_STK3800/TOOLCHAIN_ARM_STD/mbed.ar(mbed_pinmap_common.o)
       180         98          0          2          0        256   mbed/TARGET_EFM32WG_STK3800/TOOLCHAIN_ARM_STD/mbed.ar(mbed_sleep_manager.o)
       586          0          0          0          0       1056   mbed/TARGET_EFM32WG_STK3800/TOOLCHAIN_ARM_STD/mbed.ar(mbed_ticker_api.o)
        20         10         32          0         24        232   mbed/TARGET_EFM32WG_STK3800/TOOLCHAIN_ARM_STD/mbed.ar(mbed_us_ticker_api.o)
        84          4          0          0          0        256   mbed/TARGET_EFM32WG_STK3800/TOOLCHAIN_ARM_STD/mbed.ar(mbed_wait_api_no_rtos.o)

    ----------------------------------------------------------------------
     15298       1056        724         38        328      16588   Library Totals
        34          0          5          3          0          0   (incl. Padding)

    ----------------------------------------------------------------------

      Code (inc. data)   RO Data    RW Data    ZI Data      Debug   Library Name

     11096        502        551         12        280       7360   C:\Keil_v5\ARM\ARMCC\Bin\..\lib\armlib\c_w.l
        76          0          0          0          0        236   C:\Keil_v5\ARM\ARMCC\Bin\..\lib\cpplib\cpprt_w.l
       250          8          0          0          0        612   C:\Keil_v5\ARM\ARMCC\Bin\..\lib\armlib\fz_wm.l
        48          0          0          0          0        124   C:\Keil_v5\ARM\ARMCC\Bin\..\lib\armlib\m_wm.l
      3794        546        168         23         48       8256   mbed/TARGET_EFM32WG_STK3800/TOOLCHAIN_ARM_STD/mbed.ar

    ----------------------------------------------------------------------
     15298       1056        724         38        328      16588   Library Totals

    ----------------------------------------------------------------------

==============================================================================


      Code (inc. data)   RO Data    RW Data    ZI Data      Debug   

     33092       4384       2324        280       7528     482980   Grand Totals
     33092       4384       2324        280       7528     482980   ELF Image Totals
     33092       4384       2324        280          0          0   ROM Totals

==============================================================================

    Total RO  Size (Code + RO Data)                35416 (  34.59kB)
    Total RW  Size (RW Data + ZI Data)              7808 (   7.63kB)
    Total ROM Size (Code + RO Data + RW Data)      35696 (  34.86kB)

==============================================================================

