Component: ARM Compiler 5.06 update 5 (build 528) Tool: armlink [4d35e2]

==============================================================================

Section Cross References

    mbed/TARGET_EFM32WG_STK3800/TOOLCHAIN_ARM_STD/analogin_api.o(i.analogin_init) refers to mbed/TARGET_EFM32WG_STK3800/TOOLCHAIN_ARM_STD/mbed.ar(mbed_pinmap_common.o)(i.pinmap_peripheral) for pinmap_peripheral
    mbed/TARGET_EFM32WG_STK3800/TOOLCHAIN_ARM_STD/analogin_api.o(i.analogin_init) refers to mbed/TARGET_EFM32WG_STK3800/TOOLCHAIN_ARM_STD/mbed.ar(mbed_assert.o)(i.mbed_assert_internal) for mbed_assert_internal
    mbed/TARGET_EFM32WG_STK3800/TOOLCHAIN_ARM_STD/analogin_api.o(i.analogin_init) refers to mbed/TARGET_EFM32WG_STK3800/TOOLCHAIN_ARM_STD/pinmap_function.o(i.pin_location) for pin_location
    mbed/TARGET_EFM32WG_STK3800/TOOLCHAIN_ARM_STD/analogin_api.o(i.analogin_init) refers to mbed/TARGET_EFM32WG_STK3800/TOOLCHAIN_ARM_STD/em_cmu.o(i.CMU_ClockEnable) for CMU_ClockEnable
    mbed/TARGET_EFM32WG_STK3800/TOOLCHAIN_ARM_STD/analogin_api.o(i.analogin_init) refers to mbed/TARGET_EFM32WG_STK3800/TOOLCHAIN_ARM_STD/em_adc.o(i.ADC_Init) for ADC_Init
    mbed/TARGET_EFM32WG_STK3800/TOOLCHAIN_ARM_STD/analogin_api.o(i.analogin_init) refers to mbed/TARGET_EFM32WG_STK3800/TOOLCHAIN_ARM_STD/em_adc.o(i.ADC_InitSingle) for ADC_InitSingle
    mbed/TARGET_EFM32WG_STK3800/TOOLCHAIN_ARM_STD/analogin_api.o(i.analogin_init) refers to mbed/TARGET_EFM32WG_STK3800/TOOLCHAIN_ARM_STD/PeripheralPins.o(.constdata) for PinMap_ADC
    mbed/TARGET_EFM32WG_STK3800/TOOLCHAIN_ARM_STD/analogin_api.o(i.analogin_init) refers to mbed/TARGET_EFM32WG_STK3800/TOOLCHAIN_ARM_STD/analogin_api.o(.conststring) for .conststring
    mbed/TARGET_EFM32WG_STK3800/TOOLCHAIN_ARM_STD/analogin_api.o(i.analogin_init) refers to mbed/TARGET_EFM32WG_STK3800/TOOLCHAIN_ARM_STD/analogin_api.o(.data) for .data
    mbed/TARGET_EFM32WG_STK3800/TOOLCHAIN_ARM_STD/analogin_api.o(i.analogin_init) refers to mbed/TARGET_EFM32WG_STK3800/TOOLCHAIN_ARM_STD/analogin_api.o(.constdata) for .constdata
    mbed/TARGET_EFM32WG_STK3800/TOOLCHAIN_ARM_STD/analogout_api.o(i.analogout_free) refers to mbed/TARGET_EFM32WG_STK3800/TOOLCHAIN_ARM_STD/em_dac.o(i.DAC_InitChannel) for DAC_InitChannel
    mbed/TARGET_EFM32WG_STK3800/TOOLCHAIN_ARM_STD/analogout_api.o(i.analogout_free) refers to mbed/TARGET_EFM32WG_STK3800/TOOLCHAIN_ARM_STD/em_cmu.o(i.CMU_ClockEnable) for CMU_ClockEnable
    mbed/TARGET_EFM32WG_STK3800/TOOLCHAIN_ARM_STD/analogout_api.o(i.analogout_free) refers to mbed/TARGET_EFM32WG_STK3800/TOOLCHAIN_ARM_STD/analogout_api.o(.data) for .data
    mbed/TARGET_EFM32WG_STK3800/TOOLCHAIN_ARM_STD/analogout_api.o(i.analogout_init) refers to mbed/TARGET_EFM32WG_STK3800/TOOLCHAIN_ARM_STD/mbed.ar(mbed_pinmap_common.o)(i.pinmap_peripheral) for pinmap_peripheral
    mbed/TARGET_EFM32WG_STK3800/TOOLCHAIN_ARM_STD/analogout_api.o(i.analogout_init) refers to mbed/TARGET_EFM32WG_STK3800/TOOLCHAIN_ARM_STD/mbed.ar(mbed_assert.o)(i.mbed_assert_internal) for mbed_assert_internal
    mbed/TARGET_EFM32WG_STK3800/TOOLCHAIN_ARM_STD/analogout_api.o(i.analogout_init) refers to mbed/TARGET_EFM32WG_STK3800/TOOLCHAIN_ARM_STD/pinmap_function.o(i.pin_location) for pin_location
    mbed/TARGET_EFM32WG_STK3800/TOOLCHAIN_ARM_STD/analogout_api.o(i.analogout_init) refers to mbed/TARGET_EFM32WG_STK3800/TOOLCHAIN_ARM_STD/pinmap.o(i.pin_mode) for pin_mode
    mbed/TARGET_EFM32WG_STK3800/TOOLCHAIN_ARM_STD/analogout_api.o(i.analogout_init) refers to mbed/TARGET_EFM32WG_STK3800/TOOLCHAIN_ARM_STD/em_cmu.o(i.CMU_ClockEnable) for CMU_ClockEnable
    mbed/TARGET_EFM32WG_STK3800/TOOLCHAIN_ARM_STD/analogout_api.o(i.analogout_init) refers to mbed/TARGET_EFM32WG_STK3800/TOOLCHAIN_ARM_STD/em_dac.o(i.DAC_PrescaleCalc) for DAC_PrescaleCalc
    mbed/TARGET_EFM32WG_STK3800/TOOLCHAIN_ARM_STD/analogout_api.o(i.analogout_init) refers to mbed/TARGET_EFM32WG_STK3800/TOOLCHAIN_ARM_STD/em_dac.o(i.DAC_Init) for DAC_Init
    mbed/TARGET_EFM32WG_STK3800/TOOLCHAIN_ARM_STD/analogout_api.o(i.analogout_init) refers to mbed/TARGET_EFM32WG_STK3800/TOOLCHAIN_ARM_STD/em_dac.o(i.DAC_InitChannel) for DAC_InitChannel
    mbed/TARGET_EFM32WG_STK3800/TOOLCHAIN_ARM_STD/analogout_api.o(i.analogout_init) refers to mbed/TARGET_EFM32WG_STK3800/TOOLCHAIN_ARM_STD/PeripheralPins.o(.constdata) for PinMap_DAC
    mbed/TARGET_EFM32WG_STK3800/TOOLCHAIN_ARM_STD/analogout_api.o(i.analogout_init) refers to mbed/TARGET_EFM32WG_STK3800/TOOLCHAIN_ARM_STD/analogout_api.o(.conststring) for .conststring
    mbed/TARGET_EFM32WG_STK3800/TOOLCHAIN_ARM_STD/analogout_api.o(i.analogout_init) refers to mbed/TARGET_EFM32WG_STK3800/TOOLCHAIN_ARM_STD/analogout_api.o(.data) for .data
    mbed/TARGET_EFM32WG_STK3800/TOOLCHAIN_ARM_STD/analogout_api.o(i.analogout_init) refers to mbed/TARGET_EFM32WG_STK3800/TOOLCHAIN_ARM_STD/analogout_api.o(.constdata) for .constdata
[...]
    0x000001da   0x000001da   0x00000006   Code   RO         3902    .ARM.Collect$$_printf_percent$$00000016  C:\Keil_v5\ARM\ARMCC\Bin\..\lib\armlib\c_w.l(_printf_ls.o)
    0x000001e0   0x000001e0   0x00000004   Code   RO         4072    .ARM.Collect$$_printf_percent$$00000017  C:\Keil_v5\ARM\ARMCC\Bin\..\lib\armlib\c_w.l(_printf_percent_end.o)
    0x000001e4   0x000001e4   0x00000002   Code   RO         4235    .ARM.Collect$$libinit$$00000000  C:\Keil_v5\ARM\ARMCC\Bin\..\lib\armlib\c_w.l(libinit.o)
    0x000001e6   0x000001e6   0x00000004   Code   RO         3948    .ARM.Collect$$libinit$$00000001  C:\Keil_v5\ARM\ARMCC\Bin\..\lib\armlib\c_w.l(libinit2.o)
    0x000001ea   0x000001ea   0x00000000   Code   RO         3951    .ARM.Collect$$libinit$$00000004  C:\Keil_v5\ARM\ARMCC\Bin\..\lib\armlib\c_w.l(libinit2.o)
    0x000001ea   0x000001ea   0x00000008   Code   RO         3952    .ARM.Collect$$libinit$$00000005  C:\Keil_v5\ARM\ARMCC\Bin\..\lib\armlib\c_w.l(libinit2.o)
    0x000001f2   0x000001f2   0x00000000   Code   RO         3954    .ARM.Collect$$libinit$$0000000A  C:\Keil_v5\ARM\ARMCC\Bin\..\lib\armlib\c_w.l(libinit2.o)
    0x000001f2   0x000001f2   0x00000000   Code   RO         3956    .ARM.Collect$$libinit$$0000000C  C:\Keil_v5\ARM\ARMCC\Bin\..\lib\armlib\c_w.l(libinit2.o)
    0x000001f2   0x000001f2   0x00000000   Code   RO         3958    .ARM.Collect$$libinit$$0000000E  C:\Keil_v5\ARM\ARMCC\Bin\..\lib\armlib\c_w.l(libinit2.o)
    0x000001f2   0x000001f2   0x00000006   Code   RO         3959    .ARM.Collect$$libinit$$0000000F  C:\Keil_v5\ARM\ARMCC\Bin\..\lib\armlib\c_w.l(libinit2.o)
    0x000001f8   0x000001f8   0x00000000   Code   RO         3961    .ARM.Collect$$libinit$$00000011  C:\Keil_v5\ARM\ARMCC\Bin\..\lib\armlib\c_w.l(libinit2.o)
    0x000001f8   0x000001f8   0x0000000c   Code   RO         3962    .ARM.Collect$$libinit$$00000012  C:\Keil_v5\ARM\ARMCC\Bin\..\lib\armlib\c_w.l(libinit2.o)
    0x00000204   0x00000204   0x00000000   Code   RO         3963    .ARM.Collect$$libinit$$00000013  C:\Keil_v5\ARM\ARMCC\Bin\..\lib\armlib\c_w.l(libinit2.o)
    0x00000204   0x00000204   0x00000000   Code   RO         3965    .ARM.Collect$$libinit$$00000015  C:\Keil_v5\ARM\ARMCC\Bin\..\lib\armlib\c_w.l(libinit2.o)
    0x00000204   0x00000204   0x0000000a   Code   RO         3966    .ARM.Collect$$libinit$$00000016  C:\Keil_v5\ARM\ARMCC\Bin\..\lib\armlib\c_w.l(libinit2.o)
    0x0000020e   0x0000020e   0x00000000   Code   RO         3967    .ARM.Collect$$libinit$$00000017  C:\Keil_v5\ARM\ARMCC\Bin\..\lib\armlib\c_w.l(libinit2.o)
    0x0000020e   0x0000020e   0x00000000   Code   RO         3969    .ARM.Collect$$libinit$$00000019  C:\Keil_v5\ARM\ARMCC\Bin\..\lib\armlib\c_w.l(libinit2.o)
    0x0000020e   0x0000020e   0x00000000   Code   RO         3971    .ARM.Collect$$libinit$$0000001B  C:\Keil_v5\ARM\ARMCC\Bin\..\lib\armlib\c_w.l(libinit2.o)
    0x0000020e   0x0000020e   0x00000000   Code   RO         3973    .ARM.Collect$$libinit$$0000001D  C:\Keil_v5\ARM\ARMCC\Bin\..\lib\armlib\c_w.l(libinit2.o)
    0x0000020e   0x0000020e   0x00000000   Code   RO         3975    .ARM.Collect$$libinit$$0000001F  C:\Keil_v5\ARM\ARMCC\Bin\..\lib\armlib\c_w.l(libinit2.o)
    0x0000020e   0x0000020e   0x00000000   Code   RO         3977    .ARM.Collect$$libinit$$00000021  C:\Keil_v5\ARM\ARMCC\Bin\..\lib\armlib\c_w.l(libinit2.o)
    0x0000020e   0x0000020e   0x00000000   Code   RO         3979    .ARM.Collect$$libinit$$00000023  C:\Keil_v5\ARM\ARMCC\Bin\..\lib\armlib\c_w.l(libinit2.o)
    0x0000020e   0x0000020e   0x00000004   Code   RO         3980    .ARM.Collect$$libinit$$00000024  C:\Keil_v5\ARM\ARMCC\Bin\..\lib\armlib\c_w.l(libinit2.o)
    0x00000212   0x00000212   0x00000000   Code   RO         3981    .ARM.Collect$$libinit$$00000025  C:\Keil_v5\ARM\ARMCC\Bin\..\lib\armlib\c_w.l(libinit2.o)
    0x00000212   0x00000212   0x00000000   Code   RO         3985    .ARM.Collect$$libinit$$0000002C  C:\Keil_v5\ARM\ARMCC\Bin\..\lib\armlib\c_w.l(libinit2.o)
    0x00000212   0x00000212   0x00000000   Code   RO         3987    .ARM.Collect$$libinit$$0000002E  C:\Keil_v5\ARM\ARMCC\Bin\..\lib\armlib\c_w.l(libinit2.o)
    0x00000212   0x00000212   0x00000000   Code   RO         3989    .ARM.Collect$$libinit$$00000030  C:\Keil_v5\ARM\ARMCC\Bin\..\lib\armlib\c_w.l(libinit2.o)
    0x00000212   0x00000212   0x00000004   Code   RO         3990    .ARM.Collect$$libinit$$00000031  C:\Keil_v5\ARM\ARMCC\Bin\..\lib\armlib\c_w.l(libinit2.o)
    0x00000216   0x00000216   0x00000000   Code   RO         3991    .ARM.Collect$$libinit$$00000032  C:\Keil_v5\ARM\ARMCC\Bin\..\lib\armlib\c_w.l(libinit2.o)
    0x00000216   0x00000216   0x00000002   Code   RO         3992    .ARM.Collect$$libinit$$00000033  C:\Keil_v5\ARM\ARMCC\Bin\..\lib\armlib\c_w.l(libinit2.o)
    0x00000218   0x00000218   0x00000000   Code   RO         4133    .ARM.Collect$$libshutdown$$00000004  C:\Keil_v5\ARM\ARMCC\Bin\..\lib\armlib\c_w.l(libshutdown2.o)
    0x00000218   0x00000218   0x00000000   Code   RO         3780    .ARM.Collect$$rtentry$$00000000  C:\Keil_v5\ARM\ARMCC\Bin\..\lib\armlib\c_w.l(__rtentry.o)
    0x00000218   0x00000218   0x00000000   Code   RO         4027    .ARM.Collect$$rtentry$$00000002  C:\Keil_v5\ARM\ARMCC\Bin\..\lib\armlib\c_w.l(__rtentry2.o)
    0x00000218   0x00000218   0x00000006   Code   RO         4039    .ARM.Collect$$rtentry$$00000004  C:\Keil_v5\ARM\ARMCC\Bin\..\lib\armlib\c_w.l(__rtentry4.o)
    0x0000021e   0x0000021e   0x00000008   Code   RO         4028    .ARM.Collect$$rtentry$$00000008  C:\Keil_v5\ARM\ARMCC\Bin\..\lib\armlib\c_w.l(__rtentry2.o)
    0x00000226   0x00000226   0x00000004   Code   RO         4030    .ARM.Collect$$rtentry$$0000000A  C:\Keil_v5\ARM\ARMCC\Bin\..\lib\armlib\c_w.l(__rtentry2.o)
    0x0000022a   0x0000022a   0x00000000   Code   RO         4032    .ARM.Collect$$rtentry$$0000000C  C:\Keil_v5\ARM\ARMCC\Bin\..\lib\armlib\c_w.l(__rtentry2.o)
    0x0000022a   0x0000022a   0x00000008   Code   RO         4033    .ARM.Collect$$rtentry$$0000000D  C:\Keil_v5\ARM\ARMCC\Bin\..\lib\armlib\c_w.l(__rtentry2.o)
    0x00000232   0x00000232   0x00000002   PAD
    0x00000234   0x00000234   0x00000000   Code   RO         4047    .emb_text           C:\Keil_v5\ARM\ARMCC\Bin\..\lib\armlib\c_w.l(maybetermalloc1.o)
    0x00000234   0x00000234   0x00000040   Code   RO         1580    .text               .\mbed\TARGET_EFM32WG_STK3800\TOOLCHAIN_ARM_STD\startup_efm32wg.o
    0x00000274   0x00000274   0x00000008   Code   RO         3515    .text               C:\Keil_v5\ARM\ARMCC\Bin\..\lib\armlib\c_w.l(rt_errno_addr.o)
    0x0000027c   0x0000027c   0x0000005e   Code   RO         3524    .text               C:\Keil_v5\ARM\ARMCC\Bin\..\lib\armlib\c_w.l(h1_alloc.o)
    0x000002da   0x000002da   0x0000004e   Code   RO         3526    .text               C:\Keil_v5\ARM\ARMCC\Bin\..\lib\armlib\c_w.l(h1_free.o)
    0x00000328   0x00000328   0x000000ee   Code   RO         3582    .text               C:\Keil_v5\ARM\ARMCC\Bin\..\lib\armlib\c_w.l(lludivv7m.o)
    0x00000416   0x00000416   0x00000002   PAD
    0x00000418   0x00000418   0x00000034   Code   RO         3584    .text               C:\Keil_v5\ARM\ARMCC\Bin\..\lib\armlib\c_w.l(vsnprintf.o)
    0x0000044c   0x0000044c   0x0000000a   Code   RO         3586    .text               C:\Keil_v5\ARM\ARMCC\Bin\..\lib\armlib\c_w.l(c89vfprintf.o)
    0x00000456   0x00000456   0x00000002   PAD
    0x00000458   0x00000458   0x0000003c   Code   RO         3594    .text               C:\Keil_v5\ARM\ARMCC\Bin\..\lib\armlib\c_w.l(__0sscanf.o)
    0x00000494   0x00000494   0x0000014c   Code   RO         3596    .text               C:\Keil_v5\ARM\ARMCC\Bin\..\lib\armlib\c_w.l(_scanf_int.o)
    0x000005e0   0x000005e0   0x000000e0   Code   RO         3598    .text               C:\Keil_v5\ARM\ARMCC\Bin\..\lib\armlib\c_w.l(_scanf_str.o)
    0x000006c0   0x000006c0   0x00000064   Code   RO         3600    .text               C:\Keil_v5\ARM\ARMCC\Bin\..\lib\armlib\c_w.l(fflush.o)
    0x00000724   0x00000724   0x000000ec   Code   RO         3614    .text               C:\Keil_v5\ARM\ARMCC\Bin\..\lib\armlib\c_w.l(fopen.o)
    0x00000810   0x00000810   0x00000014   Code   RO         3616    .text               C:\Keil_v5\ARM\ARMCC\Bin\..\lib\armlib\c_w.l(setbuf.o)
    0x00000824   0x00000824   0x0000004c   Code   RO         3624    .text               C:\Keil_v5\ARM\ARMCC\Bin\..\lib\armlib\c_w.l(fclose.o)
    0x00000870   0x00000870   0x0000003e   Code   RO         3636    .text               C:\Keil_v5\ARM\ARMCC\Bin\..\lib\armlib\c_w.l(strlen.o)
    0x000008ae   0x000008ae   0x00000096   Code   RO         3638    .text               C:\Keil_v5\ARM\ARMCC\Bin\..\lib\armlib\c_w.l(strncmp.o)
    0x00000944   0x00000944   0x00000064   Code   RO         3640    .text               C:\Keil_v5\ARM\ARMCC\Bin\..\lib\armlib\c_w.l(rt_memcpy_w.o)
    0x000009a8   0x000009a8   0x0000004e   Code   RO         3642    .text               C:\Keil_v5\ARM\ARMCC\Bin\..\lib\armlib\c_w.l(rt_memclr_w.o)
    0x000009f6   0x000009f6   0x00000002   PAD
    0x000009f8   0x000009f8   0x00000080   Code   RO         3644    .text               C:\Keil_v5\ARM\ARMCC\Bin\..\lib\armlib\c_w.l(strcmpv7m.o)
    0x00000a78   0x00000a78   0x00000006   Code   RO         3646    .text               C:\Keil_v5\ARM\ARMCC\Bin\..\lib\armlib\c_w.l(heapauxi.o)
    0x00000a7e   0x00000a7e   0x00000002   PAD
    0x00000a80   0x00000a80   0x00000024   Code   RO         3653    .text               C:\Keil_v5\ARM\ARMCC\Bin\..\lib\armlib\c_w.l(init_aeabi.o)
    0x00000aa4   0x00000aa4   0x00000022   Code   RO         3768    .text               C:\Keil_v5\ARM\ARMCC\Bin\..\lib\cpplib\cpprt_w.l(aeabi_vec_dtor_noexceptions.o)
    0x00000ac6   0x00000ac6   0x00000002   PAD
    0x00000ac8   0x00000ac8   0x00000008   Code   RO         3785    .text               C:\Keil_v5\ARM\ARMCC\Bin\..\lib\armlib\c_w.l(rt_heap_descriptor.o)
    0x00000ad0   0x00000ad0   0x00000004   Code   RO         3790    .text               C:\Keil_v5\ARM\ARMCC\Bin\..\lib\armlib\c_w.l(hguard.o)
    0x00000ad4   0x00000ad4   0x0000008a   Code   RO         3792    .text               C:\Keil_v5\ARM\ARMCC\Bin\..\lib\armlib\c_w.l(init_alloc.o)
    0x00000b5e   0x00000b5e   0x0000000e   Code   RO         3796    .text               C:\Keil_v5\ARM\ARMCC\Bin\..\lib\armlib\c_w.l(h1_init.o)
    0x00000b6c   0x00000b6c   0x0000004e   Code   RO         3812    .text               C:\Keil_v5\ARM\ARMCC\Bin\..\lib\armlib\c_w.l(_printf_pad.o)
    0x00000bba   0x00000bba   0x00000024   Code   RO         3814    .text               C:\Keil_v5\ARM\ARMCC\Bin\..\lib\armlib\c_w.l(_printf_truncate.o)
    0x00000bde   0x00000bde   0x00000052   Code   RO         3816    .text               C:\Keil_v5\ARM\ARMCC\Bin\..\lib\armlib\c_w.l(_printf_str.o)
    0x00000c30   0x00000c30   0x00000078   Code   RO         3818    .text               C:\Keil_v5\ARM\ARMCC\Bin\..\lib\armlib\c_w.l(_printf_dec.o)
    0x00000ca8   0x00000ca8   0x00000028   Code   RO         3820    .text               C:\Keil_v5\ARM\ARMCC\Bin\..\lib\armlib\c_w.l(_printf_charcount.o)
    0x00000cd0   0x00000cd0   0x00000030   Code   RO         3822    .text               C:\Keil_v5\ARM\ARMCC\Bin\..\lib\armlib\c_w.l(_printf_char_common.o)
    0x00000d00   0x00000d00   0x0000000a   Code   RO         3824    .text               C:\Keil_v5\ARM\ARMCC\Bin\..\lib\armlib\c_w.l(_sputc.o)
    0x00000d0a   0x00000d0a   0x00000010   Code   RO         3826    .text               C:\Keil_v5\ARM\ARMCC\Bin\..\lib\armlib\c_w.l(_snputc.o)
    0x00000d1a   0x00000d1a   0x00000002   PAD
    0x00000d1c   0x00000d1c   0x00000024   Code   RO         3828    .text               C:\Keil_v5\ARM\ARMCC\Bin\..\lib\armlib\c_w.l(_printf_char_file.o)
    0x00000d40   0x00000d40   0x000000bc   Code   RO         3830    .text               C:\Keil_v5\ARM\ARMCC\Bin\..\lib\armlib\c_w.l(_printf_wctomb.o)
    0x00000dfc   0x00000dfc   0x0000007c   Code   RO         3833    .text               C:\Keil_v5\ARM\ARMCC\Bin\..\lib\armlib\c_w.l(_printf_longlong_dec.o)
    0x00000e78   0x00000e78   0x00000070   Code   RO         3839    .text               C:\Keil_v5\ARM\ARMCC\Bin\..\lib\armlib\c_w.l(_printf_oct_int_ll.o)
    0x00000ee8   0x00000ee8   0x00000094   Code   RO         3859    .text               C:\Keil_v5\ARM\ARMCC\Bin\..\lib\armlib\c_w.l(_printf_hex_int_ll_ptr.o)
    0x00000f7c   0x00000f7c   0x00000188   Code   RO         3879    .text               C:\Keil_v5\ARM\ARMCC\Bin\..\lib\armlib\c_w.l(__printf_flags_ss_wp.o)
    0x00001104   0x00001104   0x0000001c   Code   RO         3905    .text               C:\Keil_v5\ARM\ARMCC\Bin\..\lib\armlib\c_w.l(_chval.o)
    0x00001120   0x00001120   0x0000002c   Code   RO         3909    .text               C:\Keil_v5\ARM\ARMCC\Bin\..\lib\armlib\c_w.l(scanf_char.o)
    0x0000114c   0x0000114c   0x00000040   Code   RO         3911    .text               C:\Keil_v5\ARM\ARMCC\Bin\..\lib\armlib\c_w.l(_sgetc.o)
    0x0000118c   0x0000118c   0x00000008   Code   RO         3921    .text               C:\Keil_v5\ARM\ARMCC\Bin\..\lib\armlib\c_w.l(ferror.o)
    0x00001194   0x00001194   0x0000023a   Code   RO         3923    .text               C:\Keil_v5\ARM\ARMCC\Bin\..\lib\armlib\c_w.l(filbuf.o)
    0x000013ce   0x000013ce   0x000001d6   Code   RO         3925    .text               C:\Keil_v5\ARM\ARMCC\Bin\..\lib\armlib\c_w.l(flsbuf.o)
    0x000015a4   0x000015a4   0x000000f8   Code   RO         3927    .text               C:\Keil_v5\ARM\ARMCC\Bin\..\lib\armlib\c_w.l(fseek.o)
    0x0000169c   0x0000169c   0x00000046   Code   RO         3929    .text               C:\Keil_v5\ARM\ARMCC\Bin\..\lib\armlib\c_w.l(setvbuf.o)
    0x000016e2   0x000016e2   0x00000002   PAD
    0x000016e4   0x000016e4   0x000000f0   Code   RO         3931    .text               C:\Keil_v5\ARM\ARMCC\Bin\..\lib\armlib\c_w.l(stdio.o)
    0x000017d4   0x000017d4   0x00000138   Code   RO         3934    .text               C:\Keil_v5\ARM\ARMCC\Bin\..\lib\armlib\c_w.l(initio.o)
    0x0000190c   0x0000190c   0x0000000e   Code   RO         3942    .text               C:\Keil_v5\ARM\ARMCC\Bin\..\lib\armlib\c_w.l(defsig_pvfn_outer.o)
    0x0000191a   0x0000191a   0x00000034   Code   RO         4049    .text               C:\Keil_v5\ARM\ARMCC\Bin\..\lib\armlib\c_w.l(h1_extend.o)
    0x0000194e   0x0000194e   0x0000008a   Code   RO         4053    .text               C:\Keil_v5\ARM\ARMCC\Bin\..\lib\armlib\c_w.l(lludiv10.o)
    0x000019d8   0x000019d8   0x00000012   Code   RO         4055    .text               C:\Keil_v5\ARM\ARMCC\Bin\..\lib\armlib\c_w.l(isspace.o)
    0x000019ea   0x000019ea   0x000000b2   Code   RO         4057    .text               C:\Keil_v5\ARM\ARMCC\Bin\..\lib\armlib\c_w.l(_printf_intcommon.o)
    0x00001a9c   0x00001a9c   0x0000041e   Code   RO         4059    .text               C:\Keil_v5\ARM\ARMCC\Bin\..\lib\armlib\c_w.l(_printf_fp_dec.o)
    0x00001eba   0x00001eba   0x00000002   PAD
    0x00001ebc   0x00001ebc   0x000002fc   Code   RO         4061    .text               C:\Keil_v5\ARM\ARMCC\Bin\..\lib\armlib\c_w.l(_printf_fp_hex.o)
    0x000021b8   0x000021b8   0x0000002c   Code   RO         4066    .text               C:\Keil_v5\ARM\ARMCC\Bin\..\lib\armlib\c_w.l(_printf_char.o)
    0x000021e4   0x000021e4   0x0000002c   Code   RO         4070    .text               C:\Keil_v5\ARM\ARMCC\Bin\..\lib\armlib\c_w.l(_printf_wchar.o)
    0x00002210   0x00002210   0x00000374   Code   RO         4073    .text               C:\Keil_v5\ARM\ARMCC\Bin\..\lib\armlib\c_w.l(_scanf.o)
    0x00002584   0x00002584   0x00000042   Code   RO         4083    .text               C:\Keil_v5\ARM\ARMCC\Bin\..\lib\armlib\c_w.l(ftell.o)
    0x000025c6   0x000025c6   0x00000002   PAD
    0x000025c8   0x000025c8   0x00000038   Code   RO         4091    .text               C:\Keil_v5\ARM\ARMCC\Bin\..\lib\armlib\c_w.l(flushlinebuffered.o)
    0x00002600   0x00002600   0x00000040   Code   RO         4109    .text               C:\Keil_v5\ARM\ARMCC\Bin\..\lib\armlib\c_w.l(_wcrtomb.o)
    0x00002640   0x00002640   0x0000000a   Code   RO         4111    .text               C:\Keil_v5\ARM\ARMCC\Bin\..\lib\armlib\c_w.l(defsig_exit.o)
    0x0000264a   0x0000264a   0x0000000e   Code   RO         4113    .text               C:\Keil_v5\ARM\ARMCC\Bin\..\lib\armlib\c_w.l(defsig_rtred_outer.o)
    0x00002658   0x00002658   0x0000000e   Code   RO         4117    .text               C:\Keil_v5\ARM\ARMCC\Bin\..\lib\armlib\c_w.l(defsig_rtmem_outer.o)
    0x00002666   0x00002666   0x00000002   PAD
    0x00002668   0x00002668   0x00000030   Code   RO         4121    .text               C:\Keil_v5\ARM\ARMCC\Bin\..\lib\armlib\c_w.l(defsig_pvfn_inner.o)
    0x00002698   0x00002698   0x0000000c   Code   RO         4164    .text               C:\Keil_v5\ARM\ARMCC\Bin\..\lib\armlib\c_w.l(sys_exit.o)
    0x000026a4   0x000026a4   0x00000010   Code   RO         4166    .text               C:\Keil_v5\ARM\ARMCC\Bin\..\lib\armlib\c_w.l(rt_ctype_table.o)
    0x000026b4   0x000026b4   0x00000008   Code   RO         4168    .text               C:\Keil_v5\ARM\ARMCC\Bin\..\lib\armlib\c_w.l(rt_locale.o)
    0x000026bc   0x000026bc   0x00000080   Code   RO         4180    .text               C:\Keil_v5\ARM\ARMCC\Bin\..\lib\armlib\c_w.l(_printf_fp_infnan.o)
    0x0000273c   0x0000273c   0x000000e4   Code   RO         4182    .text               C:\Keil_v5\ARM\ARMCC\Bin\..\lib\armlib\c_w.l(bigflt0.o)
    0x00002820   0x00002820   0x00000032   Code   RO         4216    .text               C:\Keil_v5\ARM\ARMCC\Bin\..\lib\armlib\c_w.l(defsig_general.o)
    0x00002852   0x00002852   0x00000002   PAD
    0x00002854   0x00002854   0x00000034   Code   RO         4222    .text               C:\Keil_v5\ARM\ARMCC\Bin\..\lib\armlib\c_w.l(defsig_rtred_inner.o)
    0x00002888   0x00002888   0x00000050   Code   RO         4224    .text               C:\Keil_v5\ARM\ARMCC\Bin\..\lib\armlib\c_w.l(defsig_rtmem_inner.o)
    0x000028d8   0x000028d8   0x0000000e   Code   RO         4268    .text               C:\Keil_v5\ARM\ARMCC\Bin\..\lib\armlib\c_w.l(sys_wrch.o)
    0x000028e6   0x000028e6   0x00000002   Code   RO         4270    .text               C:\Keil_v5\ARM\ARMCC\Bin\..\lib\armlib\c_w.l(use_no_semi.o)
    0x000028e8   0x000028e8   0x00000000   Code   RO         4272    .text               C:\Keil_v5\ARM\ARMCC\Bin\..\lib\armlib\c_w.l(indicate_semi.o)
    0x000028e8   0x000028e8   0x0000003e   Code   RO         4185    CL$$btod_d2e        C:\Keil_v5\ARM\ARMCC\Bin\..\lib\armlib\c_w.l(btod.o)
    0x00002926   0x00002926   0x00000046   Code   RO         4187    CL$$btod_d2e_denorm_low  C:\Keil_v5\ARM\ARMCC\Bin\..\lib\armlib\c_w.l(btod.o)
    0x0000296c   0x0000296c   0x00000060   Code   RO         4186    CL$$btod_d2e_norm_op1  C:\Keil_v5\ARM\ARMCC\Bin\..\lib\armlib\c_w.l(btod.o)
    0x000029cc   0x000029cc   0x00000338   Code   RO         4195    CL$$btod_div_common  C:\Keil_v5\ARM\ARMCC\Bin\..\lib\armlib\c_w.l(btod.o)
    0x00002d04   0x00002d04   0x000000dc   Code   RO         4192    CL$$btod_e2e        C:\Keil_v5\ARM\ARMCC\Bin\..\lib\armlib\c_w.l(btod.o)
    0x00002de0   0x00002de0   0x0000002a   Code   RO         4189    CL$$btod_ediv       C:\Keil_v5\ARM\ARMCC\Bin\..\lib\armlib\c_w.l(btod.o)
    0x00002e0a   0x00002e0a   0x0000002a   Code   RO         4188    CL$$btod_emul       C:\Keil_v5\ARM\ARMCC\Bin\..\lib\armlib\c_w.l(btod.o)
    0x00002e34   0x00002e34   0x00000244   Code   RO         4194    CL$$btod_mult_common  C:\Keil_v5\ARM\ARMCC\Bin\..\lib\armlib\c_w.l(btod.o)
    0x00003078   0x00003078   0x0000000e   Code   RO         1162    i.$Sub$$main        mbed/TARGET_EFM32WG_STK3800/TOOLCHAIN_ARM_STD/mbed_sdk_boot.o
    0x00003086   0x00003086   0x0000000c   Code   RO         2932    i.<Func3>           mbed/TARGET_EFM32WG_STK3800/TOOLCHAIN_ARM_STD/mbed.ar(SerialBase.o)
    0x00003092   0x00003092   0x00000002   PAD
    0x00003094   0x00003094   0x000001ac   Code   RO          158    i.CMU_ClockDivSet   mbed/TARGET_EFM32WG_STK3800/TOOLCHAIN_ARM_STD/em_cmu.o
    0x00003240   0x00003240   0x0000008c   Code   RO          159    i.CMU_ClockEnable   mbed/TARGET_EFM32WG_STK3800/TOOLCHAIN_ARM_STD/em_cmu.o
    0x000032cc   0x000032cc   0x00000204   Code   RO          160    i.CMU_ClockFreqGet  mbed/TARGET_EFM32WG_STK3800/TOOLCHAIN_ARM_STD/em_cmu.o
    0x000034d0   0x000034d0   0x000000c0   Code   RO          161    i.CMU_ClockSelectGet  mbed/TARGET_EFM32WG_STK3800/TOOLCHAIN_ARM_STD/em_cmu.o
    0x00003590   0x00003590   0x000001a0   Code   RO          162    i.CMU_ClockSelectSet  mbed/TARGET_EFM32WG_STK3800/TOOLCHAIN_ARM_STD/em_cmu.o
    0x00003730   0x00003730   0x0000007c   Code   RO          172    i.CMU_OscillatorEnable  mbed/TARGET_EFM32WG_STK3800/TOOLCHAIN_ARM_STD/em_cmu.o
    0x000037ac   0x000037ac   0x00000080   Code   RO          177    i.CMU_UpdateWaitStates  mbed/TARGET_EFM32WG_STK3800/TOOLCHAIN_ARM_STD/em_cmu.o
    0x0000382c   0x0000382c   0x00000018   Code   RO          325    i.DMA_ChannelEnable  mbed/TARGET_EFM32WG_STK3800/TOOLCHAIN_ARM_STD/em_dma.o
    0x00003844   0x00003844   0x00000074   Code   RO          328    i.DMA_IRQHandler    mbed/TARGET_EFM32WG_STK3800/TOOLCHAIN_ARM_STD/em_dma.o
    0x000038b8   0x000038b8   0x000000c0   Code   RO          895    i.GPIO_EVEN_IRQHandler  mbed/TARGET_EFM32WG_STK3800/TOOLCHAIN_ARM_STD/gpio_irq_api.o
    0x00003978   0x00003978   0x000000c0   Code   RO          896    i.GPIO_ODD_IRQHandler  mbed/TARGET_EFM32WG_STK3800/TOOLCHAIN_ARM_STD/gpio_irq_api.o
    0x00003a38   0x00003a38   0x0000006c   Code   RO          456    i.GPIO_PinModeSet   mbed/TARGET_EFM32WG_STK3800/TOOLCHAIN_ARM_STD/em_gpio.o
    0x00003aa4   0x00003aa4   0x00000054   Code   RO          608    i.LEUART_BaudrateGet  mbed/TARGET_EFM32WG_STK3800/TOOLCHAIN_ARM_STD/em_leuart.o
    0x00003af8   0x00003af8   0x0000005c   Code   RO          609    i.LEUART_BaudrateSet  mbed/TARGET_EFM32WG_STK3800/TOOLCHAIN_ARM_STD/em_leuart.o
    0x00003b54   0x00003b54   0x0000001e   Code   RO          610    i.LEUART_Enable     mbed/TARGET_EFM32WG_STK3800/TOOLCHAIN_ARM_STD/em_leuart.o
    0x00003b72   0x00003b72   0x00000002   PAD
    0x00003b74   0x00003b74   0x00000098   Code   RO          612    i.LEUART_Init       mbed/TARGET_EFM32WG_STK3800/TOOLCHAIN_ARM_STD/em_leuart.o
    0x00003c0c   0x00003c0c   0x0000000e   Code   RO          614    i.LEUART_Rx         mbed/TARGET_EFM32WG_STK3800/TOOLCHAIN_ARM_STD/em_leuart.o
    0x00003c1a   0x00003c1a   0x0000001c   Code   RO          617    i.LEUART_Tx         mbed/TARGET_EFM32WG_STK3800/TOOLCHAIN_ARM_STD/em_leuart.o
    0x00003c36   0x00003c36   0x00000002   PAD
    0x00003c38   0x00003c38   0x0000001c   Code   RO          725    i.RTC_CompareSet    mbed/TARGET_EFM32WG_STK3800/TOOLCHAIN_ARM_STD/em_rtc.o
    0x00003c54   0x00003c54   0x00000010   Code   RO          728    i.RTC_FreezeEnable  mbed/TARGET_EFM32WG_STK3800/TOOLCHAIN_ARM_STD/em_rtc.o
    0x00003c64   0x00003c64   0x00000034   Code   RO         1284    i.RTC_IRQHandler    mbed/TARGET_EFM32WG_STK3800/TOOLCHAIN_ARM_STD/rtc_api.o
    0x00003c98   0x00003c98   0x00000028   Code   RO          729    i.RTC_Init          mbed/TARGET_EFM32WG_STK3800/TOOLCHAIN_ARM_STD/em_rtc.o
    0x00003cc0   0x00003cc0   0x000000cc   Code   RO         1585    i.SystemCoreClockGet  .\mbed\TARGET_EFM32WG_STK3800\TOOLCHAIN_ARM_STD\system_efm32wg.o
    0x00003d8c   0x00003d8c   0x000000c4   Code   RO         1586    i.SystemHFClockGet  .\mbed\TARGET_EFM32WG_STK3800\TOOLCHAIN_ARM_STD\system_efm32wg.o
    0x00003e50   0x00003e50   0x0000000c   Code   RO         1587    i.SystemHFXOClockGet  .\mbed\TARGET_EFM32WG_STK3800\TOOLCHAIN_ARM_STD\system_efm32wg.o
    0x00003e5c   0x00003e5c   0x0000001c   Code   RO         1588    i.SystemHFXOClockSet  .\mbed\TARGET_EFM32WG_STK3800\TOOLCHAIN_ARM_STD\system_efm32wg.o
    0x00003e78   0x00003e78   0x00000010   Code   RO         1589    i.SystemInit        .\mbed\TARGET_EFM32WG_STK3800\TOOLCHAIN_ARM_STD\system_efm32wg.o
    0x00003e88   0x00003e88   0x00000006   Code   RO         1590    i.SystemLFRCOClockGet  .\mbed\TARGET_EFM32WG_STK3800\TOOLCHAIN_ARM_STD\system_efm32wg.o
    0x00003e8e   0x00003e8e   0x00000002   PAD
    0x00003e90   0x00003e90   0x0000000c   Code   RO         1591    i.SystemLFXOClockGet  .\mbed\TARGET_EFM32WG_STK3800\TOOLCHAIN_ARM_STD\system_efm32wg.o
    0x00003e9c   0x00003e9c   0x0000001c   Code   RO         1592    i.SystemLFXOClockSet  .\mbed\TARGET_EFM32WG_STK3800\TOOLCHAIN_ARM_STD\system_efm32wg.o
    0x00003eb8   0x00003eb8   0x00000008   Code   RO         1593    i.SystemMaxCoreClockGet  .\mbed\TARGET_EFM32WG_STK3800\TOOLCHAIN_ARM_STD\system_efm32wg.o
    0x00003ec0   0x00003ec0   0x00000006   Code   RO         1594    i.SystemULFRCOClockGet  .\mbed\TARGET_EFM32WG_STK3800\TOOLCHAIN_ARM_STD\system_efm32wg.o
    0x00003ec6   0x00003ec6   0x0000007c   Code   RO          761    i.TIMER_InitCC      mbed/TARGET_EFM32WG_STK3800/TOOLCHAIN_ARM_STD/em_timer.o
    0x00003f42   0x00003f42   0x00000002   PAD
    0x00003f44   0x00003f44   0x00000064   Code   RO          774    i.USART_BaudrateAsyncSet  mbed/TARGET_EFM32WG_STK3800/TOOLCHAIN_ARM_STD/em_usart.o
    0x00003fa8   0x00003fa8   0x0000000e   Code   RO          778    i.USART_Enable      mbed/TARGET_EFM32WG_STK3800/TOOLCHAIN_ARM_STD/em_usart.o
    0x00003fb6   0x00003fb6   0x00000002   PAD
    0x00003fb8   0x00003fb8   0x000000e0   Code   RO          779    i.USART_InitAsync   mbed/TARGET_EFM32WG_STK3800/TOOLCHAIN_ARM_STD/em_usart.o
    0x00004098   0x00004098   0x0000002c   Code   RO          781    i.USART_InitPrsTrigger  mbed/TARGET_EFM32WG_STK3800/TOOLCHAIN_ARM_STD/em_usart.o
    0x000040c4   0x000040c4   0x0000000e   Code   RO          784    i.USART_Rx          mbed/TARGET_EFM32WG_STK3800/TOOLCHAIN_ARM_STD/em_usart.o
    0x000040d2   0x000040d2   0x0000000c   Code   RO          789    i.USART_Tx          mbed/TARGET_EFM32WG_STK3800/TOOLCHAIN_ARM_STD/em_usart.o
    0x000040de   0x000040de   0x00000002   PAD
    0x000040e0   0x000040e0   0x00000034   Code   RO         1612    i._Z10blink_ledsi   .\build\main.o
    0x00004114   0x00004114   0x00000054   Code   RO         1614    i._Z10wait_printi   .\build\main.o
    0x00004168   0x00004168   0x00000018   Code   RO         1615    i._Z11ClearBufferv  .\build\main.o
    0x00004180   0x00004180   0x0000001c   Code   RO         1616    i._Z13DataAvailablev  .\build\main.o
    0x0000419c   0x0000419c   0x00000290   Code   RO         1617    i._Z14GetGMMResponsev  .\build\main.o
    0x0000442c   0x0000442c   0x00000078   Code   RO         1618    i._Z15GetSkywireModelv  .\build\main.o
    0x000044a4   0x000044a4   0x000000e0   Code   RO         1619    i._Z15WaitForResponsePKc  .\build\main.o
    0x00004584   0x00004584   0x0000000c   Code   RO         1620    i._Z15watchdog_wakeupv  .\build\main.o
    0x00004590   0x00004590   0x00000020   Code   RO         1621    i._Z16SYSTEM_GetUniquev  .\build\main.o
    0x000045b0   0x000045b0   0x00000068   Code   RO         1623    i._Z20Skywire_Rx_interruptv  .\build\main.o
    0x00004618   0x00004618   0x00000034   Code   RO         1624    i._Z32CMU_enter_DefaultMode_from_RESETv  .\build\main.o
    0x0000464c   0x0000464c   0x00000028   Code   RO         1625    i._Z33HFXO_enter_DefaultMode_from_RESETv  .\build\main.o
    0x00004674   0x00004674   0x00000094   Code   RO         1626    i._Z35PORTIO_enter_DefaultMode_from_RESETv  .\build\main.o
    0x00004708   0x00004708   0x00000064   Code   RO         1627    i._Z35USART0_enter_DefaultMode_from_RESETv  .\build\main.o
    0x0000476c   0x0000476c   0x00000064   Code   RO         1628    i._Z35USART1_enter_DefaultMode_from_RESETv  .\build\main.o
    0x000047d0   0x000047d0   0x00000064   Code   RO         1629    i._Z35USART2_enter_DefaultMode_from_RESETv  .\build\main.o
    0x00004834   0x00004834   0x0000008c   Code   RO         1630    i._Z7AutoAPNv       .\build\main.o
    0x000048c0   0x000048c0   0x00000118   Code   RO         1631    i._Z7GetMEIDv       .\build\main.o
    0x000049d8   0x000049d8   0x00000064   Code   RO         1632    i._Z7GetRSSIv       .\build\main.o
    0x00004a3c   0x00004a3c   0x00000094   Code   RO         1633    i._Z9read_linev     .\build\main.o
    0x00004ad0   0x00004ad0   0x00000018   Code   RO         1836    i._ZN4mbed10DigitalOutC1E7PinName  .\build\main.o
    0x00004ae8   0x00004ae8   0x00000016   Code   RO         1812    i._ZN4mbed10DigitalOutaSEi  .\build\main.o
    0x00004afe   0x00004afe   0x00000034   Code   RO         3477    i._ZN4mbed10FileHandle4sizeEv  mbed/TARGET_EFM32WG_STK3800/TOOLCHAIN_ARM_STD/mbed.ar(FileHandle.o)
    0x00004b32   0x00004b32   0x00000004   Code   RO         3498    i._ZN4mbed10FileHandle6isattyEv  mbed/TARGET_EFM32WG_STK3800/TOOLCHAIN_ARM_STD/mbed.ar(FileHandle.o)
    0x00004b36   0x00004b36   0x00000006   Code   RO         2933    i._ZN4mbed10SerialBase10_base_getcEv  mbed/TARGET_EFM32WG_STK3800/TOOLCHAIN_ARM_STD/mbed.ar(SerialBase.o)
    0x00004b3c   0x00004b3c   0x0000000e   Code   RO         2934    i._ZN4mbed10SerialBase10_base_putcEi  mbed/TARGET_EFM32WG_STK3800/TOOLCHAIN_ARM_STD/mbed.ar(SerialBase.o)
    0x00004b4a   0x00004b4a   0x00000014   Code   RO         2940    i._ZN4mbed10SerialBase12_irq_handlerEj9SerialIrq  mbed/TARGET_EFM32WG_STK3800/TOOLCHAIN_ARM_STD/mbed.ar(SerialBase.o)
    0x00004b5e   0x00004b5e   0x00000050   Code   RO         2943    i._ZN4mbed10SerialBase24interrupt_handler_asynchEv  mbed/TARGET_EFM32WG_STK3800/TOOLCHAIN_ARM_STD/mbed.ar(SerialBase.o)
    0x00004bae   0x00004bae   0x00000002   Code   RO         2945    i._ZN4mbed10SerialBase4lockEv  mbed/TARGET_EFM32WG_STK3800/TOOLCHAIN_ARM_STD/mbed.ar(SerialBase.o)
    0x00004bb0   0x00004bb0   0x000000bc   Code   RO         2950    i._ZN4mbed10SerialBase6attachENS_8CallbackIFvvEEENS0_7IrqTypeE  mbed/TARGET_EFM32WG_STK3800/TOOLCHAIN_ARM_STD/mbed.ar(SerialBase.o)
    0x00004c6c   0x00004c6c   0x00000002   Code   RO         2952    i._ZN4mbed10SerialBase6unlockEv  mbed/TARGET_EFM32WG_STK3800/TOOLCHAIN_ARM_STD/mbed.ar(SerialBase.o)
    0x00004c6e   0x00004c6e   0x00000022   Code   RO         2953    i._ZN4mbed10SerialBase8readableEv  mbed/TARGET_EFM32WG_STK3800/TOOLCHAIN_ARM_STD/mbed.ar(SerialBase.o)
    0x00004c90   0x00004c90   0x00000118   Code   RO         2955    i._ZN4mbed10SerialBaseC1E7PinNameS1_i  mbed/TARGET_EFM32WG_STK3800/TOOLCHAIN_ARM_STD/mbed.ar(SerialBase.o)
    0x00004da8   0x00004da8   0x00000128   Code   RO         2957    i._ZN4mbed10SerialBaseD1Ev  mbed/TARGET_EFM32WG_STK3800/TOOLCHAIN_ARM_STD/mbed.ar(SerialBase.o)
    0x00004ed0   0x00004ed0   0x00000014   Code   RO         3067    i._ZN4mbed10TimerEvent15insert_absoluteEy  mbed/TARGET_EFM32WG_STK3800/TOOLCHAIN_ARM_STD/mbed.ar(TimerEvent.o)
    0x00004ee4   0x00004ee4   0x00000006   Code   RO         3068    i._ZN4mbed10TimerEvent3irqEj  mbed/TARGET_EFM32WG_STK3800/TOOLCHAIN_ARM_STD/mbed.ar(TimerEvent.o)
    0x00004eea   0x00004eea   0x0000000c   Code   RO         3070    i._ZN4mbed10TimerEvent6removeEv  mbed/TARGET_EFM32WG_STK3800/TOOLCHAIN_ARM_STD/mbed.ar(TimerEvent.o)
    0x00004ef6   0x00004ef6   0x00000002   PAD
    0x00004ef8   0x00004ef8   0x00000028   Code   RO         3071    i._ZN4mbed10TimerEventC2EPK13ticker_data_t  mbed/TARGET_EFM32WG_STK3800/TOOLCHAIN_ARM_STD/mbed.ar(TimerEvent.o)
    0x00004f20   0x00004f20   0x0000002c   Code   RO         3072    i._ZN4mbed10TimerEventC2Ev  mbed/TARGET_EFM32WG_STK3800/TOOLCHAIN_ARM_STD/mbed.ar(TimerEvent.o)
    0x00004f4c   0x00004f4c   0x0000001c   Code   RO         3074    i._ZN4mbed10TimerEventD2Ev  mbed/TARGET_EFM32WG_STK3800/TOOLCHAIN_ARM_STD/mbed.ar(TimerEvent.o)
    0x00004f68   0x00004f68   0x00000032   Code   RO         1013    i._ZN4mbed11mbed_fdopenEPNS_10FileHandleEPKc  mbed/TARGET_EFM32WG_STK3800/TOOLCHAIN_ARM_STD/mbed_retarget.o
    0x00004f9a   0x00004f9a   0x00000002   PAD
    0x00004f9c   0x00004f9c   0x00000068   Code   RO         1845    i._ZN4mbed14LowPowerTickerC1Ev  .\build\main.o
    0x00005004   0x00005004   0x00000016   Code   RO         1851    i._ZN4mbed14LowPowerTickerD1Ev  .\build\main.o
    0x0000501a   0x0000501a   0x00000002   PAD
    0x0000501c   0x0000501c   0x00000070   Code   RO         1014    i._ZN4mbed17remove_filehandleEPNS_10FileHandleE  mbed/TARGET_EFM32WG_STK3800/TOOLCHAIN_ARM_STD/mbed_retarget.o
    0x0000508c   0x0000508c   0x00000006   Code   RO         1015    i._ZN4mbed26mbed_set_unbuffered_streamEPSt6__FILE  mbed/TARGET_EFM32WG_STK3800/TOOLCHAIN_ARM_STD/mbed_retarget.o
    0x00005092   0x00005092   0x00000050   Code   RO         3106    i._ZN4mbed5Timer4stopEv  mbed/TARGET_EFM32WG_STK3800/TOOLCHAIN_ARM_STD/mbed.ar(Timer.o)
    0x000050e2   0x000050e2   0x00000020   Code   RO         3107    i._ZN4mbed5Timer5resetEv  mbed/TARGET_EFM32WG_STK3800/TOOLCHAIN_ARM_STD/mbed.ar(Timer.o)
    0x00005102   0x00005102   0x0000002c   Code   RO         3108    i._ZN4mbed5Timer5startEv  mbed/TARGET_EFM32WG_STK3800/TOOLCHAIN_ARM_STD/mbed.ar(Timer.o)
    0x0000512e   0x0000512e   0x00000044   Code   RO         3109    i._ZN4mbed5Timer7read_msEv  mbed/TARGET_EFM32WG_STK3800/TOOLCHAIN_ARM_STD/mbed.ar(Timer.o)
    0x00005172   0x00005172   0x00000036   Code   RO         3113    i._ZN4mbed5TimerC1Ev  mbed/TARGET_EFM32WG_STK3800/TOOLCHAIN_ARM_STD/mbed.ar(Timer.o)
    0x000051a8   0x000051a8   0x00000024   Code   RO         3114    i._ZN4mbed5TimerD1Ev  mbed/TARGET_EFM32WG_STK3800/TOOLCHAIN_ARM_STD/mbed.ar(Timer.o)
    0x000051cc   0x000051cc   0x00000002   Code   RO         2850    i._ZN4mbed6Serial4lockEv  mbed/TARGET_EFM32WG_STK3800/TOOLCHAIN_ARM_STD/mbed.ar(Serial.o)
    0x000051ce   0x000051ce   0x00000002   Code   RO         2853    i._ZN4mbed6Serial6unlockEv  mbed/TARGET_EFM32WG_STK3800/TOOLCHAIN_ARM_STD/mbed.ar(Serial.o)
    0x000051d0   0x000051d0   0x0000002c   Code   RO         2854    i._ZN4mbed6SerialC1E7PinNameS1_PKci  mbed/TARGET_EFM32WG_STK3800/TOOLCHAIN_ARM_STD/mbed.ar(Serial.o)
    0x000051fc   0x000051fc   0x00000024   Code   RO         2886    i._ZN4mbed6SerialD1Ev  mbed/TARGET_EFM32WG_STK3800/TOOLCHAIN_ARM_STD/mbed.ar(Serial.o)
    0x00005220   0x00005220   0x00000026   Code   RO         3274    i._ZN4mbed6Stream4getcEv  mbed/TARGET_EFM32WG_STK3800/TOOLCHAIN_ARM_STD/mbed.ar(Stream.o)
    0x00005246   0x00005246   0x00000002   Code   RO         3355    i._ZN4mbed6Stream4lockEv  mbed/TARGET_EFM32WG_STK3800/TOOLCHAIN_ARM_STD/mbed.ar(Stream.o)
    0x00005248   0x00005248   0x0000003c   Code   RO         3278    i._ZN4mbed6Stream4readEPvj  mbed/TARGET_EFM32WG_STK3800/TOOLCHAIN_ARM_STD/mbed.ar(Stream.o)
    0x00005284   0x00005284   0x00000004   Code   RO         3279    i._ZN4mbed6Stream4seekEli  mbed/TARGET_EFM32WG_STK3800/TOOLCHAIN_ARM_STD/mbed.ar(Stream.o)
    0x00005288   0x00005288   0x00000004   Code   RO         3280    i._ZN4mbed6Stream4sizeEv  mbed/TARGET_EFM32WG_STK3800/TOOLCHAIN_ARM_STD/mbed.ar(Stream.o)
    0x0000528c   0x0000528c   0x00000004   Code   RO         3283    i._ZN4mbed6Stream5closeEv  mbed/TARGET_EFM32WG_STK3800/TOOLCHAIN_ARM_STD/mbed.ar(Stream.o)
    0x00005290   0x00005290   0x0000003c   Code   RO         3285    i._ZN4mbed6Stream5writeEPKvj  mbed/TARGET_EFM32WG_STK3800/TOOLCHAIN_ARM_STD/mbed.ar(Stream.o)
    0x000052cc   0x000052cc   0x00000004   Code   RO         3286    i._ZN4mbed6Stream6isattyEv  mbed/TARGET_EFM32WG_STK3800/TOOLCHAIN_ARM_STD/mbed.ar(Stream.o)
    0x000052d0   0x000052d0   0x00000032   Code   RO         3287    i._ZN4mbed6Stream6printfEPKcz  mbed/TARGET_EFM32WG_STK3800/TOOLCHAIN_ARM_STD/mbed.ar(Stream.o)
    0x00005302   0x00005302   0x00000002   Code   RO         3358    i._ZN4mbed6Stream6unlockEv  mbed/TARGET_EFM32WG_STK3800/TOOLCHAIN_ARM_STD/mbed.ar(Stream.o)
    0x00005304   0x00005304   0x00000070   Code   RO         3291    i._ZN4mbed6StreamC2EPKc  mbed/TARGET_EFM32WG_STK3800/TOOLCHAIN_ARM_STD/mbed.ar(Stream.o)
    0x00005374   0x00005374   0x00000020   Code   RO         3293    i._ZN4mbed6StreamD2Ev  mbed/TARGET_EFM32WG_STK3800/TOOLCHAIN_ARM_STD/mbed.ar(Stream.o)
    0x00005394   0x00005394   0x00000032   Code   RO         3040    i._ZN4mbed6Ticker5setupEy  mbed/TARGET_EFM32WG_STK3800/TOOLCHAIN_ARM_STD/mbed.ar(Ticker.o)
    0x000053c6   0x000053c6   0x0000002a   Code   RO         3042    i._ZN4mbed6Ticker7handlerEv  mbed/TARGET_EFM32WG_STK3800/TOOLCHAIN_ARM_STD/mbed.ar(Ticker.o)
    0x000053f0   0x000053f0   0x0000005e   Code   RO         1824    i._ZN4mbed6Ticker9attach_usENS_8CallbackIFvvEEEy  .\build\main.o
    0x0000544e   0x0000544e   0x00000002   PAD
    0x00005450   0x00005450   0x00000088   Code   RO         3054    i._ZN4mbed6TickerD1Ev  mbed/TARGET_EFM32WG_STK3800/TOOLCHAIN_ARM_STD/mbed.ar(Ticker.o)
    0x000054d8   0x000054d8   0x00000004   Code   RO         3478    i._ZN4mbed6fdopenEPNS_10FileHandleEPKc  mbed/TARGET_EFM32WG_STK3800/TOOLCHAIN_ARM_STD/mbed.ar(FileHandle.o)
    0x000054dc   0x000054dc   0x00000004   Code   RO         3440    i._ZN4mbed8FileBase11getPathTypeEv  mbed/TARGET_EFM32WG_STK3800/TOOLCHAIN_ARM_STD/mbed.ar(FileBase.o)
    0x000054e0   0x000054e0   0x0000006c   Code   RO         3442    i._ZN4mbed8FileBase6lookupEPKcj  mbed/TARGET_EFM32WG_STK3800/TOOLCHAIN_ARM_STD/mbed.ar(FileBase.o)
    0x0000554c   0x0000554c   0x00000040   Code   RO         3444    i._ZN4mbed8FileBaseC1EPKcNS_8PathTypeE  mbed/TARGET_EFM32WG_STK3800/TOOLCHAIN_ARM_STD/mbed.ar(FileBase.o)
    0x0000558c   0x0000558c   0x00000054   Code   RO         3446    i._ZN4mbed8FileBaseD1Ev  mbed/TARGET_EFM32WG_STK3800/TOOLCHAIN_ARM_STD/mbed.ar(FileBase.o)
    0x000055e0   0x000055e0   0x0000001e   Code   RO         3247    i._ZN4mbed8FilePath10fileSystemEv  mbed/TARGET_EFM32WG_STK3800/TOOLCHAIN_ARM_STD/mbed.ar(FilePath.o)
    0x000055fe   0x000055fe   0x0000001c   Code   RO         3249    i._ZN4mbed8FilePath4fileEv  mbed/TARGET_EFM32WG_STK3800/TOOLCHAIN_ARM_STD/mbed.ar(FilePath.o)
    0x0000561a   0x0000561a   0x0000000a   Code   RO         3250    i._ZN4mbed8FilePath6existsEv  mbed/TARGET_EFM32WG_STK3800/TOOLCHAIN_ARM_STD/mbed.ar(FilePath.o)
    0x00005624   0x00005624   0x00000018   Code   RO         3251    i._ZN4mbed8FilePath6isFileEv  mbed/TARGET_EFM32WG_STK3800/TOOLCHAIN_ARM_STD/mbed.ar(FilePath.o)
    0x0000563c   0x0000563c   0x00000004   Code   RO         3252    i._ZN4mbed8FilePath8fileNameEv  mbed/TARGET_EFM32WG_STK3800/TOOLCHAIN_ARM_STD/mbed.ar(FilePath.o)
    0x00005640   0x00005640   0x00000040   Code   RO         3253    i._ZN4mbed8FilePathC1EPKc  mbed/TARGET_EFM32WG_STK3800/TOOLCHAIN_ARM_STD/mbed.ar(FilePath.o)
    0x00005680   0x00005680   0x00000018   Code   RO         1830    i._ZN4mbed9DigitalInC1E7PinName  .\build\main.o
    0x00005698   0x00005698   0x00000004   Code   RO         1016    i._ZN4mbed9mbed_getcEPSt6__FILE  mbed/TARGET_EFM32WG_STK3800/TOOLCHAIN_ARM_STD/mbed_retarget.o
    0x0000569c   0x0000569c   0x00000002   Code   RO         2856    i._ZThn212_N4mbed6Serial4lockEv  mbed/TARGET_EFM32WG_STK3800/TOOLCHAIN_ARM_STD/mbed.ar(Serial.o)
    0x0000569e   0x0000569e   0x00000006   Code   RO         2857    i._ZThn212_N4mbed6Serial5_getcEv  mbed/TARGET_EFM32WG_STK3800/TOOLCHAIN_ARM_STD/mbed.ar(Serial.o)
    0x000056a4   0x000056a4   0x00000006   Code   RO         2858    i._ZThn212_N4mbed6Serial5_putcEi  mbed/TARGET_EFM32WG_STK3800/TOOLCHAIN_ARM_STD/mbed.ar(Serial.o)
    0x000056aa   0x000056aa   0x00000002   Code   RO         2859    i._ZThn212_N4mbed6Serial6unlockEv  mbed/TARGET_EFM32WG_STK3800/TOOLCHAIN_ARM_STD/mbed.ar(Serial.o)
    0x000056ac   0x000056ac   0x00000030   Code   RO         4258    i.__ARM_fpclassify  C:\Keil_v5\ARM\ARMCC\Bin\..\lib\armlib\m_wm.l(fpclassify.o)
    0x000056dc   0x000056dc   0x00000004   Code   RO         1024    i.__aeabi_atexit    mbed/TARGET_EFM32WG_STK3800/TOOLCHAIN_ARM_STD/mbed_retarget.o
    0x000056e0   0x000056e0   0x00000024   Code   RO         3765    i.__aeabi_vec_ctor_nocookie_nodtor  C:\Keil_v5\ARM\ARMCC\Bin\..\lib\cpplib\cpprt_w.l(aeabi_vec_ctor_nocookie_nodtor.o)
    0x00005704   0x00005704   0x00000006   Code   RO         3656    i.__cxa_pure_virtual  C:\Keil_v5\ARM\ARMCC\Bin\..\lib\cpplib\cpprt_w.l(pure_virt.o)
    0x0000570a   0x0000570a   0x00000002   PAD
    0x0000570c   0x0000570c   0x00000154   Code   RO         1634    i.__sti___8_main_cpp_myled0  .\build\main.o
    0x00005860   0x00005860   0x00000008   Code   RO         1027    i.__user_setup_stackheap  mbed/TARGET_EFM32WG_STK3800/TOOLCHAIN_ARM_STD/mbed_retarget.o
    0x00005868   0x00005868   0x0000000e   Code   RO         3872    i._is_digit         C:\Keil_v5\ARM\ARMCC\Bin\..\lib\armlib\c_w.l(__printf_wp.o)
    0x00005876   0x00005876   0x00000002   PAD
    0x00005878   0x00005878   0x00000010   Code   RO         1028    i._mbed_user_setup_stackheap  mbed/TARGET_EFM32WG_STK3800/TOOLCHAIN_ARM_STD/mbed_retarget.o
    0x00005888   0x00005888   0x0000001c   Code   RO         1163    i._platform_post_stackheap_init  mbed/TARGET_EFM32WG_STK3800/TOOLCHAIN_ARM_STD/mbed_sdk_boot.o
    0x000058a4   0x000058a4   0x0000004c   Code   RO         1029    i._sys_close        mbed/TARGET_EFM32WG_STK3800/TOOLCHAIN_ARM_STD/mbed_retarget.o
    0x000058f0   0x000058f0   0x0000004c   Code   RO         1032    i._sys_flen         mbed/TARGET_EFM32WG_STK3800/TOOLCHAIN_ARM_STD/mbed_retarget.o
    0x0000593c   0x0000593c   0x00000040   Code   RO         1033    i._sys_istty        mbed/TARGET_EFM32WG_STK3800/TOOLCHAIN_ARM_STD/mbed_retarget.o
    0x0000597c   0x0000597c   0x00000200   Code   RO         1034    i._sys_open         mbed/TARGET_EFM32WG_STK3800/TOOLCHAIN_ARM_STD/mbed_retarget.o
    0x00005b7c   0x00005b7c   0x00000070   Code   RO         1035    i._sys_read         mbed/TARGET_EFM32WG_STK3800/TOOLCHAIN_ARM_STD/mbed_retarget.o
    0x00005bec   0x00005bec   0x00000050   Code   RO         1036    i._sys_seek         mbed/TARGET_EFM32WG_STK3800/TOOLCHAIN_ARM_STD/mbed_retarget.o
    0x00005c3c   0x00005c3c   0x0000007c   Code   RO         1037    i._sys_write        mbed/TARGET_EFM32WG_STK3800/TOOLCHAIN_ARM_STD/mbed_retarget.o
    0x00005cb8   0x00005cb8   0x00000020   Code   RO         1452    i.blockSleepMode    mbed/TARGET_EFM32WG_STK3800/TOOLCHAIN_ARM_STD/sleep.o
    0x00005cd8   0x00005cd8   0x0000001a   Code   RO         3395    i.core_util_atomic_decr_u16  mbed/TARGET_EFM32WG_STK3800/TOOLCHAIN_ARM_STD/mbed.ar(mbed_critical.o)
    0x00005cf2   0x00005cf2   0x0000001a   Code   RO         3399    i.core_util_atomic_incr_u16  mbed/TARGET_EFM32WG_STK3800/TOOLCHAIN_ARM_STD/mbed.ar(mbed_critical.o)
    0x00005d0c   0x00005d0c   0x000000c8   Code   RO         3402    i.core_util_critical_section_enter  mbed/TARGET_EFM32WG_STK3800/TOOLCHAIN_ARM_STD/mbed.ar(mbed_critical.o)
    0x00005dd4   0x00005dd4   0x00000094   Code   RO         3403    i.core_util_critical_section_exit  mbed/TARGET_EFM32WG_STK3800/TOOLCHAIN_ARM_STD/mbed.ar(mbed_critical.o)
    0x00005e68   0x00005e68   0x0000001c   Code   RO           41    i.dma_channel_free  mbed/TARGET_EFM32WG_STK3800/TOOLCHAIN_ARM_STD/dma_api.o
    0x00005e84   0x00005e84   0x00000028   Code   RO         3380    i.error             mbed/TARGET_EFM32WG_STK3800/TOOLCHAIN_ARM_STD/mbed.ar(mbed_error.o)
    0x00005eac   0x00005eac   0x00000020   Code   RO         1040    i.exit              mbed/TARGET_EFM32WG_STK3800/TOOLCHAIN_ARM_STD/mbed_retarget.o
    0x00005ecc   0x00005ecc   0x00000018   Code   RO         3603    i.fgetc             C:\Keil_v5\ARM\ARMCC\Bin\..\lib\armlib\c_w.l(fgetc.o)
    0x00005ee4   0x00005ee4   0x00000088   Code   RO          178    i.flashWaitStateMax  mbed/TARGET_EFM32WG_STK3800/TOOLCHAIN_ARM_STD/em_cmu.o
    0x00005f6c   0x00005f6c   0x0000001a   Code   RO         3609    i.fputc             C:\Keil_v5\ARM\ARMCC\Bin\..\lib\armlib\c_w.l(fputc.o)
    0x00005f86   0x00005f86   0x00000002   PAD
    0x00005f88   0x00005f88   0x00000008   Code   RO         3162    i.get_lp_ticker_data  mbed/TARGET_EFM32WG_STK3800/TOOLCHAIN_ARM_STD/mbed.ar(mbed_lp_ticker_api.o)
    0x00005f90   0x00005f90   0x00000008   Code   RO         3208    i.get_us_ticker_data  mbed/TARGET_EFM32WG_STK3800/TOOLCHAIN_ARM_STD/mbed.ar(mbed_us_ticker_api.o)
    0x00005f98   0x00005f98   0x0000003c   Code   RO          874    i.gpio_dir          mbed/TARGET_EFM32WG_STK3800/TOOLCHAIN_ARM_STD/gpio_api.o
    0x00005fd4   0x00005fd4   0x00000044   Code   RO          875    i.gpio_init         mbed/TARGET_EFM32WG_STK3800/TOOLCHAIN_ARM_STD/gpio_api.o
    0x00006018   0x00006018   0x00000028   Code   RO         3146    i.gpio_init_in      mbed/TARGET_EFM32WG_STK3800/TOOLCHAIN_ARM_STD/mbed.ar(mbed_gpio.o)
    0x00006040   0x00006040   0x00000036   Code   RO         3149    i.gpio_init_out     mbed/TARGET_EFM32WG_STK3800/TOOLCHAIN_ARM_STD/mbed.ar(mbed_gpio.o)
    0x00006076   0x00006076   0x00000036   Code   RO         3150    i.gpio_init_out_ex  mbed/TARGET_EFM32WG_STK3800/TOOLCHAIN_ARM_STD/mbed.ar(mbed_gpio.o)
    0x000060ac   0x000060ac   0x0000005a   Code   RO          877    i.gpio_mode         mbed/TARGET_EFM32WG_STK3800/TOOLCHAIN_ARM_STD/gpio_api.o
    0x00006106   0x00006106   0x00000028   Code   RO          880    i.gpio_write        mbed/TARGET_EFM32WG_STK3800/TOOLCHAIN_ARM_STD/gpio_api.o
    0x0000612e   0x0000612e   0x00000002   PAD
    0x00006130   0x00006130   0x00000038   Code   RO         1316    i.leuart0_irq       mbed/TARGET_EFM32WG_STK3800/TOOLCHAIN_ARM_STD/serial_api.o
    0x00006168   0x00006168   0x00000038   Code   RO         1317    i.leuart1_irq       mbed/TARGET_EFM32WG_STK3800/TOOLCHAIN_ARM_STD/serial_api.o
    0x000061a0   0x000061a0   0x0000009c   Code   RO          179    i.lfClkGet          mbed/TARGET_EFM32WG_STK3800/TOOLCHAIN_ARM_STD/em_cmu.o
    0x0000623c   0x0000623c   0x0000000c   Code   RO          987    i.lp_ticker_clear_interrupt  mbed/TARGET_EFM32WG_STK3800/TOOLCHAIN_ARM_STD/lp_ticker.o
    0x00006248   0x00006248   0x00000010   Code   RO          985    i.lp_ticker_disable_interrupt  mbed/TARGET_EFM32WG_STK3800/TOOLCHAIN_ARM_STD/lp_ticker.o
    0x00006258   0x00006258   0x0000000c   Code   RO          971    i.lp_ticker_fire_interrupt  mbed/TARGET_EFM32WG_STK3800/TOOLCHAIN_ARM_STD/lp_ticker.o
    0x00006264   0x00006264   0x00000030   Code   RO          973    i.lp_ticker_init    mbed/TARGET_EFM32WG_STK3800/TOOLCHAIN_ARM_STD/lp_ticker.o
    0x00006294   0x00006294   0x0000000c   Code   RO         3163    i.lp_ticker_irq_handler  mbed/TARGET_EFM32WG_STK3800/TOOLCHAIN_ARM_STD/mbed.ar(mbed_lp_ticker_api.o)
    0x000062a0   0x000062a0   0x00000050   Code   RO          974    i.lp_ticker_read    mbed/TARGET_EFM32WG_STK3800/TOOLCHAIN_ARM_STD/lp_ticker.o
    0x000062f0   0x000062f0   0x000000a8   Code   RO          975    i.lp_ticker_set_interrupt  mbed/TARGET_EFM32WG_STK3800/TOOLCHAIN_ARM_STD/lp_ticker.o
    0x00006398   0x00006398   0x000006f8   Code   RO         1635    i.main              .\build\main.o
    0x00006a90   0x00006a90   0x00000054   Code   RO         3372    i.mbed_assert_internal  mbed/TARGET_EFM32WG_STK3800/TOOLCHAIN_ARM_STD/mbed.ar(mbed_assert.o)
    0x00006ae4   0x00006ae4   0x00000058   Code   RO          992    i.mbed_die          mbed/TARGET_EFM32WG_STK3800/TOOLCHAIN_ARM_STD/mbed_board.o
    0x00006b3c   0x00006b3c   0x00000054   Code   RO          993    i.mbed_error_printf  mbed/TARGET_EFM32WG_STK3800/TOOLCHAIN_ARM_STD/mbed_board.o
    0x00006b90   0x00006b90   0x00000050   Code   RO          994    i.mbed_error_vfprintf  mbed/TARGET_EFM32WG_STK3800/TOOLCHAIN_ARM_STD/mbed_board.o
    0x00006be0   0x00006be0   0x00000002   Code   RO         1165    i.mbed_main         mbed/TARGET_EFM32WG_STK3800/TOOLCHAIN_ARM_STD/mbed_sdk_boot.o
    0x00006be2   0x00006be2   0x00000002   PAD
    0x00006be4   0x00006be4   0x00000048   Code   RO         1004    i.mbed_sdk_init     mbed/TARGET_EFM32WG_STK3800/TOOLCHAIN_ARM_STD/mbed_overrides.o
    0x00006c2c   0x00006c2c   0x00000058   Code   RO         1209    i.pin_location      mbed/TARGET_EFM32WG_STK3800/TOOLCHAIN_ARM_STD/pinmap_function.o
    0x00006c84   0x00006c84   0x00000070   Code   RO         1198    i.pin_mode          mbed/TARGET_EFM32WG_STK3800/TOOLCHAIN_ARM_STD/pinmap.o
    0x00006cf4   0x00006cf4   0x0000003c   Code   RO         3178    i.pinmap_merge      mbed/TARGET_EFM32WG_STK3800/TOOLCHAIN_ARM_STD/mbed.ar(mbed_pinmap_common.o)
    0x00006d30   0x00006d30   0x0000005c   Code   RO         3179    i.pinmap_peripheral  mbed/TARGET_EFM32WG_STK3800/TOOLCHAIN_ARM_STD/mbed.ar(mbed_pinmap_common.o)
    0x00006d8c   0x00006d8c   0x00000088   Code   RO         1290    i.rtc_init_real     mbed/TARGET_EFM32WG_STK3800/TOOLCHAIN_ARM_STD/rtc_api.o
    0x00006e14   0x00006e14   0x0000000c   Code   RO         1294    i.rtc_set_comp0_handler  mbed/TARGET_EFM32WG_STK3800/TOOLCHAIN_ARM_STD/rtc_api.o
    0x00006e20   0x00006e20   0x00000066   Code   RO         3221    i.schedule_interrupt  mbed/TARGET_EFM32WG_STK3800/TOOLCHAIN_ARM_STD/mbed.ar(mbed_ticker_api.o)
    0x00006e86   0x00006e86   0x00000002   PAD
    0x00006e88   0x00006e88   0x000001e8   Code   RO         1318    i.serial_baud       mbed/TARGET_EFM32WG_STK3800/TOOLCHAIN_ARM_STD/serial_api.o
    0x00007070   0x00007070   0x00000074   Code   RO         1327    i.serial_get_rx_irq_index  mbed/TARGET_EFM32WG_STK3800/TOOLCHAIN_ARM_STD/serial_api.o
    0x000070e4   0x000070e4   0x00000074   Code   RO         1328    i.serial_get_tx_irq_index  mbed/TARGET_EFM32WG_STK3800/TOOLCHAIN_ARM_STD/serial_api.o
    0x00007158   0x00007158   0x00000020   Code   RO         1329    i.serial_getc       mbed/TARGET_EFM32WG_STK3800/TOOLCHAIN_ARM_STD/serial_api.o
    0x00007178   0x00007178   0x0000023c   Code   RO         1330    i.serial_init       mbed/TARGET_EFM32WG_STK3800/TOOLCHAIN_ARM_STD/serial_api.o
    0x000073b4   0x000073b4   0x0000006c   Code   RO         1332    i.serial_irq_handler  mbed/TARGET_EFM32WG_STK3800/TOOLCHAIN_ARM_STD/serial_api.o
    0x00007420   0x00007420   0x000000d4   Code   RO         1333    i.serial_irq_handler_asynch  mbed/TARGET_EFM32WG_STK3800/TOOLCHAIN_ARM_STD/serial_api.o
    0x000074f4   0x000074f4   0x000001bc   Code   RO         1334    i.serial_irq_set    mbed/TARGET_EFM32WG_STK3800/TOOLCHAIN_ARM_STD/serial_api.o
    0x000076b0   0x000076b0   0x000001c8   Code   RO         1336    i.serial_preinit    mbed/TARGET_EFM32WG_STK3800/TOOLCHAIN_ARM_STD/serial_api.o
    0x00007878   0x00007878   0x0000003c   Code   RO         1337    i.serial_putc       mbed/TARGET_EFM32WG_STK3800/TOOLCHAIN_ARM_STD/serial_api.o
    0x000078b4   0x000078b4   0x00000024   Code   RO         1341    i.serial_readable   mbed/TARGET_EFM32WG_STK3800/TOOLCHAIN_ARM_STD/serial_api.o
    0x000078d8   0x000078d8   0x000000c4   Code   RO         1343    i.serial_rx_abort_asynch_intern  mbed/TARGET_EFM32WG_STK3800/TOOLCHAIN_ARM_STD/serial_api.o
    0x0000799c   0x0000799c   0x00000224   Code   RO         1349    i.serial_rx_irq_handler_asynch  mbed/TARGET_EFM32WG_STK3800/TOOLCHAIN_ARM_STD/serial_api.o
    0x00007bc0   0x00007bc0   0x00000084   Code   RO         1351    i.serial_set_route  mbed/TARGET_EFM32WG_STK3800/TOOLCHAIN_ARM_STD/serial_api.o
    0x00007c44   0x00007c44   0x000000b0   Code   RO         1353    i.serial_tx_abort_asynch_intern  mbed/TARGET_EFM32WG_STK3800/TOOLCHAIN_ARM_STD/serial_api.o
    0x00007cf4   0x00007cf4   0x000000e4   Code   RO         1359    i.serial_tx_irq_handler_asynch  mbed/TARGET_EFM32WG_STK3800/TOOLCHAIN_ARM_STD/serial_api.o
    0x00007dd8   0x00007dd8   0x0000003c   Code   RO          180    i.setHfLeConfig     mbed/TARGET_EFM32WG_STK3800/TOOLCHAIN_ARM_STD/em_cmu.o
    0x00007e14   0x00007e14   0x00000060   Code   RO         3194    i.sleep_manager_lock_deep_sleep  mbed/TARGET_EFM32WG_STK3800/TOOLCHAIN_ARM_STD/mbed.ar(mbed_sleep_manager.o)
    0x00007e74   0x00007e74   0x00000054   Code   RO         3196    i.sleep_manager_unlock_deep_sleep  mbed/TARGET_EFM32WG_STK3800/TOOLCHAIN_ARM_STD/mbed.ar(mbed_sleep_manager.o)
    0x00007ec8   0x00007ec8   0x00000070   Code   RO         3224    i.ticker_insert_event_us  mbed/TARGET_EFM32WG_STK3800/TOOLCHAIN_ARM_STD/mbed.ar(mbed_ticker_api.o)
    0x00007f38   0x00007f38   0x0000005c   Code   RO         3225    i.ticker_irq_handler  mbed/TARGET_EFM32WG_STK3800/TOOLCHAIN_ARM_STD/mbed.ar(mbed_ticker_api.o)
    0x00007f94   0x00007f94   0x0000003e   Code   RO         3226    i.ticker_read       mbed/TARGET_EFM32WG_STK3800/TOOLCHAIN_ARM_STD/mbed.ar(mbed_ticker_api.o)
    0x00007fd2   0x00007fd2   0x00000040   Code   RO         3227    i.ticker_read_us    mbed/TARGET_EFM32WG_STK3800/TOOLCHAIN_ARM_STD/mbed.ar(mbed_ticker_api.o)
    0x00008012   0x00008012   0x00000038   Code   RO         3228    i.ticker_remove_event  mbed/TARGET_EFM32WG_STK3800/TOOLCHAIN_ARM_STD/mbed.ar(mbed_ticker_api.o)
    0x0000804a   0x0000804a   0x0000003a   Code   RO         3229    i.ticker_set_handler  mbed/TARGET_EFM32WG_STK3800/TOOLCHAIN_ARM_STD/mbed.ar(mbed_ticker_api.o)
    0x00008084   0x00008084   0x0000000c   Code   RO         1365    i.uart0_rx_irq      mbed/TARGET_EFM32WG_STK3800/TOOLCHAIN_ARM_STD/serial_api.o
    0x00008090   0x00008090   0x00000018   Code   RO         1366    i.uart0_tx_irq      mbed/TARGET_EFM32WG_STK3800/TOOLCHAIN_ARM_STD/serial_api.o
    0x000080a8   0x000080a8   0x0000000c   Code   RO         1367    i.uart1_rx_irq      mbed/TARGET_EFM32WG_STK3800/TOOLCHAIN_ARM_STD/serial_api.o
    0x000080b4   0x000080b4   0x00000018   Code   RO         1368    i.uart1_tx_irq      mbed/TARGET_EFM32WG_STK3800/TOOLCHAIN_ARM_STD/serial_api.o
    0x000080cc   0x000080cc   0x00000070   Code   RO         1369    i.uart_irq          mbed/TARGET_EFM32WG_STK3800/TOOLCHAIN_ARM_STD/serial_api.o
    0x0000813c   0x0000813c   0x00000024   Code   RO         1455    i.unblockSleepMode  mbed/TARGET_EFM32WG_STK3800/TOOLCHAIN_ARM_STD/sleep.o
    0x00008160   0x00008160   0x00000028   Code   RO         3230    i.update_present_time  mbed/TARGET_EFM32WG_STK3800/TOOLCHAIN_ARM_STD/mbed.ar(mbed_ticker_api.o)
    0x00008188   0x00008188   0x0000000c   Code   RO         1558    i.us_ticker_clear_interrupt  mbed/TARGET_EFM32WG_STK3800/TOOLCHAIN_ARM_STD/us_ticker.o
    0x00008194   0x00008194   0x00000020   Code   RO         1559    i.us_ticker_disable_interrupt  mbed/TARGET_EFM32WG_STK3800/TOOLCHAIN_ARM_STD/us_ticker.o
    0x000081b4   0x000081b4   0x00000020   Code   RO         1560    i.us_ticker_fire_interrupt  mbed/TARGET_EFM32WG_STK3800/TOOLCHAIN_ARM_STD/us_ticker.o
    0x000081d4   0x000081d4   0x000000e4   Code   RO         1561    i.us_ticker_init    mbed/TARGET_EFM32WG_STK3800/TOOLCHAIN_ARM_STD/us_ticker.o
    0x000082b8   0x000082b8   0x0000000c   Code   RO         3209    i.us_ticker_irq_handler  mbed/TARGET_EFM32WG_STK3800/TOOLCHAIN_ARM_STD/mbed.ar(mbed_us_ticker_api.o)
    0x000082c4   0x000082c4   0x00000048   Code   RO         1562    i.us_ticker_irq_handler_internal  mbed/TARGET_EFM32WG_STK3800/TOOLCHAIN_ARM_STD/us_ticker.o
    0x0000830c   0x0000830c   0x00000058   Code   RO         1563    i.us_ticker_read    mbed/TARGET_EFM32WG_STK3800/TOOLCHAIN_ARM_STD/us_ticker.o
    0x00008364   0x00008364   0x000000d8   Code   RO         1564    i.us_ticker_set_interrupt  mbed/TARGET_EFM32WG_STK3800/TOOLCHAIN_ARM_STD/us_ticker.o
    0x0000843c   0x0000843c   0x0000000c   Code   RO         1370    i.usart0_rx_irq     mbed/TARGET_EFM32WG_STK3800/TOOLCHAIN_ARM_STD/serial_api.o
    0x00008448   0x00008448   0x00000018   Code   RO         1371    i.usart0_tx_irq     mbed/TARGET_EFM32WG_STK3800/TOOLCHAIN_ARM_STD/serial_api.o
    0x00008460   0x00008460   0x0000000c   Code   RO         1372    i.usart1_rx_irq     mbed/TARGET_EFM32WG_STK3800/TOOLCHAIN_ARM_STD/serial_api.o
    0x0000846c   0x0000846c   0x00000018   Code   RO         1373    i.usart1_tx_irq     mbed/TARGET_EFM32WG_STK3800/TOOLCHAIN_ARM_STD/serial_api.o
    0x00008484   0x00008484   0x0000000c   Code   RO         1374    i.usart2_rx_irq     mbed/TARGET_EFM32WG_STK3800/TOOLCHAIN_ARM_STD/serial_api.o
    0x00008490   0x00008490   0x00000018   Code   RO         1375    i.usart2_tx_irq     mbed/TARGET_EFM32WG_STK3800/TOOLCHAIN_ARM_STD/serial_api.o
    0x000084a8   0x000084a8   0x00000030   Code   RO         3428    i.wait              mbed/TARGET_EFM32WG_STK3800/TOOLCHAIN_ARM_STD/mbed.ar(mbed_wait_api_no_rtos.o)
    0x000084d8   0x000084d8   0x00000024   Code   RO         3429    i.wait_ms           mbed/TARGET_EFM32WG_STK3800/TOOLCHAIN_ARM_STD/mbed.ar(mbed_wait_api_no_rtos.o)
    0x000084fc   0x000084fc   0x0000002c   Code   RO         4210    locale$$code        C:\Keil_v5\ARM\ARMCC\Bin\..\lib\armlib\c_w.l(lc_numeric_c.o)
    0x00008528   0x00008528   0x0000002c   Code   RO         4284    locale$$code        C:\Keil_v5\ARM\ARMCC\Bin\..\lib\armlib\c_w.l(lc_ctype_c.o)
    0x00008554   0x00008554   0x0000002c   Code   RO         3467    t._ZN12SingletonPtrI13PlatformMutexEptEv  mbed/TARGET_EFM32WG_STK3800/TOOLCHAIN_ARM_STD/mbed.ar(FileBase.o)
    0x00008580   0x00008580   0x0000000a   Code   RO         1864    t._ZN4mbed8CallbackIFvvEE13function_callIPS1_EEvPKv  .\build\main.o
    0x0000858a   0x0000858a   0x00000002   Code   RO         1876    t._ZN4mbed8CallbackIFvvEE13function_dtorIPS1_EEvPv  .\build\main.o
    0x0000858c   0x0000858c   0x0000000e   Code   RO         1870    t._ZN4mbed8CallbackIFvvEE13function_moveIPS1_EEvPvPKv  .\build\main.o
    0x0000859a   0x0000859a   0x00000002   PAD
    0x0000859c   0x0000859c   0x00000038   Code   RO         1794    t._ZN4mbed8CallbackIFvvEEC1EPS1_  .\build\main.o
    0x000085d4   0x000085d4   0x0000001c   Code   RO         1800    t._ZN4mbed8CallbackIFvvEEC1ERKS2_  .\build\main.o
    0x000085f0   0x000085f0   0x00000012   Code   RO         3030    t._ZN4mbed8CallbackIFvvEED1Ev  mbed/TARGET_EFM32WG_STK3800/TOOLCHAIN_ARM_STD/mbed.ar(SerialBase.o)
    0x00008602   0x00008602   0x00000036   Code   RO         3027    t._ZN6CThunkIN4mbed10SerialBaseEE10trampolineEPS1_PvPMS1_FvS4_E  mbed/TARGET_EFM32WG_STK3800/TOOLCHAIN_ARM_STD/mbed.ar(SerialBase.o)
    0x00008638   0x00008638   0x0000008c   Code   RO         4013    x$fpl$fnaninf       C:\Keil_v5\ARM\ARMCC\Bin\..\lib\armlib\fz_wm.l(fnaninf.o)
    0x000086c4   0x000086c4   0x0000000a   Code   RO         4162    x$fpl$fpinit        C:\Keil_v5\ARM\ARMCC\Bin\..\lib\armlib\fz_wm.l(fpinit.o)
    0x000086ce   0x000086ce   0x00000002   PAD
    0x000086d0   0x000086d0   0x0000005c   Code   RO         3771    x$fpl$llufromf      C:\Keil_v5\ARM\ARMCC\Bin\..\lib\armlib\fz_wm.l(ffixull.o)
    0x0000872c   0x0000872c   0x00000004   Code   RO         4015    x$fpl$printf1       C:\Keil_v5\ARM\ARMCC\Bin\..\lib\armlib\fz_wm.l(printf1.o)
    0x00008730   0x00008730   0x00000004   Code   RO         4017    x$fpl$printf2       C:\Keil_v5\ARM\ARMCC\Bin\..\lib\armlib\fz_wm.l(printf2.o)
    0x00008734   0x00008734   0x00000000   Code   RO         4025    x$fpl$usenofp       C:\Keil_v5\ARM\ARMCC\Bin\..\lib\armlib\fz_wm.l(usenofp.o)
    0x00008734   0x00008734   0x00000017   Data   RO         1092    .constdata          mbed/TARGET_EFM32WG_STK3800/TOOLCHAIN_ARM_STD/mbed_retarget.o
    0x0000874b   0x0000874b   0x00000001   PAD
    0x0000874c   0x0000874c   0x00000114   Data   RO         1189    .constdata          mbed/TARGET_EFM32WG_STK3800/TOOLCHAIN_ARM_STD/PeripheralPins.o
    0x00008860   0x00008860   0x00000114   Data   RO         1190    .constdata          mbed/TARGET_EFM32WG_STK3800/TOOLCHAIN_ARM_STD/PeripheralPins.o
    0x00008974   0x00008974   0x00000003   Data   RO         1296    .constdata          mbed/TARGET_EFM32WG_STK3800/TOOLCHAIN_ARM_STD/rtc_api.o
    0x00008977   0x00008977   0x00000001   PAD
    0x00008978   0x00008978   0x00000050   Data   RO         1377    .constdata          mbed/TARGET_EFM32WG_STK3800/TOOLCHAIN_ARM_STD/serial_api.o
    0x000089c8   0x000089c8   0x00000048   Data   RO         1661    .constdata          .\build\main.o
    0x00008a10   0x00008a10   0x00000010   Data   RO         2984    .constdata          mbed/TARGET_EFM32WG_STK3800/TOOLCHAIN_ARM_STD/mbed.ar(SerialBase.o)
    0x00008a20   0x00008a20   0x00000018   Data   RO         3165    .constdata          mbed/TARGET_EFM32WG_STK3800/TOOLCHAIN_ARM_STD/mbed.ar(mbed_lp_ticker_api.o)
    0x00008a38   0x00008a38   0x00000008   Data   RO         3166    .constdata          mbed/TARGET_EFM32WG_STK3800/TOOLCHAIN_ARM_STD/mbed.ar(mbed_lp_ticker_api.o)
    0x00008a40   0x00008a40   0x00000018   Data   RO         3211    .constdata          mbed/TARGET_EFM32WG_STK3800/TOOLCHAIN_ARM_STD/mbed.ar(mbed_us_ticker_api.o)
    0x00008a58   0x00008a58   0x00000008   Data   RO         3212    .constdata          mbed/TARGET_EFM32WG_STK3800/TOOLCHAIN_ARM_STD/mbed.ar(mbed_us_ticker_api.o)
    0x00008a60   0x00008a60   0x00000008   Data   RO         3831    .constdata          C:\Keil_v5\ARM\ARMCC\Bin\..\lib\armlib\c_w.l(_printf_wctomb.o)
    0x00008a68   0x00008a68   0x00000028   Data   RO         3860    .constdata          C:\Keil_v5\ARM\ARMCC\Bin\..\lib\armlib\c_w.l(_printf_hex_int_ll_ptr.o)
    0x00008a90   0x00008a90   0x00000011   Data   RO         3880    .constdata          C:\Keil_v5\ARM\ARMCC\Bin\..\lib\armlib\c_w.l(__printf_flags_ss_wp.o)
    0x00008aa1   0x00008aa1   0x00000026   Data   RO         4062    .constdata          C:\Keil_v5\ARM\ARMCC\Bin\..\lib\armlib\c_w.l(_printf_fp_hex.o)
    0x00008ac7   0x00008ac7   0x00000001   PAD
    0x00008ac8   0x00008ac8   0x00000094   Data   RO         4183    .constdata          C:\Keil_v5\ARM\ARMCC\Bin\..\lib\armlib\c_w.l(bigflt0.o)
    0x00008b5c   0x00008b5c   0x0000004c   Data   RO         3488    .constdata__ZTVN4mbed10FileHandleE  mbed/TARGET_EFM32WG_STK3800/TOOLCHAIN_ARM_STD/mbed.ar(FileHandle.o)
    0x00008ba8   0x00008ba8   0x00000018   Data   RO         3022    .constdata__ZTVN4mbed10SerialBaseE  mbed/TARGET_EFM32WG_STK3800/TOOLCHAIN_ARM_STD/mbed.ar(SerialBase.o)
    0x00008bc0   0x00008bc0   0x00000014   Data   RO         3096    .constdata__ZTVN4mbed10TimerEventE  mbed/TARGET_EFM32WG_STK3800/TOOLCHAIN_ARM_STD/mbed.ar(TimerEvent.o)
    0x00008bd4   0x00008bd4   0x00000014   Data   RO         1858    .constdata__ZTVN4mbed14LowPowerTickerE  .\build\main.o
    0x00008be8   0x00008be8   0x0000008c   Data   RO         2884    .constdata__ZTVN4mbed6SerialE  mbed/TARGET_EFM32WG_STK3800/TOOLCHAIN_ARM_STD/mbed.ar(Serial.o)
    0x00008c74   0x00008c74   0x0000006c   Data   RO         3354    .constdata__ZTVN4mbed6StreamE  mbed/TARGET_EFM32WG_STK3800/TOOLCHAIN_ARM_STD/mbed.ar(Stream.o)
    0x00008ce0   0x00008ce0   0x00000014   Data   RO         3053    .constdata__ZTVN4mbed6TickerE  mbed/TARGET_EFM32WG_STK3800/TOOLCHAIN_ARM_STD/mbed.ar(Ticker.o)
    0x00008cf4   0x00008cf4   0x00000010   Data   RO         3466    .constdata__ZTVN4mbed8FileBaseE  mbed/TARGET_EFM32WG_STK3800/TOOLCHAIN_ARM_STD/mbed.ar(FileBase.o)
    0x00008d04   0x00008d04   0x00000014   Data   RO         1157    .constdata__ZZN12SingletonPtrI13PlatformMutexE3getEvEs  mbed/TARGET_EFM32WG_STK3800/TOOLCHAIN_ARM_STD/mbed_retarget.o
    0x00008d18   0x00008d18   0x00000048   Data   RO         1158    .constdata__ZZN12SingletonPtrI13PlatformMutexE3getEvEs_0  mbed/TARGET_EFM32WG_STK3800/TOOLCHAIN_ARM_STD/mbed_retarget.o
    0x00008d60   0x00008d60   0x0000000c   Data   RO         1859    .constdata__ZZN4mbed8CallbackIFvvEE8generateIPS1_EEvRKT_E3ops  .\build\main.o
    0x00008d6c   0x00008d6c   0x00000059   Data   RO          881    .conststring        mbed/TARGET_EFM32WG_STK3800/TOOLCHAIN_ARM_STD/gpio_api.o
    0x00008dc5   0x00008dc5   0x00000003   PAD
    0x00008dc8   0x00008dc8   0x00000057   Data   RO         1199    .conststring        mbed/TARGET_EFM32WG_STK3800/TOOLCHAIN_ARM_STD/pinmap.o
    0x00008e1f   0x00008e1f   0x00000001   PAD
    0x00008e20   0x00008e20   0x000000af   Data   RO         1378    .conststring        mbed/TARGET_EFM32WG_STK3800/TOOLCHAIN_ARM_STD/serial_api.o
    0x00008ecf   0x00008ecf   0x00000001   PAD
    0x00008ed0   0x00008ed0   0x0000005a   Data   RO         1565    .conststring        mbed/TARGET_EFM32WG_STK3800/TOOLCHAIN_ARM_STD/us_ticker.o
    0x00008f2a   0x00008f2a   0x00000002   PAD
    0x00008f2c   0x00008f2c   0x00000016   Data   RO         1662    .conststring        .\build\main.o
    0x00008f42   0x00008f42   0x00000002   PAD
    0x00008f44   0x00008f44   0x00000020   Data   RO         4381    Region$$Table       anon$$obj.o
    0x00008f64   0x00008f64   0x0000001c   Data   RO         4209    locale$$data        C:\Keil_v5\ARM\ARMCC\Bin\..\lib\armlib\c_w.l(lc_numeric_c.o)
    0x00008f80   0x00008f80   0x00000110   Data   RO         4283    locale$$data        C:\Keil_v5\ARM\ARMCC\Bin\..\lib\armlib\c_w.l(lc_ctype_c.o)
    0x00009090   0x00009090   0x00000004   Data   RO         1664    .init_array         .\build\main.o
    0x00009094   0x00009090   0x00000000   Data   RO         3651    .init_array         C:\Keil_v5\ARM\ARMCC\Bin\..\lib\armlib\c_w.l(init_aeabi.o)


    Execution Region RW_IRAM1 (Exec base: 0x200000e0, Load base: 0x00009094, Size: 0x00001dc8, Max: 0x00007f20, ABSOLUTE)

    Exec Addr    Load Addr    Size         Type   Attr      Idx    E Section Name        Object

    0x200000e0   0x00009094   0x00000008   Data   RW           44    .data               mbed/TARGET_EFM32WG_STK3800/TOOLCHAIN_ARM_STD/dma_api.o
    0x200000e8   0x0000909c   0x0000000c   Data   RW          903    .data               mbed/TARGET_EFM32WG_STK3800/TOOLCHAIN_ARM_STD/gpio_irq_api.o
    0x200000f4   0x000090a8   0x00000004   Data   RW          976    .data               mbed/TARGET_EFM32WG_STK3800/TOOLCHAIN_ARM_STD/lp_ticker.o
    0x200000f8   0x000090ac   0x00000008   Data   RW         1005    .data               mbed/TARGET_EFM32WG_STK3800/TOOLCHAIN_ARM_STD/mbed_overrides.o
    0x20000100   0x000090b4   0x00000010   Data   RW         1095    .data               mbed/TARGET_EFM32WG_STK3800/TOOLCHAIN_ARM_STD/mbed_retarget.o
    0x20000110   0x000090c4   0x00000004   Data   RW         1200    .data               mbed/TARGET_EFM32WG_STK3800/TOOLCHAIN_ARM_STD/pinmap.o
    0x20000114   0x000090c8   0x00000014   Data   RW         1297    .data               mbed/TARGET_EFM32WG_STK3800/TOOLCHAIN_ARM_STD/rtc_api.o
    0x20000128   0x000090dc   0x00000008   Data   RW         1379    .data               mbed/TARGET_EFM32WG_STK3800/TOOLCHAIN_ARM_STD/serial_api.o
    0x20000130   0x000090e4   0x00000018   Data   RW         1566    .data               mbed/TARGET_EFM32WG_STK3800/TOOLCHAIN_ARM_STD/us_ticker.o
    0x20000148   0x000090fc   0x0000000c   Data   RW         1595    .data               .\mbed\TARGET_EFM32WG_STK3800\TOOLCHAIN_ARM_STD\system_efm32wg.o
    0x20000154   0x00009108   0x00000004   PAD
    0x20000158   0x0000910c   0x00000070   Data   RW         1663    .data               .\build\main.o
    0x200001c8   0x0000917c   0x00000002   Data   RW         3197    .data               mbed/TARGET_EFM32WG_STK3800/TOOLCHAIN_ARM_STD/mbed.ar(mbed_sleep_manager.o)
    0x200001ca   0x0000917e   0x00000001   Data   RW         3381    .data               mbed/TARGET_EFM32WG_STK3800/TOOLCHAIN_ARM_STD/mbed.ar(mbed_error.o)
    0x200001cb   0x0000917f   0x00000001   PAD
    0x200001cc   0x00009180   0x00000008   Data   RW         3405    .data               mbed/TARGET_EFM32WG_STK3800/TOOLCHAIN_ARM_STD/mbed.ar(mbed_critical.o)
    0x200001d4   0x00009188   0x0000000c   Data   RW         3454    .data               mbed/TARGET_EFM32WG_STK3800/TOOLCHAIN_ARM_STD/mbed.ar(FileBase.o)
    0x200001e0   0x00009194   0x00000004   Data   RW         3621    .data               C:\Keil_v5\ARM\ARMCC\Bin\..\lib\armlib\c_w.l(stdio_streams.o)
    0x200001e4   0x00009198   0x00000004   Data   RW         3622    .data               C:\Keil_v5\ARM\ARMCC\Bin\..\lib\armlib\c_w.l(stdio_streams.o)
    0x200001e8   0x0000919c   0x00000004   Data   RW         3623    .data               C:\Keil_v5\ARM\ARMCC\Bin\..\lib\armlib\c_w.l(stdio_streams.o)
    0x200001ec        -       0x00000040   Zero   RW          901    .bss                mbed/TARGET_EFM32WG_STK3800/TOOLCHAIN_ARM_STD/gpio_irq_api.o
    0x2000022c        -       0x00000144   Zero   RW         1091    .bss                mbed/TARGET_EFM32WG_STK3800/TOOLCHAIN_ARM_STD/mbed_retarget.o
    0x20000370        -       0x0000008c   Zero   RW         1376    .bss                mbed/TARGET_EFM32WG_STK3800/TOOLCHAIN_ARM_STD/serial_api.o
    0x200003fc        -       0x00000014   Zero   RW         1456    .bss                mbed/TARGET_EFM32WG_STK3800/TOOLCHAIN_ARM_STD/sleep.o
    0x20000410        -       0x00000950   Zero   RW         1660    .bss                .\build\main.o
    0x20000d60        -       0x00000018   Zero   RW         3164    .bss                mbed/TARGET_EFM32WG_STK3800/TOOLCHAIN_ARM_STD/mbed.ar(mbed_lp_ticker_api.o)
    0x20000d78        -       0x00000018   Zero   RW         3210    .bss                mbed/TARGET_EFM32WG_STK3800/TOOLCHAIN_ARM_STD/mbed.ar(mbed_us_ticker_api.o)
    0x20000d90        -       0x00000004   Zero   RW         3516    .bss                C:\Keil_v5\ARM\ARMCC\Bin\..\lib\armlib\c_w.l(rt_errno_addr.o)
    0x20000d94        -       0x00000054   Zero   RW         3618    .bss                C:\Keil_v5\ARM\ARMCC\Bin\..\lib\armlib\c_w.l(stdio_streams.o)
    0x20000de8        -       0x00000054   Zero   RW         3619    .bss                C:\Keil_v5\ARM\ARMCC\Bin\..\lib\armlib\c_w.l(stdio_streams.o)
    0x20000e3c        -       0x00000054   Zero   RW         3620    .bss                C:\Keil_v5\ARM\ARMCC\Bin\..\lib\armlib\c_w.l(stdio_streams.o)
    0x20000e90        -       0x00000004   Zero   RW         3786    .bss                C:\Keil_v5\ARM\ARMCC\Bin\..\lib\armlib\c_w.l(rt_heap_descriptor.o)
    0x20000e94        -       0x00000014   Zero   RW         4169    .bss                C:\Keil_v5\ARM\ARMCC\Bin\..\lib\armlib\c_w.l(rt_locale.o)
    0x20000ea8        -       0x00000c00   Zero   RW         1578    HEAP                .\mbed\TARGET_EFM32WG_STK3800\TOOLCHAIN_ARM_STD\startup_efm32wg.o
    0x20001aa8        -       0x00000400   Zero   RW         1577    STACK               .\mbed\TARGET_EFM32WG_STK3800\TOOLCHAIN_ARM_STD\startup_efm32wg.o


==============================================================================

Image component sizes


      Code (inc. data)   RO Data    RW Data    ZI Data      Debug   Object Name

         0          0        552          0          0          0   mbed/TARGET_EFM32WG_STK3800/TOOLCHAIN_ARM_STD/PeripheralPins.o
        28          6          0          8          0        116   mbed/TARGET_EFM32WG_STK3800/TOOLCHAIN_ARM_STD/dma_api.o
      2296        264          0          0          0       1340   mbed/TARGET_EFM32WG_STK3800/TOOLCHAIN_ARM_STD/em_cmu.o
       140         14          0          0          0        252   mbed/TARGET_EFM32WG_STK3800/TOOLCHAIN_ARM_STD/em_dma.o
       108          0          0          0          0        136   mbed/TARGET_EFM32WG_STK3800/TOOLCHAIN_ARM_STD/em_gpio.o
       400         42          0          0          0        728   mbed/TARGET_EFM32WG_STK3800/TOOLCHAIN_ARM_STD/em_leuart.o
        84         18          0          0          0        348   mbed/TARGET_EFM32WG_STK3800/TOOLCHAIN_ARM_STD/em_rtc.o
       124          0          0          0          0        116   mbed/TARGET_EFM32WG_STK3800/TOOLCHAIN_ARM_STD/em_timer.o
       408         28          0          0          0        724   mbed/TARGET_EFM32WG_STK3800/TOOLCHAIN_ARM_STD/em_usart.o
       258         26         89          0          0        476   mbed/TARGET_EFM32WG_STK3800/TOOLCHAIN_ARM_STD/gpio_api.o
       384         32          0         12         64        280   mbed/TARGET_EFM32WG_STK3800/TOOLCHAIN_ARM_STD/gpio_irq_api.o
       336         52          0          4          0        748   mbed/TARGET_EFM32WG_STK3800/TOOLCHAIN_ARM_STD/lp_ticker.o
      5068       1786        130        112       2384     258696   .\build\main.o
       252         18          0          0          0        404   mbed/TARGET_EFM32WG_STK3800/TOOLCHAIN_ARM_STD/mbed_board.o
        72         18          0          8          0        128   mbed/TARGET_EFM32WG_STK3800/TOOLCHAIN_ARM_STD/mbed_overrides.o
      1276        120        115         16        324       1928   mbed/TARGET_EFM32WG_STK3800/TOOLCHAIN_ARM_STD/mbed_retarget.o
        44          4          0          0          0        368   mbed/TARGET_EFM32WG_STK3800/TOOLCHAIN_ARM_STD/mbed_sdk_boot.o
       112         26         87          4          0        136   mbed/TARGET_EFM32WG_STK3800/TOOLCHAIN_ARM_STD/pinmap.o
        88         30          0          0          0        124   mbed/TARGET_EFM32WG_STK3800/TOOLCHAIN_ARM_STD/pinmap_function.o
       200         42          3         20          0        360   mbed/TARGET_EFM32WG_STK3800/TOOLCHAIN_ARM_STD/rtc_api.o
      4324        498        255          8        140       3664   mbed/TARGET_EFM32WG_STK3800/TOOLCHAIN_ARM_STD/serial_api.o
        68          8          0          0         20        256   mbed/TARGET_EFM32WG_STK3800/TOOLCHAIN_ARM_STD/sleep.o
        64         26        224          0       4096        292   .\mbed\TARGET_EFM32WG_STK3800\TOOLCHAIN_ARM_STD\startup_efm32wg.o
       516        126          0         12          0       1160   .\mbed\TARGET_EFM32WG_STK3800\TOOLCHAIN_ARM_STD\system_efm32wg.o
       680         92         90         24          0        864   mbed/TARGET_EFM32WG_STK3800/TOOLCHAIN_ARM_STD/us_ticker.o

    ----------------------------------------------------------------------
     17354       3276       1588        232       7028     273644   Object Totals
         0          0         32          0          0          0   (incl. Generated)
        24          0         11          4          0          0   (incl. Padding)

    ----------------------------------------------------------------------

      Code (inc. data)   RO Data    RW Data    ZI Data      Debug   Library Member Name

        60          8          0          0          0         84   C:\Keil_v5\ARM\ARMCC\Bin\..\lib\armlib\c_w.l(__0sscanf.o)
         8          0          0          0          0         68   C:\Keil_v5\ARM\ARMCC\Bin\..\lib\armlib\c_w.l(__main.o)
       392          4         17          0          0         92   C:\Keil_v5\ARM\ARMCC\Bin\..\lib\armlib\c_w.l(__printf_flags_ss_wp.o)
        14          0          0          0          0         68   C:\Keil_v5\ARM\ARMCC\Bin\..\lib\armlib\c_w.l(__printf_wp.o)
         0          0          0          0          0          0   C:\Keil_v5\ARM\ARMCC\Bin\..\lib\armlib\c_w.l(__rtentry.o)
        20          0          0          0          0          0   C:\Keil_v5\ARM\ARMCC\Bin\..\lib\armlib\c_w.l(__rtentry2.o)
         6          0          0          0          0          0   C:\Keil_v5\ARM\ARMCC\Bin\..\lib\armlib\c_w.l(__rtentry4.o)
        52          8          0          0          0          0   C:\Keil_v5\ARM\ARMCC\Bin\..\lib\armlib\c_w.l(__scatter.o)
        26          0          0          0          0          0   C:\Keil_v5\ARM\ARMCC\Bin\..\lib\armlib\c_w.l(__scatter_copy.o)
        28          0          0          0          0          0   C:\Keil_v5\ARM\ARMCC\Bin\..\lib\armlib\c_w.l(__scatter_zi.o)
        28          0          0          0          0         68   C:\Keil_v5\ARM\ARMCC\Bin\..\lib\armlib\c_w.l(_chval.o)
         6          0          0          0          0          0   C:\Keil_v5\ARM\ARMCC\Bin\..\lib\armlib\c_w.l(_printf_a.o)
         6          0          0          0          0          0   C:\Keil_v5\ARM\ARMCC\Bin\..\lib\armlib\c_w.l(_printf_c.o)
        44          0          0          0          0        108   C:\Keil_v5\ARM\ARMCC\Bin\..\lib\armlib\c_w.l(_printf_char.o)
        48          6          0          0          0         96   C:\Keil_v5\ARM\ARMCC\Bin\..\lib\armlib\c_w.l(_printf_char_common.o)
        36          4          0          0          0         80   C:\Keil_v5\ARM\ARMCC\Bin\..\lib\armlib\c_w.l(_printf_char_file.o)
        40          0          0          0          0         68   C:\Keil_v5\ARM\ARMCC\Bin\..\lib\armlib\c_w.l(_printf_charcount.o)
         6          0          0          0          0          0   C:\Keil_v5\ARM\ARMCC\Bin\..\lib\armlib\c_w.l(_printf_d.o)
       120         16          0          0          0         92   C:\Keil_v5\ARM\ARMCC\Bin\..\lib\armlib\c_w.l(_printf_dec.o)
         6          0          0          0          0          0   C:\Keil_v5\ARM\ARMCC\Bin\..\lib\armlib\c_w.l(_printf_e.o)
         6          0          0          0          0          0   C:\Keil_v5\ARM\ARMCC\Bin\..\lib\armlib\c_w.l(_printf_f.o)
      1054          0          0          0          0        216   C:\Keil_v5\ARM\ARMCC\Bin\..\lib\armlib\c_w.l(_printf_fp_dec.o)
       764          8         38          0          0        100   C:\Keil_v5\ARM\ARMCC\Bin\..\lib\armlib\c_w.l(_printf_fp_hex.o)
       128         16          0          0          0         84   C:\Keil_v5\ARM\ARMCC\Bin\..\lib\armlib\c_w.l(_printf_fp_infnan.o)
         6          0          0          0          0          0   C:\Keil_v5\ARM\ARMCC\Bin\..\lib\armlib\c_w.l(_printf_g.o)
       148          4         40          0          0        160   C:\Keil_v5\ARM\ARMCC\Bin\..\lib\armlib\c_w.l(_printf_hex_int_ll_ptr.o)
         6          0          0          0          0          0   C:\Keil_v5\ARM\ARMCC\Bin\..\lib\armlib\c_w.l(_printf_i.o)
       178          0          0          0          0         88   C:\Keil_v5\ARM\ARMCC\Bin\..\lib\armlib\c_w.l(_printf_intcommon.o)
        10          0          0          0          0          0   C:\Keil_v5\ARM\ARMCC\Bin\..\lib\armlib\c_w.l(_printf_l.o)
         6          0          0          0          0          0   C:\Keil_v5\ARM\ARMCC\Bin\..\lib\armlib\c_w.l(_printf_lc.o)
        10          0          0          0          0          0   C:\Keil_v5\ARM\ARMCC\Bin\..\lib\armlib\c_w.l(_printf_ll.o)
         6          0          0          0          0          0   C:\Keil_v5\ARM\ARMCC\Bin\..\lib\armlib\c_w.l(_printf_lld.o)
         6          0          0          0          0          0   C:\Keil_v5\ARM\ARMCC\Bin\..\lib\armlib\c_w.l(_printf_lli.o)
         6          0          0          0          0          0   C:\Keil_v5\ARM\ARMCC\Bin\..\lib\armlib\c_w.l(_printf_llo.o)
         6          0          0          0          0          0   C:\Keil_v5\ARM\ARMCC\Bin\..\lib\armlib\c_w.l(_printf_llu.o)
         6          0          0          0          0          0   C:\Keil_v5\ARM\ARMCC\Bin\..\lib\armlib\c_w.l(_printf_llx.o)
       124         16          0          0          0         92   C:\Keil_v5\ARM\ARMCC\Bin\..\lib\armlib\c_w.l(_printf_longlong_dec.o)
         6          0          0          0          0          0   C:\Keil_v5\ARM\ARMCC\Bin\..\lib\armlib\c_w.l(_printf_ls.o)
         6          0          0          0          0          0   C:\Keil_v5\ARM\ARMCC\Bin\..\lib\armlib\c_w.l(_printf_n.o)
         6          0          0          0          0          0   C:\Keil_v5\ARM\ARMCC\Bin\..\lib\armlib\c_w.l(_printf_o.o)
       112         10          0          0          0        124   C:\Keil_v5\ARM\ARMCC\Bin\..\lib\armlib\c_w.l(_printf_oct_int_ll.o)
         6          0          0          0          0          0   C:\Keil_v5\ARM\ARMCC\Bin\..\lib\armlib\c_w.l(_printf_p.o)
        78          0          0          0          0        108   C:\Keil_v5\ARM\ARMCC\Bin\..\lib\armlib\c_w.l(_printf_pad.o)
         0          0          0          0          0          0   C:\Keil_v5\ARM\ARMCC\Bin\..\lib\armlib\c_w.l(_printf_percent.o)
         4          0          0          0          0          0   C:\Keil_v5\ARM\ARMCC\Bin\..\lib\armlib\c_w.l(_printf_percent_end.o)
         6          0          0          0          0          0   C:\Keil_v5\ARM\ARMCC\Bin\..\lib\armlib\c_w.l(_printf_s.o)
        82          0          0          0          0         80   C:\Keil_v5\ARM\ARMCC\Bin\..\lib\armlib\c_w.l(_printf_str.o)
        36          0          0          0          0         84   C:\Keil_v5\ARM\ARMCC\Bin\..\lib\armlib\c_w.l(_printf_truncate.o)
         6          0          0          0          0          0   C:\Keil_v5\ARM\ARMCC\Bin\..\lib\armlib\c_w.l(_printf_u.o)
        44          0          0          0          0        108   C:\Keil_v5\ARM\ARMCC\Bin\..\lib\armlib\c_w.l(_printf_wchar.o)
       188          6          8          0          0         92   C:\Keil_v5\ARM\ARMCC\Bin\..\lib\armlib\c_w.l(_printf_wctomb.o)
         6          0          0          0          0          0   C:\Keil_v5\ARM\ARMCC\Bin\..\lib\armlib\c_w.l(_printf_x.o)
       884          6          0          0          0        100   C:\Keil_v5\ARM\ARMCC\Bin\..\lib\armlib\c_w.l(_scanf.o)
       332          0          0          0          0         96   C:\Keil_v5\ARM\ARMCC\Bin\..\lib\armlib\c_w.l(_scanf_int.o)
       224          0          0          0          0         96   C:\Keil_v5\ARM\ARMCC\Bin\..\lib\armlib\c_w.l(_scanf_str.o)
        64          0          0          0          0         84   C:\Keil_v5\ARM\ARMCC\Bin\..\lib\armlib\c_w.l(_sgetc.o)
        16          0          0          0          0         68   C:\Keil_v5\ARM\ARMCC\Bin\..\lib\armlib\c_w.l(_snputc.o)
        10          0          0          0          0         68   C:\Keil_v5\ARM\ARMCC\Bin\..\lib\armlib\c_w.l(_sputc.o)
        64          0          0          0          0         92   C:\Keil_v5\ARM\ARMCC\Bin\..\lib\armlib\c_w.l(_wcrtomb.o)
       228          4        148          0          0         96   C:\Keil_v5\ARM\ARMCC\Bin\..\lib\armlib\c_w.l(bigflt0.o)
      1936        128          0          0          0        672   C:\Keil_v5\ARM\ARMCC\Bin\..\lib\armlib\c_w.l(btod.o)
        10          0          0          0          0         68   C:\Keil_v5\ARM\ARMCC\Bin\..\lib\armlib\c_w.l(c89vfprintf.o)
        10          0          0          0          0         68   C:\Keil_v5\ARM\ARMCC\Bin\..\lib\armlib\c_w.l(defsig_exit.o)
        50          0          0          0          0         88   C:\Keil_v5\ARM\ARMCC\Bin\..\lib\armlib\c_w.l(defsig_general.o)
        48         34          0          0          0         76   C:\Keil_v5\ARM\ARMCC\Bin\..\lib\armlib\c_w.l(defsig_pvfn_inner.o)
        14          0          0          0          0         80   C:\Keil_v5\ARM\ARMCC\Bin\..\lib\armlib\c_w.l(defsig_pvfn_outer.o)
        80         58          0          0          0         76   C:\Keil_v5\ARM\ARMCC\Bin\..\lib\armlib\c_w.l(defsig_rtmem_inner.o)
        14          0          0          0          0         80   C:\Keil_v5\ARM\ARMCC\Bin\..\lib\armlib\c_w.l(defsig_rtmem_outer.o)
        52         38          0          0          0         76   C:\Keil_v5\ARM\ARMCC\Bin\..\lib\armlib\c_w.l(defsig_rtred_inner.o)
        14          0          0          0          0         80   C:\Keil_v5\ARM\ARMCC\Bin\..\lib\armlib\c_w.l(defsig_rtred_outer.o)
        76          0          0          0          0         88   C:\Keil_v5\ARM\ARMCC\Bin\..\lib\armlib\c_w.l(fclose.o)
         8          0          0          0          0         68   C:\Keil_v5\ARM\ARMCC\Bin\..\lib\armlib\c_w.l(ferror.o)
       100          4          0          0          0        120   C:\Keil_v5\ARM\ARMCC\Bin\..\lib\armlib\c_w.l(fflush.o)
        24          0          0          0          0         68   C:\Keil_v5\ARM\ARMCC\Bin\..\lib\armlib\c_w.l(fgetc.o)
       570          0          0          0          0        132   C:\Keil_v5\ARM\ARMCC\Bin\..\lib\armlib\c_w.l(filbuf.o)
       470          0          0          0          0         88   C:\Keil_v5\ARM\ARMCC\Bin\..\lib\armlib\c_w.l(flsbuf.o)
        56          6          0          0          0         80   C:\Keil_v5\ARM\ARMCC\Bin\..\lib\armlib\c_w.l(flushlinebuffered.o)
       236          4          0          0          0        128   C:\Keil_v5\ARM\ARMCC\Bin\..\lib\armlib\c_w.l(fopen.o)
        26          0          0          0          0         68   C:\Keil_v5\ARM\ARMCC\Bin\..\lib\armlib\c_w.l(fputc.o)
       248          6          0          0          0         84   C:\Keil_v5\ARM\ARMCC\Bin\..\lib\armlib\c_w.l(fseek.o)
        66          0          0          0          0         76   C:\Keil_v5\ARM\ARMCC\Bin\..\lib\armlib\c_w.l(ftell.o)
        94          0          0          0          0         80   C:\Keil_v5\ARM\ARMCC\Bin\..\lib\armlib\c_w.l(h1_alloc.o)
        52          0          0          0          0         68   C:\Keil_v5\ARM\ARMCC\Bin\..\lib\armlib\c_w.l(h1_extend.o)
        78          0          0          0          0         80   C:\Keil_v5\ARM\ARMCC\Bin\..\lib\armlib\c_w.l(h1_free.o)
        14          0          0          0          0         84   C:\Keil_v5\ARM\ARMCC\Bin\..\lib\armlib\c_w.l(h1_init.o)
         6          0          0          0          0        152   C:\Keil_v5\ARM\ARMCC\Bin\..\lib\armlib\c_w.l(heapauxi.o)
         4          0          0          0          0        136   C:\Keil_v5\ARM\ARMCC\Bin\..\lib\armlib\c_w.l(hguard.o)
         0          0          0          0          0          0   C:\Keil_v5\ARM\ARMCC\Bin\..\lib\armlib\c_w.l(indicate_semi.o)
        36         10          0          0          0         80   C:\Keil_v5\ARM\ARMCC\Bin\..\lib\armlib\c_w.l(init_aeabi.o)
       138          0          0          0          0        168   C:\Keil_v5\ARM\ARMCC\Bin\..\lib\armlib\c_w.l(init_alloc.o)
       312         46          0          0          0        112   C:\Keil_v5\ARM\ARMCC\Bin\..\lib\armlib\c_w.l(initio.o)
        18          0          0          0          0         76   C:\Keil_v5\ARM\ARMCC\Bin\..\lib\armlib\c_w.l(isspace.o)
        44         10        272          0          0         76   C:\Keil_v5\ARM\ARMCC\Bin\..\lib\armlib\c_w.l(lc_ctype_c.o)
        44         10         28          0          0         76   C:\Keil_v5\ARM\ARMCC\Bin\..\lib\armlib\c_w.l(lc_numeric_c.o)
         2          0          0          0          0          0   C:\Keil_v5\ARM\ARMCC\Bin\..\lib\armlib\c_w.l(libinit.o)
        50          0          0          0          0          0   C:\Keil_v5\ARM\ARMCC\Bin\..\lib\armlib\c_w.l(libinit2.o)
         0          0          0          0          0          0   C:\Keil_v5\ARM\ARMCC\Bin\..\lib\armlib\c_w.l(libshutdown2.o)
       138          0          0          0          0         80   C:\Keil_v5\ARM\ARMCC\Bin\..\lib\armlib\c_w.l(lludiv10.o)
       238          0          0          0          0        100   C:\Keil_v5\ARM\ARMCC\Bin\..\lib\armlib\c_w.l(lludivv7m.o)
         0          0          0          0          0          0   C:\Keil_v5\ARM\ARMCC\Bin\..\lib\armlib\c_w.l(maybetermalloc1.o)
        16          4          0          0          0         76   C:\Keil_v5\ARM\ARMCC\Bin\..\lib\armlib\c_w.l(rt_ctype_table.o)
         8          4          0          0          4         68   C:\Keil_v5\ARM\ARMCC\Bin\..\lib\armlib\c_w.l(rt_errno_addr.o)
         8          4          0          0          4         68   C:\Keil_v5\ARM\ARMCC\Bin\..\lib\armlib\c_w.l(rt_heap_descriptor.o)
         8          4          0          0         20         68   C:\Keil_v5\ARM\ARMCC\Bin\..\lib\armlib\c_w.l(rt_locale.o)
        78          0          0          0          0         80   C:\Keil_v5\ARM\ARMCC\Bin\..\lib\armlib\c_w.l(rt_memclr_w.o)
       100          0          0          0          0         80   C:\Keil_v5\ARM\ARMCC\Bin\..\lib\armlib\c_w.l(rt_memcpy_w.o)
        44          8          0          0          0         84   C:\Keil_v5\ARM\ARMCC\Bin\..\lib\armlib\c_w.l(scanf_char.o)
        20          0          0          0          0         68   C:\Keil_v5\ARM\ARMCC\Bin\..\lib\armlib\c_w.l(setbuf.o)
        70          0          0          0          0         80   C:\Keil_v5\ARM\ARMCC\Bin\..\lib\armlib\c_w.l(setvbuf.o)
       240          6          0          0          0        156   C:\Keil_v5\ARM\ARMCC\Bin\..\lib\armlib\c_w.l(stdio.o)
         0          0          0         12        252          0   C:\Keil_v5\ARM\ARMCC\Bin\..\lib\armlib\c_w.l(stdio_streams.o)
       128          0          0          0          0         68   C:\Keil_v5\ARM\ARMCC\Bin\..\lib\armlib\c_w.l(strcmpv7m.o)
        62          0          0          0          0         76   C:\Keil_v5\ARM\ARMCC\Bin\..\lib\armlib\c_w.l(strlen.o)
       150          0          0          0          0         80   C:\Keil_v5\ARM\ARMCC\Bin\..\lib\armlib\c_w.l(strncmp.o)
        12          4          0          0          0         68   C:\Keil_v5\ARM\ARMCC\Bin\..\lib\armlib\c_w.l(sys_exit.o)
        14          0          0          0          0         76   C:\Keil_v5\ARM\ARMCC\Bin\..\lib\armlib\c_w.l(sys_wrch.o)
         2          0          0          0          0         68   C:\Keil_v5\ARM\ARMCC\Bin\..\lib\armlib\c_w.l(use_no_semi.o)
        52          4          0          0          0         80   C:\Keil_v5\ARM\ARMCC\Bin\..\lib\armlib\c_w.l(vsnprintf.o)
        36          0          0          0          0         84   C:\Keil_v5\ARM\ARMCC\Bin\..\lib\cpplib\cpprt_w.l(aeabi_vec_ctor_nocookie_nodtor.o)
        34          0          0          0          0         84   C:\Keil_v5\ARM\ARMCC\Bin\..\lib\cpplib\cpprt_w.l(aeabi_vec_dtor_noexceptions.o)
         6          0          0          0          0         68   C:\Keil_v5\ARM\ARMCC\Bin\..\lib\cpplib\cpprt_w.l(pure_virt.o)
        92          4          0          0          0        132   C:\Keil_v5\ARM\ARMCC\Bin\..\lib\armlib\fz_wm.l(ffixull.o)
       140          4          0          0          0        132   C:\Keil_v5\ARM\ARMCC\Bin\..\lib\armlib\fz_wm.l(fnaninf.o)
        10          0          0          0          0        116   C:\Keil_v5\ARM\ARMCC\Bin\..\lib\armlib\fz_wm.l(fpinit.o)
         4          0          0          0          0        116   C:\Keil_v5\ARM\ARMCC\Bin\..\lib\armlib\fz_wm.l(printf1.o)
         4          0          0          0          0        116   C:\Keil_v5\ARM\ARMCC\Bin\..\lib\armlib\fz_wm.l(printf2.o)
         0          0          0          0          0          0   C:\Keil_v5\ARM\ARMCC\Bin\..\lib\armlib\fz_wm.l(usenofp.o)
        48          0          0          0          0        124   C:\Keil_v5\ARM\ARMCC\Bin\..\lib\armlib\m_wm.l(fpclassify.o)
       304         52         16         12          0        620   mbed/TARGET_EFM32WG_STK3800/TOOLCHAIN_ARM_STD/mbed.ar(FileBase.o)
        60          0         76          0          0        360   mbed/TARGET_EFM32WG_STK3800/TOOLCHAIN_ARM_STD/mbed.ar(FileHandle.o)
       160          0          0          0          0        728   mbed/TARGET_EFM32WG_STK3800/TOOLCHAIN_ARM_STD/mbed.ar(FilePath.o)
       100         10        140          0          0        948   mbed/TARGET_EFM32WG_STK3800/TOOLCHAIN_ARM_STD/mbed.ar(Serial.o)
      1006         34         40          0          0       1664   mbed/TARGET_EFM32WG_STK3800/TOOLCHAIN_ARM_STD/mbed.ar(SerialBase.o)
       372         50        108          0          0       1472   mbed/TARGET_EFM32WG_STK3800/TOOLCHAIN_ARM_STD/mbed.ar(Stream.o)
       228          6         20          0          0        404   mbed/TARGET_EFM32WG_STK3800/TOOLCHAIN_ARM_STD/mbed.ar(Ticker.o)
       314          0          0          0          0        768   mbed/TARGET_EFM32WG_STK3800/TOOLCHAIN_ARM_STD/mbed.ar(Timer.o)
       150         24         20          0          0        728   mbed/TARGET_EFM32WG_STK3800/TOOLCHAIN_ARM_STD/mbed.ar(TimerEvent.o)
        84         52          0          0          0        136   mbed/TARGET_EFM32WG_STK3800/TOOLCHAIN_ARM_STD/mbed.ar(mbed_assert.o)
       400        218          0          8          0        508   mbed/TARGET_EFM32WG_STK3800/TOOLCHAIN_ARM_STD/mbed.ar(mbed_critical.o)
        40          4          0          1          0        136   mbed/TARGET_EFM32WG_STK3800/TOOLCHAIN_ARM_STD/mbed.ar(mbed_error.o)
       148          0          0          0          0        416   mbed/TARGET_EFM32WG_STK3800/TOOLCHAIN_ARM_STD/mbed.ar(mbed_gpio.o)
        20         10         32          0         24        232   mbed/TARGET_EFM32WG_STK3800/TOOLCHAIN_ARM_STD/mbed.ar(mbed_lp_ticker_api.o)
       152         56          0          0          0        248   mbed/TARGET_EFM32WG_STK3800/TOOLCHAIN_ARM_STD/mbed.ar(mbed_pinmap_common.o)
       180         98          0          2          0        256   mbed/TARGET_EFM32WG_STK3800/TOOLCHAIN_ARM_STD/mbed.ar(mbed_sleep_manager.o)
       586          0          0          0          0       1056   mbed/TARGET_EFM32WG_STK3800/TOOLCHAIN_ARM_STD/mbed.ar(mbed_ticker_api.o)
        20         10         32          0         24        232   mbed/TARGET_EFM32WG_STK3800/TOOLCHAIN_ARM_STD/mbed.ar(mbed_us_ticker_api.o)
        84          4          0          0          0        256   mbed/TARGET_EFM32WG_STK3800/TOOLCHAIN_ARM_STD/mbed.ar(mbed_wait_api_no_rtos.o)

    ----------------------------------------------------------------------
     17034       1144       1036         36        328      20076   Library Totals
        40          0          1          1          0          0   (incl. Padding)

    ----------------------------------------------------------------------

      Code (inc. data)   RO Data    RW Data    ZI Data      Debug   Library Name

     12212        508        551         12        280       7936   C:\Keil_v5\ARM\ARMCC\Bin\..\lib\armlib\c_w.l
        76          0          0          0          0        236   C:\Keil_v5\ARM\ARMCC\Bin\..\lib\cpplib\cpprt_w.l
       250          8          0          0          0        612   C:\Keil_v5\ARM\ARMCC\Bin\..\lib\armlib\fz_wm.l
        48          0          0          0          0        124   C:\Keil_v5\ARM\ARMCC\Bin\..\lib\armlib\m_wm.l
      4408        628        484         23         48      11168   mbed/TARGET_EFM32WG_STK3800/TOOLCHAIN_ARM_STD/mbed.ar

    ----------------------------------------------------------------------
     17034       1144       1036         36        328      20076   Library Totals

    ----------------------------------------------------------------------

==============================================================================


      Code (inc. data)   RO Data    RW Data    ZI Data      Debug   

     34388       4420       2624        268       7356     265340   Grand Totals
     34388       4420       2624        268       7356     265340   ELF Image Totals
     34388       4420       2624        268          0          0   ROM Totals

==============================================================================

    Total RO  Size (Code + RO Data)                37012 (  36.14kB)
    Total RW  Size (RW Data + ZI Data)              7624 (   7.45kB)
    Total ROM Size (Code + RO Data + RW Data)      37280 (  36.41kB)

==============================================================================

