<html>
<body>
<pre>
<h1>µVision Build Log</h1>
<h2>Tool Versions:</h2>
IDE-Version: µVision V5.25.2.0
Copyright (C) 2018 ARM Ltd and ARM Germany GmbH. All rights reserved.
License Information: Peter Foy, Arrow, LIC=V859V-8YEW8-38ALB-KSEL2-NJ0C2-Q06LT
 
Tool Versions:
Toolchain:       MDK-ARM Professional  Version: 5.25.2.0
Toolchain Path:  C:\Keil_v5\ARM\ARMCC\Bin
C Compiler:      Armcc.exe V5.06 update 6 (build 750)
Assembler:       Armasm.exe V5.06 update 6 (build 750)
Linker/Locator:  ArmLink.exe V5.06 update 6 (build 750)
Library Manager: ArmAr.exe V5.06 update 6 (build 750)
Hex Converter:   FromElf.exe V5.06 update 6 (build 750)
CPU DLL:         SARMCM3.DLL V5.25.2.0
Dialog DLL:      DCM.DLL V1.17.1.0
Target DLL:      Segger\JL2CM3.dll V2.99.29.0
Dialog DLL:      TCM.DLL V1.35.1.0
 
<h2>Project:</h2>
C:\Keil_v5\BTS\BTS_Sky_Buffer\BTS_Sky_Buf.uvprojx
Project File Date:  04/16/2018

<h2>Output:</h2>
*** Using Compiler 'V5.06 update 6 (build 750)', folder: 'C:\Keil_v5\ARM\ARMCC\Bin'
Rebuild target 'BTS_Sky_Buf'
compiling MyBuffer.cpp...
compiling ATParser.cpp...
compiling BufferedSerial.cpp...
ATParser\BufferedSerial\BufferedSerial.cpp(29): warning:  #1361-D: function "mbed::SerialBase::attach(T *, void (T::*)(), mbed::SerialBase::IrqType) [with T=BufferedSerial]"  (declared at line 117 of "mbed/./drivers/SerialBase.h") was declared "deprecated"
      RawSerial::attach(this, &BufferedSerial::rxIrq, Serial::RxIrq);
ATParser\BufferedSerial\BufferedSerial.cpp(152): warning:  #1361-D: function "mbed::SerialBase::attach(T *, void (T::*)(), mbed::SerialBase::IrqType) [with T=BufferedSerial]"  (declared at line 117 of "mbed/./drivers/SerialBase.h") was declared "deprecated"
          RawSerial::attach(this, &BufferedSerial::txIrq, RawSerial::TxIrq);
ATParser\BufferedSerial\BufferedSerial.cpp: 2 warnings, 0 errors
compiling skytsvg.cpp...
compiling main.cpp...
main.cpp(52): warning:  #68-D: integer conversion resulted in a change of sign
    GPIO_PinModeSet((GPIO_Port_TypeDef) AF_USART1_TX_PORT(gpioPortC), AF_USART1_TX_PIN (USART0_TX_PIN), gpioModePushPull, 1);
main.cpp(53): warning:  #68-D: integer conversion resulted in a change of sign
    GPIO_PinModeSet((GPIO_Port_TypeDef) AF_USART1_RX_PORT(gpioPortC), AF_USART1_RX_PIN (USART0_RX_PIN), gpioModeInput, 0);
main.cpp: 2 warnings, 0 errors
compiling skywire.cpp...
linking...
Program Size: Code=33092 RO-data=2324 RW-data=280 ZI-data=7528  
".\BUILD\BTS_Sky_Buf.axf" - 0 Error(s), 4 Warning(s).

<h2>Software Packages used:</h2>

Package Vendor: SiliconLabs
                https://www.silabs.com/documents/public/cmsis-packs/SiliconLabs.EFM32WG_DFP.5.4.0.pack
                SiliconLabs.EFM32WG_DFP.5.4.0
                Silicon Labs EFM32WG Wonder Gecko Series Device Support.

<h2>Collection of Component include folders:</h2>
  .\RTE\_BTS_Sky_Buf
  C:\Keil_v5\ARM\PACK\SiliconLabs\EFM32WG_DFP\5.4.0\Device\SiliconLabs\EFM32WG\Include

<h2>Collection of Component Files used:</h2>
Build Time Elapsed:  00:00:02
</pre>
</body>
</html>
