<html>
<body>
<pre>
<h1>µVision Build Log</h1>
<h2>Tool Versions:</h2>
IDE-Version: µVision V5.25.2.0
Copyright (C) 2018 ARM Ltd and ARM Germany GmbH. All rights reserved.
License Information: Peter Foy, Arrow, LIC=V859V-8YEW8-38ALB-KSEL2-NJ0C2-Q06LT
 
Tool Versions:
Toolchain:       MDK-ARM Professional  Version: 5.25.2.0
Toolchain Path:  C:\Keil_v5\ARM\ARMCC\Bin
C Compiler:      Armcc.exe V5.06 update 6 (build 750)
Assembler:       Armasm.exe V5.06 update 6 (build 750)
Linker/Locator:  ArmLink.exe V5.06 update 6 (build 750)
Library Manager: ArmAr.exe V5.06 update 6 (build 750)
Hex Converter:   FromElf.exe V5.06 update 6 (build 750)
CPU DLL:         SARMCM3.DLL V5.25.2.0
Dialog DLL:      DCM.DLL V1.17.1.0
Target DLL:      Segger\JL2CM3.dll V2.99.29.0
Dialog DLL:      TCM.DLL V1.35.1.0
 
<h2>Project:</h2>
C:\Keil_v5\BTS\BTS_Skywire\BTS_Skywire.uvprojx
Project File Date:  04/15/2018

<h2>Output:</h2>
*** Using Compiler 'V5.06 update 6 (build 750)', folder: 'C:\Keil_v5\ARM\ARMCC\Bin'
Rebuild target 'BTS_Skywire'
compiling InitDevice.c...
compiling main.cpp...
main.cpp(413): warning:  #68-D: integer conversion resulted in a change of sign
    GPIO_PinModeSet((GPIO_Port_TypeDef) AF_USART1_TX_PORT(gpioPortC), AF_USART1_TX_PIN (USART0_TX_PIN), gpioModePushPull, 1);
main.cpp(414): warning:  #68-D: integer conversion resulted in a change of sign
    GPIO_PinModeSet((GPIO_Port_TypeDef) AF_USART1_RX_PORT(gpioPortC), AF_USART1_RX_PIN (USART0_RX_PIN), gpioModeInput, 0);
main.cpp: 2 warnings, 0 errors
linking...
Program Size: Code=34388 RO-data=2624 RW-data=268 ZI-data=7356  
".\BUILD\BTS_Skywire.axf" - 0 Error(s), 2 Warning(s).

<h2>Software Packages used:</h2>

Package Vendor: SiliconLabs
                https://www.silabs.com/documents/public/cmsis-packs/SiliconLabs.EFM32WG_DFP.5.4.0.pack
                SiliconLabs.EFM32WG_DFP.5.4.0
                Silicon Labs EFM32WG Wonder Gecko Series Device Support.

<h2>Collection of Component include folders:</h2>
  .\RTE\_BTS_Skywire
  C:\Keil_v5\ARM\PACK\SiliconLabs\EFM32WG_DFP\5.4.0\Device\SiliconLabs\EFM32WG\Include

<h2>Collection of Component Files used:</h2>
Build Time Elapsed:  00:00:01
</pre>
</body>
</html>
