Component: ARM Compiler 5.06 update 5 (build 528) Tool: armlink [4d35e2]

==============================================================================

Section Cross References

    mbed/TARGET_EFM32WG_STK3800/TOOLCHAIN_ARM_STD/analogin_api.o(i.analogin_init) refers to mbed/TARGET_EFM32WG_STK3800/TOOLCHAIN_ARM_STD/mbed.ar(mbed_pinmap_common.o)(i.pinmap_peripheral) for pinmap_peripheral
    mbed/TARGET_EFM32WG_STK3800/TOOLCHAIN_ARM_STD/analogin_api.o(i.analogin_init) refers to mbed/TARGET_EFM32WG_STK3800/TOOLCHAIN_ARM_STD/mbed.ar(mbed_assert.o)(i.mbed_assert_internal) for mbed_assert_internal
    mbed/TARGET_EFM32WG_STK3800/TOOLCHAIN_ARM_STD/analogin_api.o(i.analogin_init) refers to mbed/TARGET_EFM32WG_STK3800/TOOLCHAIN_ARM_STD/pinmap_function.o(i.pin_location) for pin_location
    mbed/TARGET_EFM32WG_STK3800/TOOLCHAIN_ARM_STD/analogin_api.o(i.analogin_init) refers to mbed/TARGET_EFM32WG_STK3800/TOOLCHAIN_ARM_STD/em_cmu.o(i.CMU_ClockEnable) for CMU_ClockEnable
    mbed/TARGET_EFM32WG_STK3800/TOOLCHAIN_ARM_STD/analogin_api.o(i.analogin_init) refers to mbed/TARGET_EFM32WG_STK3800/TOOLCHAIN_ARM_STD/em_adc.o(i.ADC_Init) for ADC_Init
    mbed/TARGET_EFM32WG_STK3800/TOOLCHAIN_ARM_STD/analogin_api.o(i.analogin_init) refers to mbed/TARGET_EFM32WG_STK3800/TOOLCHAIN_ARM_STD/em_adc.o(i.ADC_InitSingle) for ADC_InitSingle
    mbed/TARGET_EFM32WG_STK3800/TOOLCHAIN_ARM_STD/analogin_api.o(i.analogin_init) refers to mbed/TARGET_EFM32WG_STK3800/TOOLCHAIN_ARM_STD/PeripheralPins.o(.constdata) for PinMap_ADC
    mbed/TARGET_EFM32WG_STK3800/TOOLCHAIN_ARM_STD/analogin_api.o(i.analogin_init) refers to mbed/TARGET_EFM32WG_STK3800/TOOLCHAIN_ARM_STD/analogin_api.o(.conststring) for .conststring
    mbed/TARGET_EFM32WG_STK3800/TOOLCHAIN_ARM_STD/analogin_api.o(i.analogin_init) refers to mbed/TARGET_EFM32WG_STK3800/TOOLCHAIN_ARM_STD/analogin_api.o(.data) for .data
    mbed/TARGET_EFM32WG_STK3800/TOOLCHAIN_ARM_STD/analogin_api.o(i.analogin_init) refers to mbed/TARGET_EFM32WG_STK3800/TOOLCHAIN_ARM_STD/analogin_api.o(.constdata) for .constdata
    mbed/TARGET_EFM32WG_STK3800/TOOLCHAIN_ARM_STD/analogout_api.o(i.analogout_free) refers to mbed/TARGET_EFM32WG_STK3800/TOOLCHAIN_ARM_STD/em_dac.o(i.DAC_InitChannel) for DAC_InitChannel
    mbed/TARGET_EFM32WG_STK3800/TOOLCHAIN_ARM_STD/analogout_api.o(i.analogout_free) refers to mbed/TARGET_EFM32WG_STK3800/TOOLCHAIN_ARM_STD/em_cmu.o(i.CMU_ClockEnable) for CMU_ClockEnable
    mbed/TARGET_EFM32WG_STK3800/TOOLCHAIN_ARM_STD/analogout_api.o(i.analogout_free) refers to mbed/TARGET_EFM32WG_STK3800/TOOLCHAIN_ARM_STD/analogout_api.o(.data) for .data
    mbed/TARGET_EFM32WG_STK3800/TOOLCHAIN_ARM_STD/analogout_api.o(i.analogout_init) refers to mbed/TARGET_EFM32WG_STK3800/TOOLCHAIN_ARM_STD/mbed.ar(mbed_pinmap_common.o)(i.pinmap_peripheral) for pinmap_peripheral
    mbed/TARGET_EFM32WG_STK3800/TOOLCHAIN_ARM_STD/analogout_api.o(i.analogout_init) refers to mbed/TARGET_EFM32WG_STK3800/TOOLCHAIN_ARM_STD/mbed.ar(mbed_assert.o)(i.mbed_assert_internal) for mbed_assert_internal
    mbed/TARGET_EFM32WG_STK3800/TOOLCHAIN_ARM_STD/analogout_api.o(i.analogout_init) refers to mbed/TARGET_EFM32WG_STK3800/TOOLCHAIN_ARM_STD/pinmap_function.o(i.pin_location) for pin_location
    mbed/TARGET_EFM32WG_STK3800/TOOLCHAIN_ARM_STD/analogout_api.o(i.analogout_init) refers to mbed/TARGET_EFM32WG_STK3800/TOOLCHAIN_ARM_STD/pinmap.o(i.pin_mode) for pin_mode
    mbed/TARGET_EFM32WG_STK3800/TOOLCHAIN_ARM_STD/analogout_api.o(i.analogout_init) refers to mbed/TARGET_EFM32WG_STK3800/TOOLCHAIN_ARM_STD/em_cmu.o(i.CMU_ClockEnable) for CMU_ClockEnable
    mbed/TARGET_EFM32WG_STK3800/TOOLCHAIN_ARM_STD/analogout_api.o(i.analogout_init) refers to mbed/TARGET_EFM32WG_STK3800/TOOLCHAIN_ARM_STD/em_dac.o(i.DAC_PrescaleCalc) for DAC_PrescaleCalc
    mbed/TARGET_EFM32WG_STK3800/TOOLCHAIN_ARM_STD/analogout_api.o(i.analogout_init) refers to mbed/TARGET_EFM32WG_STK3800/TOOLCHAIN_ARM_STD/em_dac.o(i.DAC_Init) for DAC_Init
    mbed/TARGET_EFM32WG_STK3800/TOOLCHAIN_ARM_STD/analogout_api.o(i.analogout_init) refers to mbed/TARGET_EFM32WG_STK3800/TOOLCHAIN_ARM_STD/em_dac.o(i.DAC_InitChannel) for DAC_InitChannel
    mbed/TARGET_EFM32WG_STK3800/TOOLCHAIN_ARM_STD/analogout_api.o(i.analogout_init) refers to mbed/TARGET_EFM32WG_STK3800/TOOLCHAIN_ARM_STD/PeripheralPins.o(.constdata) for PinMap_DAC
    mbed/TARGET_EFM32WG_STK3800/TOOLCHAIN_ARM_STD/analogout_api.o(i.analogout_init) refers to mbed/TARGET_EFM32WG_STK3800/TOOLCHAIN_ARM_STD/analogout_api.o(.conststring) for .conststring
    mbed/TARGET_EFM32WG_STK3800/TOOLCHAIN_ARM_STD/analogout_api.o(i.analogout_init) refers to mbed/TARGET_EFM32WG_STK3800/TOOLCHAIN_ARM_STD/analogout_api.o(.data) for .data
    mbed/TARGET_EFM32WG_STK3800/TOOLCHAIN_ARM_STD/analogout_api.o(i.analogout_init) refers to mbed/TARGET_EFM32WG_STK3800/TOOLCHAIN_ARM_STD/analogout_api.o(.constdata) for .constdata
[...]
    0x000001a6   0x000001a6   0x00000006   Code   RO         3476    .ARM.Collect$$_printf_percent$$0000000E  C:\Keil_v5\ARM\ARMCC\Bin\..\lib\armlib\c_w.l(_printf_lld.o)
    0x000001ac   0x000001ac   0x00000006   Code   RO         3477    .ARM.Collect$$_printf_percent$$0000000F  C:\Keil_v5\ARM\ARMCC\Bin\..\lib\armlib\c_w.l(_printf_llu.o)
    0x000001b2   0x000001b2   0x00000006   Code   RO         3482    .ARM.Collect$$_printf_percent$$00000010  C:\Keil_v5\ARM\ARMCC\Bin\..\lib\armlib\c_w.l(_printf_llo.o)
    0x000001b8   0x000001b8   0x00000006   Code   RO         3483    .ARM.Collect$$_printf_percent$$00000011  C:\Keil_v5\ARM\ARMCC\Bin\..\lib\armlib\c_w.l(_printf_llx.o)
    0x000001be   0x000001be   0x0000000a   Code   RO         3479    .ARM.Collect$$_printf_percent$$00000012  C:\Keil_v5\ARM\ARMCC\Bin\..\lib\armlib\c_w.l(_printf_l.o)
    0x000001c8   0x000001c8   0x00000006   Code   RO         3462    .ARM.Collect$$_printf_percent$$00000013  C:\Keil_v5\ARM\ARMCC\Bin\..\lib\armlib\c_w.l(_printf_c.o)
    0x000001ce   0x000001ce   0x00000006   Code   RO         3192    .ARM.Collect$$_printf_percent$$00000014  C:\Keil_v5\ARM\ARMCC\Bin\..\lib\armlib\c_w.l(_printf_s.o)
    0x000001d4   0x000001d4   0x00000006   Code   RO         3480    .ARM.Collect$$_printf_percent$$00000015  C:\Keil_v5\ARM\ARMCC\Bin\..\lib\armlib\c_w.l(_printf_lc.o)
    0x000001da   0x000001da   0x00000006   Code   RO         3481    .ARM.Collect$$_printf_percent$$00000016  C:\Keil_v5\ARM\ARMCC\Bin\..\lib\armlib\c_w.l(_printf_ls.o)
    0x000001e0   0x000001e0   0x00000004   Code   RO         3474    .ARM.Collect$$_printf_percent$$00000017  C:\Keil_v5\ARM\ARMCC\Bin\..\lib\armlib\c_w.l(_printf_percent_end.o)
    0x000001e4   0x000001e4   0x00000002   Code   RO         3811    .ARM.Collect$$libinit$$00000000  C:\Keil_v5\ARM\ARMCC\Bin\..\lib\armlib\c_w.l(libinit.o)
    0x000001e6   0x000001e6   0x00000004   Code   RO         3527    .ARM.Collect$$libinit$$00000001  C:\Keil_v5\ARM\ARMCC\Bin\..\lib\armlib\c_w.l(libinit2.o)
    0x000001ea   0x000001ea   0x00000000   Code   RO         3530    .ARM.Collect$$libinit$$00000004  C:\Keil_v5\ARM\ARMCC\Bin\..\lib\armlib\c_w.l(libinit2.o)
    0x000001ea   0x000001ea   0x00000008   Code   RO         3531    .ARM.Collect$$libinit$$00000005  C:\Keil_v5\ARM\ARMCC\Bin\..\lib\armlib\c_w.l(libinit2.o)
    0x000001f2   0x000001f2   0x00000000   Code   RO         3533    .ARM.Collect$$libinit$$0000000A  C:\Keil_v5\ARM\ARMCC\Bin\..\lib\armlib\c_w.l(libinit2.o)
    0x000001f2   0x000001f2   0x00000000   Code   RO         3535    .ARM.Collect$$libinit$$0000000C  C:\Keil_v5\ARM\ARMCC\Bin\..\lib\armlib\c_w.l(libinit2.o)
    0x000001f2   0x000001f2   0x00000000   Code   RO         3537    .ARM.Collect$$libinit$$0000000E  C:\Keil_v5\ARM\ARMCC\Bin\..\lib\armlib\c_w.l(libinit2.o)
    0x000001f2   0x000001f2   0x00000006   Code   RO         3538    .ARM.Collect$$libinit$$0000000F  C:\Keil_v5\ARM\ARMCC\Bin\..\lib\armlib\c_w.l(libinit2.o)
    0x000001f8   0x000001f8   0x00000000   Code   RO         3540    .ARM.Collect$$libinit$$00000011  C:\Keil_v5\ARM\ARMCC\Bin\..\lib\armlib\c_w.l(libinit2.o)
    0x000001f8   0x000001f8   0x0000000c   Code   RO         3541    .ARM.Collect$$libinit$$00000012  C:\Keil_v5\ARM\ARMCC\Bin\..\lib\armlib\c_w.l(libinit2.o)
    0x00000204   0x00000204   0x00000000   Code   RO         3542    .ARM.Collect$$libinit$$00000013  C:\Keil_v5\ARM\ARMCC\Bin\..\lib\armlib\c_w.l(libinit2.o)
    0x00000204   0x00000204   0x00000000   Code   RO         3544    .ARM.Collect$$libinit$$00000015  C:\Keil_v5\ARM\ARMCC\Bin\..\lib\armlib\c_w.l(libinit2.o)
    0x00000204   0x00000204   0x0000000a   Code   RO         3545    .ARM.Collect$$libinit$$00000016  C:\Keil_v5\ARM\ARMCC\Bin\..\lib\armlib\c_w.l(libinit2.o)
    0x0000020e   0x0000020e   0x00000000   Code   RO         3546    .ARM.Collect$$libinit$$00000017  C:\Keil_v5\ARM\ARMCC\Bin\..\lib\armlib\c_w.l(libinit2.o)
    0x0000020e   0x0000020e   0x00000000   Code   RO         3548    .ARM.Collect$$libinit$$00000019  C:\Keil_v5\ARM\ARMCC\Bin\..\lib\armlib\c_w.l(libinit2.o)
    0x0000020e   0x0000020e   0x00000000   Code   RO         3550    .ARM.Collect$$libinit$$0000001B  C:\Keil_v5\ARM\ARMCC\Bin\..\lib\armlib\c_w.l(libinit2.o)
    0x0000020e   0x0000020e   0x00000000   Code   RO         3552    .ARM.Collect$$libinit$$0000001D  C:\Keil_v5\ARM\ARMCC\Bin\..\lib\armlib\c_w.l(libinit2.o)
    0x0000020e   0x0000020e   0x00000000   Code   RO         3554    .ARM.Collect$$libinit$$0000001F  C:\Keil_v5\ARM\ARMCC\Bin\..\lib\armlib\c_w.l(libinit2.o)
    0x0000020e   0x0000020e   0x00000000   Code   RO         3556    .ARM.Collect$$libinit$$00000021  C:\Keil_v5\ARM\ARMCC\Bin\..\lib\armlib\c_w.l(libinit2.o)
    0x0000020e   0x0000020e   0x00000000   Code   RO         3558    .ARM.Collect$$libinit$$00000023  C:\Keil_v5\ARM\ARMCC\Bin\..\lib\armlib\c_w.l(libinit2.o)
    0x0000020e   0x0000020e   0x00000004   Code   RO         3559    .ARM.Collect$$libinit$$00000024  C:\Keil_v5\ARM\ARMCC\Bin\..\lib\armlib\c_w.l(libinit2.o)
    0x00000212   0x00000212   0x00000000   Code   RO         3560    .ARM.Collect$$libinit$$00000025  C:\Keil_v5\ARM\ARMCC\Bin\..\lib\armlib\c_w.l(libinit2.o)
    0x00000212   0x00000212   0x00000000   Code   RO         3564    .ARM.Collect$$libinit$$0000002C  C:\Keil_v5\ARM\ARMCC\Bin\..\lib\armlib\c_w.l(libinit2.o)
    0x00000212   0x00000212   0x00000000   Code   RO         3566    .ARM.Collect$$libinit$$0000002E  C:\Keil_v5\ARM\ARMCC\Bin\..\lib\armlib\c_w.l(libinit2.o)
    0x00000212   0x00000212   0x00000000   Code   RO         3568    .ARM.Collect$$libinit$$00000030  C:\Keil_v5\ARM\ARMCC\Bin\..\lib\armlib\c_w.l(libinit2.o)
    0x00000212   0x00000212   0x00000004   Code   RO         3569    .ARM.Collect$$libinit$$00000031  C:\Keil_v5\ARM\ARMCC\Bin\..\lib\armlib\c_w.l(libinit2.o)
    0x00000216   0x00000216   0x00000000   Code   RO         3570    .ARM.Collect$$libinit$$00000032  C:\Keil_v5\ARM\ARMCC\Bin\..\lib\armlib\c_w.l(libinit2.o)
    0x00000216   0x00000216   0x00000002   Code   RO         3571    .ARM.Collect$$libinit$$00000033  C:\Keil_v5\ARM\ARMCC\Bin\..\lib\armlib\c_w.l(libinit2.o)
    0x00000218   0x00000218   0x00000000   Code   RO         3709    .ARM.Collect$$libshutdown$$00000004  C:\Keil_v5\ARM\ARMCC\Bin\..\lib\armlib\c_w.l(libshutdown2.o)
    0x00000218   0x00000218   0x00000000   Code   RO         3382    .ARM.Collect$$rtentry$$00000000  C:\Keil_v5\ARM\ARMCC\Bin\..\lib\armlib\c_w.l(__rtentry.o)
    0x00000218   0x00000218   0x00000000   Code   RO         3606    .ARM.Collect$$rtentry$$00000002  C:\Keil_v5\ARM\ARMCC\Bin\..\lib\armlib\c_w.l(__rtentry2.o)
    0x00000218   0x00000218   0x00000006   Code   RO         3618    .ARM.Collect$$rtentry$$00000004  C:\Keil_v5\ARM\ARMCC\Bin\..\lib\armlib\c_w.l(__rtentry4.o)
    0x0000021e   0x0000021e   0x00000008   Code   RO         3607    .ARM.Collect$$rtentry$$00000008  C:\Keil_v5\ARM\ARMCC\Bin\..\lib\armlib\c_w.l(__rtentry2.o)
    0x00000226   0x00000226   0x00000004   Code   RO         3609    .ARM.Collect$$rtentry$$0000000A  C:\Keil_v5\ARM\ARMCC\Bin\..\lib\armlib\c_w.l(__rtentry2.o)
    0x0000022a   0x0000022a   0x00000000   Code   RO         3611    .ARM.Collect$$rtentry$$0000000C  C:\Keil_v5\ARM\ARMCC\Bin\..\lib\armlib\c_w.l(__rtentry2.o)
    0x0000022a   0x0000022a   0x00000008   Code   RO         3612    .ARM.Collect$$rtentry$$0000000D  C:\Keil_v5\ARM\ARMCC\Bin\..\lib\armlib\c_w.l(__rtentry2.o)
    0x00000232   0x00000232   0x00000002   PAD
    0x00000234   0x00000234   0x00000000   Code   RO         3626    .emb_text           C:\Keil_v5\ARM\ARMCC\Bin\..\lib\armlib\c_w.l(maybetermalloc1.o)
    0x00000234   0x00000234   0x00000040   Code   RO         1552    .text               mbed/TARGET_EFM32WG_STK3800/TOOLCHAIN_ARM_STD/startup_efm32wg.o
    0x00000274   0x00000274   0x00000008   Code   RO         3087    .text               C:\Keil_v5\ARM\ARMCC\Bin\..\lib\armlib\c_w.l(rt_errno_addr.o)
    0x0000027c   0x0000027c   0x0000005e   Code   RO         3096    .text               C:\Keil_v5\ARM\ARMCC\Bin\..\lib\armlib\c_w.l(h1_alloc.o)
    0x000002da   0x000002da   0x0000004e   Code   RO         3098    .text               C:\Keil_v5\ARM\ARMCC\Bin\..\lib\armlib\c_w.l(h1_free.o)
    0x00000328   0x00000328   0x000000ee   Code   RO         3154    .text               C:\Keil_v5\ARM\ARMCC\Bin\..\lib\armlib\c_w.l(lludivv7m.o)
    0x00000416   0x00000416   0x00000002   PAD
    0x00000418   0x00000418   0x00000034   Code   RO         3156    .text               C:\Keil_v5\ARM\ARMCC\Bin\..\lib\armlib\c_w.l(vsnprintf.o)
    0x0000044c   0x0000044c   0x0000000a   Code   RO         3158    .text               C:\Keil_v5\ARM\ARMCC\Bin\..\lib\armlib\c_w.l(c89vfprintf.o)
    0x00000456   0x00000456   0x00000002   PAD
    0x00000458   0x00000458   0x0000002c   Code   RO         3162    .text               C:\Keil_v5\ARM\ARMCC\Bin\..\lib\armlib\c_w.l(__2sprintf.o)
    0x00000484   0x00000484   0x00000052   Code   RO         3170    .text               C:\Keil_v5\ARM\ARMCC\Bin\..\lib\armlib\c_w.l(_printf_str.o)
    0x000004d6   0x000004d6   0x00000002   PAD
    0x000004d8   0x000004d8   0x00000188   Code   RO         3189    .text               C:\Keil_v5\ARM\ARMCC\Bin\..\lib\armlib\c_w.l(__printf_flags_ss_wp.o)
    0x00000660   0x00000660   0x0000003c   Code   RO         3196    .text               C:\Keil_v5\ARM\ARMCC\Bin\..\lib\armlib\c_w.l(__0sscanf.o)
    0x0000069c   0x0000069c   0x000000e0   Code   RO         3200    .text               C:\Keil_v5\ARM\ARMCC\Bin\..\lib\armlib\c_w.l(_scanf_str.o)
    0x0000077c   0x0000077c   0x00000064   Code   RO         3202    .text               C:\Keil_v5\ARM\ARMCC\Bin\..\lib\armlib\c_w.l(fflush.o)
    0x000007e0   0x000007e0   0x000000ec   Code   RO         3216    .text               C:\Keil_v5\ARM\ARMCC\Bin\..\lib\armlib\c_w.l(fopen.o)
    0x000008cc   0x000008cc   0x00000014   Code   RO         3218    .text               C:\Keil_v5\ARM\ARMCC\Bin\..\lib\armlib\c_w.l(setbuf.o)
    0x000008e0   0x000008e0   0x0000004c   Code   RO         3226    .text               C:\Keil_v5\ARM\ARMCC\Bin\..\lib\armlib\c_w.l(fclose.o)
    0x0000092c   0x0000092c   0x0000003e   Code   RO         3238    .text               C:\Keil_v5\ARM\ARMCC\Bin\..\lib\armlib\c_w.l(strlen.o)
    0x0000096a   0x0000096a   0x00000096   Code   RO         3240    .text               C:\Keil_v5\ARM\ARMCC\Bin\..\lib\armlib\c_w.l(strncmp.o)
    0x00000a00   0x00000a00   0x00000064   Code   RO         3242    .text               C:\Keil_v5\ARM\ARMCC\Bin\..\lib\armlib\c_w.l(rt_memcpy_w.o)
    0x00000a64   0x00000a64   0x0000004e   Code   RO         3244    .text               C:\Keil_v5\ARM\ARMCC\Bin\..\lib\armlib\c_w.l(rt_memclr_w.o)
    0x00000ab2   0x00000ab2   0x00000002   PAD
    0x00000ab4   0x00000ab4   0x00000080   Code   RO         3246    .text               C:\Keil_v5\ARM\ARMCC\Bin\..\lib\armlib\c_w.l(strcmpv7m.o)
    0x00000b34   0x00000b34   0x00000006   Code   RO         3248    .text               C:\Keil_v5\ARM\ARMCC\Bin\..\lib\armlib\c_w.l(heapauxi.o)
    0x00000b3a   0x00000b3a   0x00000002   PAD
    0x00000b3c   0x00000b3c   0x00000024   Code   RO         3255    .text               C:\Keil_v5\ARM\ARMCC\Bin\..\lib\armlib\c_w.l(init_aeabi.o)
    0x00000b60   0x00000b60   0x00000022   Code   RO         3370    .text               C:\Keil_v5\ARM\ARMCC\Bin\..\lib\cpplib\cpprt_w.l(aeabi_vec_dtor_noexceptions.o)
    0x00000b82   0x00000b82   0x00000002   PAD
    0x00000b84   0x00000b84   0x00000008   Code   RO         3387    .text               C:\Keil_v5\ARM\ARMCC\Bin\..\lib\armlib\c_w.l(rt_heap_descriptor.o)
    0x00000b8c   0x00000b8c   0x00000004   Code   RO         3392    .text               C:\Keil_v5\ARM\ARMCC\Bin\..\lib\armlib\c_w.l(hguard.o)
    0x00000b90   0x00000b90   0x0000008a   Code   RO         3394    .text               C:\Keil_v5\ARM\ARMCC\Bin\..\lib\armlib\c_w.l(init_alloc.o)
    0x00000c1a   0x00000c1a   0x0000000e   Code   RO         3398    .text               C:\Keil_v5\ARM\ARMCC\Bin\..\lib\armlib\c_w.l(h1_init.o)
    0x00000c28   0x00000c28   0x0000004e   Code   RO         3412    .text               C:\Keil_v5\ARM\ARMCC\Bin\..\lib\armlib\c_w.l(_printf_pad.o)
    0x00000c76   0x00000c76   0x00000024   Code   RO         3414    .text               C:\Keil_v5\ARM\ARMCC\Bin\..\lib\armlib\c_w.l(_printf_truncate.o)
    0x00000c9a   0x00000c9a   0x00000002   PAD
    0x00000c9c   0x00000c9c   0x00000078   Code   RO         3416    .text               C:\Keil_v5\ARM\ARMCC\Bin\..\lib\armlib\c_w.l(_printf_dec.o)
    0x00000d14   0x00000d14   0x00000028   Code   RO         3418    .text               C:\Keil_v5\ARM\ARMCC\Bin\..\lib\armlib\c_w.l(_printf_charcount.o)
    0x00000d3c   0x00000d3c   0x00000030   Code   RO         3420    .text               C:\Keil_v5\ARM\ARMCC\Bin\..\lib\armlib\c_w.l(_printf_char_common.o)
    0x00000d6c   0x00000d6c   0x0000000a   Code   RO         3422    .text               C:\Keil_v5\ARM\ARMCC\Bin\..\lib\armlib\c_w.l(_sputc.o)
    0x00000d76   0x00000d76   0x00000010   Code   RO         3424    .text               C:\Keil_v5\ARM\ARMCC\Bin\..\lib\armlib\c_w.l(_snputc.o)
    0x00000d86   0x00000d86   0x0000002c   Code   RO         3426    .text               C:\Keil_v5\ARM\ARMCC\Bin\..\lib\armlib\c_w.l(_printf_char.o)
    0x00000db2   0x00000db2   0x00000002   PAD
    0x00000db4   0x00000db4   0x00000024   Code   RO         3428    .text               C:\Keil_v5\ARM\ARMCC\Bin\..\lib\armlib\c_w.l(_printf_char_file.o)
    0x00000dd8   0x00000dd8   0x000000bc   Code   RO         3430    .text               C:\Keil_v5\ARM\ARMCC\Bin\..\lib\armlib\c_w.l(_printf_wctomb.o)
    0x00000e94   0x00000e94   0x0000007c   Code   RO         3433    .text               C:\Keil_v5\ARM\ARMCC\Bin\..\lib\armlib\c_w.l(_printf_longlong_dec.o)
    0x00000f10   0x00000f10   0x00000070   Code   RO         3439    .text               C:\Keil_v5\ARM\ARMCC\Bin\..\lib\armlib\c_w.l(_printf_oct_int_ll.o)
    0x00000f80   0x00000f80   0x00000094   Code   RO         3459    .text               C:\Keil_v5\ARM\ARMCC\Bin\..\lib\armlib\c_w.l(_printf_hex_int_ll_ptr.o)
    0x00001014   0x00001014   0x0000002c   Code   RO         3488    .text               C:\Keil_v5\ARM\ARMCC\Bin\..\lib\armlib\c_w.l(scanf_char.o)
    0x00001040   0x00001040   0x00000040   Code   RO         3490    .text               C:\Keil_v5\ARM\ARMCC\Bin\..\lib\armlib\c_w.l(_sgetc.o)
    0x00001080   0x00001080   0x00000008   Code   RO         3500    .text               C:\Keil_v5\ARM\ARMCC\Bin\..\lib\armlib\c_w.l(ferror.o)
    0x00001088   0x00001088   0x0000023a   Code   RO         3502    .text               C:\Keil_v5\ARM\ARMCC\Bin\..\lib\armlib\c_w.l(filbuf.o)
    0x000012c2   0x000012c2   0x000001d6   Code   RO         3504    .text               C:\Keil_v5\ARM\ARMCC\Bin\..\lib\armlib\c_w.l(flsbuf.o)
    0x00001498   0x00001498   0x000000f8   Code   RO         3506    .text               C:\Keil_v5\ARM\ARMCC\Bin\..\lib\armlib\c_w.l(fseek.o)
    0x00001590   0x00001590   0x00000046   Code   RO         3508    .text               C:\Keil_v5\ARM\ARMCC\Bin\..\lib\armlib\c_w.l(setvbuf.o)
    0x000015d6   0x000015d6   0x00000002   PAD
    0x000015d8   0x000015d8   0x000000f0   Code   RO         3510    .text               C:\Keil_v5\ARM\ARMCC\Bin\..\lib\armlib\c_w.l(stdio.o)
    0x000016c8   0x000016c8   0x00000138   Code   RO         3513    .text               C:\Keil_v5\ARM\ARMCC\Bin\..\lib\armlib\c_w.l(initio.o)
    0x00001800   0x00001800   0x0000000e   Code   RO         3521    .text               C:\Keil_v5\ARM\ARMCC\Bin\..\lib\armlib\c_w.l(defsig_pvfn_outer.o)
    0x0000180e   0x0000180e   0x00000034   Code   RO         3628    .text               C:\Keil_v5\ARM\ARMCC\Bin\..\lib\armlib\c_w.l(h1_extend.o)
    0x00001842   0x00001842   0x0000008a   Code   RO         3632    .text               C:\Keil_v5\ARM\ARMCC\Bin\..\lib\armlib\c_w.l(lludiv10.o)
    0x000018cc   0x000018cc   0x00000012   Code   RO         3634    .text               C:\Keil_v5\ARM\ARMCC\Bin\..\lib\armlib\c_w.l(isspace.o)
    0x000018de   0x000018de   0x000000b2   Code   RO         3636    .text               C:\Keil_v5\ARM\ARMCC\Bin\..\lib\armlib\c_w.l(_printf_intcommon.o)
    0x00001990   0x00001990   0x0000041e   Code   RO         3638    .text               C:\Keil_v5\ARM\ARMCC\Bin\..\lib\armlib\c_w.l(_printf_fp_dec.o)
    0x00001dae   0x00001dae   0x00000002   PAD
    0x00001db0   0x00001db0   0x000002fc   Code   RO         3640    .text               C:\Keil_v5\ARM\ARMCC\Bin\..\lib\armlib\c_w.l(_printf_fp_hex.o)
    0x000020ac   0x000020ac   0x0000002c   Code   RO         3647    .text               C:\Keil_v5\ARM\ARMCC\Bin\..\lib\armlib\c_w.l(_printf_wchar.o)
    0x000020d8   0x000020d8   0x00000374   Code   RO         3649    .text               C:\Keil_v5\ARM\ARMCC\Bin\..\lib\armlib\c_w.l(_scanf.o)
    0x0000244c   0x0000244c   0x00000042   Code   RO         3659    .text               C:\Keil_v5\ARM\ARMCC\Bin\..\lib\armlib\c_w.l(ftell.o)
    0x0000248e   0x0000248e   0x00000002   PAD
    0x00002490   0x00002490   0x00000038   Code   RO         3667    .text               C:\Keil_v5\ARM\ARMCC\Bin\..\lib\armlib\c_w.l(flushlinebuffered.o)
    0x000024c8   0x000024c8   0x00000040   Code   RO         3685    .text               C:\Keil_v5\ARM\ARMCC\Bin\..\lib\armlib\c_w.l(_wcrtomb.o)
    0x00002508   0x00002508   0x0000000a   Code   RO         3687    .text               C:\Keil_v5\ARM\ARMCC\Bin\..\lib\armlib\c_w.l(defsig_exit.o)
    0x00002512   0x00002512   0x0000000e   Code   RO         3689    .text               C:\Keil_v5\ARM\ARMCC\Bin\..\lib\armlib\c_w.l(defsig_rtred_outer.o)
    0x00002520   0x00002520   0x0000000e   Code   RO         3693    .text               C:\Keil_v5\ARM\ARMCC\Bin\..\lib\armlib\c_w.l(defsig_rtmem_outer.o)
    0x0000252e   0x0000252e   0x00000002   PAD
    0x00002530   0x00002530   0x00000030   Code   RO         3697    .text               C:\Keil_v5\ARM\ARMCC\Bin\..\lib\armlib\c_w.l(defsig_pvfn_inner.o)
    0x00002560   0x00002560   0x0000000c   Code   RO         3740    .text               C:\Keil_v5\ARM\ARMCC\Bin\..\lib\armlib\c_w.l(sys_exit.o)
    0x0000256c   0x0000256c   0x00000010   Code   RO         3742    .text               C:\Keil_v5\ARM\ARMCC\Bin\..\lib\armlib\c_w.l(rt_ctype_table.o)
    0x0000257c   0x0000257c   0x00000008   Code   RO         3744    .text               C:\Keil_v5\ARM\ARMCC\Bin\..\lib\armlib\c_w.l(rt_locale.o)
    0x00002584   0x00002584   0x00000080   Code   RO         3756    .text               C:\Keil_v5\ARM\ARMCC\Bin\..\lib\armlib\c_w.l(_printf_fp_infnan.o)
    0x00002604   0x00002604   0x000000e4   Code   RO         3758    .text               C:\Keil_v5\ARM\ARMCC\Bin\..\lib\armlib\c_w.l(bigflt0.o)
    0x000026e8   0x000026e8   0x00000032   Code   RO         3792    .text               C:\Keil_v5\ARM\ARMCC\Bin\..\lib\armlib\c_w.l(defsig_general.o)
    0x0000271a   0x0000271a   0x00000002   PAD
    0x0000271c   0x0000271c   0x00000034   Code   RO         3798    .text               C:\Keil_v5\ARM\ARMCC\Bin\..\lib\armlib\c_w.l(defsig_rtred_inner.o)
    0x00002750   0x00002750   0x00000050   Code   RO         3800    .text               C:\Keil_v5\ARM\ARMCC\Bin\..\lib\armlib\c_w.l(defsig_rtmem_inner.o)
    0x000027a0   0x000027a0   0x0000000e   Code   RO         3844    .text               C:\Keil_v5\ARM\ARMCC\Bin\..\lib\armlib\c_w.l(sys_wrch.o)
    0x000027ae   0x000027ae   0x00000002   Code   RO         3846    .text               C:\Keil_v5\ARM\ARMCC\Bin\..\lib\armlib\c_w.l(use_no_semi.o)
    0x000027b0   0x000027b0   0x00000000   Code   RO         3848    .text               C:\Keil_v5\ARM\ARMCC\Bin\..\lib\armlib\c_w.l(indicate_semi.o)
    0x000027b0   0x000027b0   0x0000003e   Code   RO         3761    CL$$btod_d2e        C:\Keil_v5\ARM\ARMCC\Bin\..\lib\armlib\c_w.l(btod.o)
    0x000027ee   0x000027ee   0x00000046   Code   RO         3763    CL$$btod_d2e_denorm_low  C:\Keil_v5\ARM\ARMCC\Bin\..\lib\armlib\c_w.l(btod.o)
    0x00002834   0x00002834   0x00000060   Code   RO         3762    CL$$btod_d2e_norm_op1  C:\Keil_v5\ARM\ARMCC\Bin\..\lib\armlib\c_w.l(btod.o)
    0x00002894   0x00002894   0x00000338   Code   RO         3771    CL$$btod_div_common  C:\Keil_v5\ARM\ARMCC\Bin\..\lib\armlib\c_w.l(btod.o)
    0x00002bcc   0x00002bcc   0x000000dc   Code   RO         3768    CL$$btod_e2e        C:\Keil_v5\ARM\ARMCC\Bin\..\lib\armlib\c_w.l(btod.o)
    0x00002ca8   0x00002ca8   0x0000002a   Code   RO         3765    CL$$btod_ediv       C:\Keil_v5\ARM\ARMCC\Bin\..\lib\armlib\c_w.l(btod.o)
    0x00002cd2   0x00002cd2   0x0000002a   Code   RO         3764    CL$$btod_emul       C:\Keil_v5\ARM\ARMCC\Bin\..\lib\armlib\c_w.l(btod.o)
    0x00002cfc   0x00002cfc   0x00000244   Code   RO         3770    CL$$btod_mult_common  C:\Keil_v5\ARM\ARMCC\Bin\..\lib\armlib\c_w.l(btod.o)
    0x00002f40   0x00002f40   0x0000000e   Code   RO         1162    i.$Sub$$main        mbed/TARGET_EFM32WG_STK3800/TOOLCHAIN_ARM_STD/mbed_sdk_boot.o
    0x00002f4e   0x00002f4e   0x0000000c   Code   RO         2504    i.<Func3>           mbed/TARGET_EFM32WG_STK3800/TOOLCHAIN_ARM_STD/mbed.ar(SerialBase.o)
    0x00002f5a   0x00002f5a   0x00000002   PAD
    0x00002f5c   0x00002f5c   0x000001ac   Code   RO          158    i.CMU_ClockDivSet   mbed/TARGET_EFM32WG_STK3800/TOOLCHAIN_ARM_STD/em_cmu.o
    0x00003108   0x00003108   0x0000008c   Code   RO          159    i.CMU_ClockEnable   mbed/TARGET_EFM32WG_STK3800/TOOLCHAIN_ARM_STD/em_cmu.o
    0x00003194   0x00003194   0x00000204   Code   RO          160    i.CMU_ClockFreqGet  mbed/TARGET_EFM32WG_STK3800/TOOLCHAIN_ARM_STD/em_cmu.o
    0x00003398   0x00003398   0x000000c0   Code   RO          161    i.CMU_ClockSelectGet  mbed/TARGET_EFM32WG_STK3800/TOOLCHAIN_ARM_STD/em_cmu.o
    0x00003458   0x00003458   0x000001a0   Code   RO          162    i.CMU_ClockSelectSet  mbed/TARGET_EFM32WG_STK3800/TOOLCHAIN_ARM_STD/em_cmu.o
    0x000035f8   0x000035f8   0x0000007c   Code   RO          172    i.CMU_OscillatorEnable  mbed/TARGET_EFM32WG_STK3800/TOOLCHAIN_ARM_STD/em_cmu.o
    0x00003674   0x00003674   0x00000080   Code   RO          177    i.CMU_UpdateWaitStates  mbed/TARGET_EFM32WG_STK3800/TOOLCHAIN_ARM_STD/em_cmu.o
    0x000036f4   0x000036f4   0x00000018   Code   RO          325    i.DMA_ChannelEnable  mbed/TARGET_EFM32WG_STK3800/TOOLCHAIN_ARM_STD/em_dma.o
    0x0000370c   0x0000370c   0x00000074   Code   RO          328    i.DMA_IRQHandler    mbed/TARGET_EFM32WG_STK3800/TOOLCHAIN_ARM_STD/em_dma.o
    0x00003780   0x00003780   0x000000c0   Code   RO          895    i.GPIO_EVEN_IRQHandler  mbed/TARGET_EFM32WG_STK3800/TOOLCHAIN_ARM_STD/gpio_irq_api.o
    0x00003840   0x00003840   0x000000c0   Code   RO          896    i.GPIO_ODD_IRQHandler  mbed/TARGET_EFM32WG_STK3800/TOOLCHAIN_ARM_STD/gpio_irq_api.o
    0x00003900   0x00003900   0x0000006c   Code   RO          456    i.GPIO_PinModeSet   mbed/TARGET_EFM32WG_STK3800/TOOLCHAIN_ARM_STD/em_gpio.o
    0x0000396c   0x0000396c   0x00000054   Code   RO          608    i.LEUART_BaudrateGet  mbed/TARGET_EFM32WG_STK3800/TOOLCHAIN_ARM_STD/em_leuart.o
    0x000039c0   0x000039c0   0x0000005c   Code   RO          609    i.LEUART_BaudrateSet  mbed/TARGET_EFM32WG_STK3800/TOOLCHAIN_ARM_STD/em_leuart.o
    0x00003a1c   0x00003a1c   0x0000001e   Code   RO          610    i.LEUART_Enable     mbed/TARGET_EFM32WG_STK3800/TOOLCHAIN_ARM_STD/em_leuart.o
    0x00003a3a   0x00003a3a   0x00000002   PAD
    0x00003a3c   0x00003a3c   0x00000098   Code   RO          612    i.LEUART_Init       mbed/TARGET_EFM32WG_STK3800/TOOLCHAIN_ARM_STD/em_leuart.o
    0x00003ad4   0x00003ad4   0x0000000e   Code   RO          614    i.LEUART_Rx         mbed/TARGET_EFM32WG_STK3800/TOOLCHAIN_ARM_STD/em_leuart.o
    0x00003ae2   0x00003ae2   0x0000001c   Code   RO          617    i.LEUART_Tx         mbed/TARGET_EFM32WG_STK3800/TOOLCHAIN_ARM_STD/em_leuart.o
    0x00003afe   0x00003afe   0x00000002   PAD
    0x00003b00   0x00003b00   0x0000001c   Code   RO          725    i.RTC_CompareSet    mbed/TARGET_EFM32WG_STK3800/TOOLCHAIN_ARM_STD/em_rtc.o
    0x00003b1c   0x00003b1c   0x00000010   Code   RO          728    i.RTC_FreezeEnable  mbed/TARGET_EFM32WG_STK3800/TOOLCHAIN_ARM_STD/em_rtc.o
    0x00003b2c   0x00003b2c   0x00000034   Code   RO         1284    i.RTC_IRQHandler    mbed/TARGET_EFM32WG_STK3800/TOOLCHAIN_ARM_STD/rtc_api.o
    0x00003b60   0x00003b60   0x00000028   Code   RO          729    i.RTC_Init          mbed/TARGET_EFM32WG_STK3800/TOOLCHAIN_ARM_STD/em_rtc.o
    0x00003b88   0x00003b88   0x000000cc   Code   RO         1557    i.SystemCoreClockGet  mbed/TARGET_EFM32WG_STK3800/TOOLCHAIN_ARM_STD/system_efm32wg.o
    0x00003c54   0x00003c54   0x000000c4   Code   RO         1558    i.SystemHFClockGet  mbed/TARGET_EFM32WG_STK3800/TOOLCHAIN_ARM_STD/system_efm32wg.o
    0x00003d18   0x00003d18   0x0000000c   Code   RO         1559    i.SystemHFXOClockGet  mbed/TARGET_EFM32WG_STK3800/TOOLCHAIN_ARM_STD/system_efm32wg.o
    0x00003d24   0x00003d24   0x0000001c   Code   RO         1560    i.SystemHFXOClockSet  mbed/TARGET_EFM32WG_STK3800/TOOLCHAIN_ARM_STD/system_efm32wg.o
    0x00003d40   0x00003d40   0x00000010   Code   RO         1561    i.SystemInit        mbed/TARGET_EFM32WG_STK3800/TOOLCHAIN_ARM_STD/system_efm32wg.o
    0x00003d50   0x00003d50   0x00000006   Code   RO         1562    i.SystemLFRCOClockGet  mbed/TARGET_EFM32WG_STK3800/TOOLCHAIN_ARM_STD/system_efm32wg.o
    0x00003d56   0x00003d56   0x00000002   PAD
    0x00003d58   0x00003d58   0x0000000c   Code   RO         1563    i.SystemLFXOClockGet  mbed/TARGET_EFM32WG_STK3800/TOOLCHAIN_ARM_STD/system_efm32wg.o
    0x00003d64   0x00003d64   0x0000001c   Code   RO         1564    i.SystemLFXOClockSet  mbed/TARGET_EFM32WG_STK3800/TOOLCHAIN_ARM_STD/system_efm32wg.o
    0x00003d80   0x00003d80   0x00000008   Code   RO         1565    i.SystemMaxCoreClockGet  mbed/TARGET_EFM32WG_STK3800/TOOLCHAIN_ARM_STD/system_efm32wg.o
    0x00003d88   0x00003d88   0x00000006   Code   RO         1566    i.SystemULFRCOClockGet  mbed/TARGET_EFM32WG_STK3800/TOOLCHAIN_ARM_STD/system_efm32wg.o
    0x00003d8e   0x00003d8e   0x0000007c   Code   RO          761    i.TIMER_InitCC      mbed/TARGET_EFM32WG_STK3800/TOOLCHAIN_ARM_STD/em_timer.o
    0x00003e0a   0x00003e0a   0x00000002   PAD
    0x00003e0c   0x00003e0c   0x00000064   Code   RO          774    i.USART_BaudrateAsyncSet  mbed/TARGET_EFM32WG_STK3800/TOOLCHAIN_ARM_STD/em_usart.o
    0x00003e70   0x00003e70   0x0000000e   Code   RO          778    i.USART_Enable      mbed/TARGET_EFM32WG_STK3800/TOOLCHAIN_ARM_STD/em_usart.o
    0x00003e7e   0x00003e7e   0x00000002   PAD
    0x00003e80   0x00003e80   0x000000e0   Code   RO          779    i.USART_InitAsync   mbed/TARGET_EFM32WG_STK3800/TOOLCHAIN_ARM_STD/em_usart.o
    0x00003f60   0x00003f60   0x0000000e   Code   RO          784    i.USART_Rx          mbed/TARGET_EFM32WG_STK3800/TOOLCHAIN_ARM_STD/em_usart.o
    0x00003f6e   0x00003f6e   0x0000000c   Code   RO          789    i.USART_Tx          mbed/TARGET_EFM32WG_STK3800/TOOLCHAIN_ARM_STD/em_usart.o
    0x00003f7a   0x00003f7a   0x00000002   PAD
    0x00003f7c   0x00003f7c   0x00000034   Code   RO         1612    i._Z10blink_ledsi   .\build\main.o
    0x00003fb0   0x00003fb0   0x00000054   Code   RO         1614    i._Z10wait_printi   .\build\main.o
    0x00004004   0x00004004   0x00000018   Code   RO         1615    i._Z11ClearBufferv  .\build\main.o
    0x0000401c   0x0000401c   0x0000001c   Code   RO         1616    i._Z13DataAvailablev  .\build\main.o
    0x00004038   0x00004038   0x00000290   Code   RO         1617    i._Z14GetGMMResponsev  .\build\main.o
    0x000042c8   0x000042c8   0x00000078   Code   RO         1618    i._Z15GetSkywireModelv  .\build\main.o
    0x00004340   0x00004340   0x000000e0   Code   RO         1619    i._Z15WaitForResponsePKc  .\build\main.o
    0x00004420   0x00004420   0x0000000c   Code   RO         1620    i._Z15watchdog_wakeupv  .\build\main.o
    0x0000442c   0x0000442c   0x00000068   Code   RO         1622    i._Z20Skywire_Rx_interruptv  .\build\main.o
    0x00004494   0x00004494   0x0000008c   Code   RO         1623    i._Z7AutoAPNv       .\build\main.o
    0x00004520   0x00004520   0x00000100   Code   RO         1624    i._Z7GetMEIDv       .\build\main.o
    0x00004620   0x00004620   0x00000094   Code   RO         1626    i._Z9read_linev     .\build\main.o
    0x000046b4   0x000046b4   0x00000018   Code   RO         1787    i._ZN4mbed10DigitalOutC1E7PinName  .\build\main.o
    0x000046cc   0x000046cc   0x00000016   Code   RO         1763    i._ZN4mbed10DigitalOutaSEi  .\build\main.o
    0x000046e2   0x000046e2   0x00000034   Code   RO         3049    i._ZN4mbed10FileHandle4sizeEv  mbed/TARGET_EFM32WG_STK3800/TOOLCHAIN_ARM_STD/mbed.ar(FileHandle.o)
    0x00004716   0x00004716   0x00000004   Code   RO         3070    i._ZN4mbed10FileHandle6isattyEv  mbed/TARGET_EFM32WG_STK3800/TOOLCHAIN_ARM_STD/mbed.ar(FileHandle.o)
    0x0000471a   0x0000471a   0x00000006   Code   RO         2505    i._ZN4mbed10SerialBase10_base_getcEv  mbed/TARGET_EFM32WG_STK3800/TOOLCHAIN_ARM_STD/mbed.ar(SerialBase.o)
    0x00004720   0x00004720   0x0000000e   Code   RO         2506    i._ZN4mbed10SerialBase10_base_putcEi  mbed/TARGET_EFM32WG_STK3800/TOOLCHAIN_ARM_STD/mbed.ar(SerialBase.o)
    0x0000472e   0x0000472e   0x00000014   Code   RO         2512    i._ZN4mbed10SerialBase12_irq_handlerEj9SerialIrq  mbed/TARGET_EFM32WG_STK3800/TOOLCHAIN_ARM_STD/mbed.ar(SerialBase.o)
    0x00004742   0x00004742   0x00000050   Code   RO         2515    i._ZN4mbed10SerialBase24interrupt_handler_asynchEv  mbed/TARGET_EFM32WG_STK3800/TOOLCHAIN_ARM_STD/mbed.ar(SerialBase.o)
    0x00004792   0x00004792   0x00000028   Code   RO         2516    i._ZN4mbed10SerialBase4baudEi  mbed/TARGET_EFM32WG_STK3800/TOOLCHAIN_ARM_STD/mbed.ar(SerialBase.o)
    0x000047ba   0x000047ba   0x00000002   Code   RO         2517    i._ZN4mbed10SerialBase4lockEv  mbed/TARGET_EFM32WG_STK3800/TOOLCHAIN_ARM_STD/mbed.ar(SerialBase.o)
    0x000047bc   0x000047bc   0x000000bc   Code   RO         2522    i._ZN4mbed10SerialBase6attachENS_8CallbackIFvvEEENS0_7IrqTypeE  mbed/TARGET_EFM32WG_STK3800/TOOLCHAIN_ARM_STD/mbed.ar(SerialBase.o)
    0x00004878   0x00004878   0x00000002   Code   RO         2524    i._ZN4mbed10SerialBase6unlockEv  mbed/TARGET_EFM32WG_STK3800/TOOLCHAIN_ARM_STD/mbed.ar(SerialBase.o)
    0x0000487a   0x0000487a   0x00000022   Code   RO         2525    i._ZN4mbed10SerialBase8readableEv  mbed/TARGET_EFM32WG_STK3800/TOOLCHAIN_ARM_STD/mbed.ar(SerialBase.o)
    0x0000489c   0x0000489c   0x00000118   Code   RO         2527    i._ZN4mbed10SerialBaseC1E7PinNameS1_i  mbed/TARGET_EFM32WG_STK3800/TOOLCHAIN_ARM_STD/mbed.ar(SerialBase.o)
    0x000049b4   0x000049b4   0x00000128   Code   RO         2529    i._ZN4mbed10SerialBaseD1Ev  mbed/TARGET_EFM32WG_STK3800/TOOLCHAIN_ARM_STD/mbed.ar(SerialBase.o)
    0x00004adc   0x00004adc   0x00000014   Code   RO         2639    i._ZN4mbed10TimerEvent15insert_absoluteEy  mbed/TARGET_EFM32WG_STK3800/TOOLCHAIN_ARM_STD/mbed.ar(TimerEvent.o)
    0x00004af0   0x00004af0   0x00000006   Code   RO         2640    i._ZN4mbed10TimerEvent3irqEj  mbed/TARGET_EFM32WG_STK3800/TOOLCHAIN_ARM_STD/mbed.ar(TimerEvent.o)
    0x00004af6   0x00004af6   0x0000000c   Code   RO         2642    i._ZN4mbed10TimerEvent6removeEv  mbed/TARGET_EFM32WG_STK3800/TOOLCHAIN_ARM_STD/mbed.ar(TimerEvent.o)
    0x00004b02   0x00004b02   0x00000002   PAD
    0x00004b04   0x00004b04   0x00000028   Code   RO         2643    i._ZN4mbed10TimerEventC2EPK13ticker_data_t  mbed/TARGET_EFM32WG_STK3800/TOOLCHAIN_ARM_STD/mbed.ar(TimerEvent.o)
    0x00004b2c   0x00004b2c   0x0000002c   Code   RO         2644    i._ZN4mbed10TimerEventC2Ev  mbed/TARGET_EFM32WG_STK3800/TOOLCHAIN_ARM_STD/mbed.ar(TimerEvent.o)
    0x00004b58   0x00004b58   0x0000001c   Code   RO         2646    i._ZN4mbed10TimerEventD2Ev  mbed/TARGET_EFM32WG_STK3800/TOOLCHAIN_ARM_STD/mbed.ar(TimerEvent.o)
    0x00004b74   0x00004b74   0x00000032   Code   RO         1013    i._ZN4mbed11mbed_fdopenEPNS_10FileHandleEPKc  mbed/TARGET_EFM32WG_STK3800/TOOLCHAIN_ARM_STD/mbed_retarget.o
    0x00004ba6   0x00004ba6   0x00000002   PAD
    0x00004ba8   0x00004ba8   0x00000068   Code   RO         1796    i._ZN4mbed14LowPowerTickerC1Ev  .\build\main.o
    0x00004c10   0x00004c10   0x00000016   Code   RO         1802    i._ZN4mbed14LowPowerTickerD1Ev  .\build\main.o
    0x00004c26   0x00004c26   0x00000002   PAD
    0x00004c28   0x00004c28   0x00000070   Code   RO         1014    i._ZN4mbed17remove_filehandleEPNS_10FileHandleE  mbed/TARGET_EFM32WG_STK3800/TOOLCHAIN_ARM_STD/mbed_retarget.o
    0x00004c98   0x00004c98   0x00000006   Code   RO         1015    i._ZN4mbed26mbed_set_unbuffered_streamEPSt6__FILE  mbed/TARGET_EFM32WG_STK3800/TOOLCHAIN_ARM_STD/mbed_retarget.o
    0x00004c9e   0x00004c9e   0x00000050   Code   RO         2678    i._ZN4mbed5Timer4stopEv  mbed/TARGET_EFM32WG_STK3800/TOOLCHAIN_ARM_STD/mbed.ar(Timer.o)
    0x00004cee   0x00004cee   0x00000020   Code   RO         2679    i._ZN4mbed5Timer5resetEv  mbed/TARGET_EFM32WG_STK3800/TOOLCHAIN_ARM_STD/mbed.ar(Timer.o)
    0x00004d0e   0x00004d0e   0x0000002c   Code   RO         2680    i._ZN4mbed5Timer5startEv  mbed/TARGET_EFM32WG_STK3800/TOOLCHAIN_ARM_STD/mbed.ar(Timer.o)
    0x00004d3a   0x00004d3a   0x00000044   Code   RO         2681    i._ZN4mbed5Timer7read_msEv  mbed/TARGET_EFM32WG_STK3800/TOOLCHAIN_ARM_STD/mbed.ar(Timer.o)
    0x00004d7e   0x00004d7e   0x00000036   Code   RO         2685    i._ZN4mbed5TimerC1Ev  mbed/TARGET_EFM32WG_STK3800/TOOLCHAIN_ARM_STD/mbed.ar(Timer.o)
    0x00004db4   0x00004db4   0x00000024   Code   RO         2686    i._ZN4mbed5TimerD1Ev  mbed/TARGET_EFM32WG_STK3800/TOOLCHAIN_ARM_STD/mbed.ar(Timer.o)
    0x00004dd8   0x00004dd8   0x00000002   Code   RO         2422    i._ZN4mbed6Serial4lockEv  mbed/TARGET_EFM32WG_STK3800/TOOLCHAIN_ARM_STD/mbed.ar(Serial.o)
    0x00004dda   0x00004dda   0x00000002   Code   RO         2425    i._ZN4mbed6Serial6unlockEv  mbed/TARGET_EFM32WG_STK3800/TOOLCHAIN_ARM_STD/mbed.ar(Serial.o)
    0x00004ddc   0x00004ddc   0x0000002c   Code   RO         2426    i._ZN4mbed6SerialC1E7PinNameS1_PKci  mbed/TARGET_EFM32WG_STK3800/TOOLCHAIN_ARM_STD/mbed.ar(Serial.o)
    0x00004e08   0x00004e08   0x00000024   Code   RO         2458    i._ZN4mbed6SerialD1Ev  mbed/TARGET_EFM32WG_STK3800/TOOLCHAIN_ARM_STD/mbed.ar(Serial.o)
    0x00004e2c   0x00004e2c   0x00000026   Code   RO         2846    i._ZN4mbed6Stream4getcEv  mbed/TARGET_EFM32WG_STK3800/TOOLCHAIN_ARM_STD/mbed.ar(Stream.o)
    0x00004e52   0x00004e52   0x00000002   Code   RO         2927    i._ZN4mbed6Stream4lockEv  mbed/TARGET_EFM32WG_STK3800/TOOLCHAIN_ARM_STD/mbed.ar(Stream.o)
    0x00004e54   0x00004e54   0x0000003c   Code   RO         2850    i._ZN4mbed6Stream4readEPvj  mbed/TARGET_EFM32WG_STK3800/TOOLCHAIN_ARM_STD/mbed.ar(Stream.o)
    0x00004e90   0x00004e90   0x00000004   Code   RO         2851    i._ZN4mbed6Stream4seekEli  mbed/TARGET_EFM32WG_STK3800/TOOLCHAIN_ARM_STD/mbed.ar(Stream.o)
    0x00004e94   0x00004e94   0x00000004   Code   RO         2852    i._ZN4mbed6Stream4sizeEv  mbed/TARGET_EFM32WG_STK3800/TOOLCHAIN_ARM_STD/mbed.ar(Stream.o)
    0x00004e98   0x00004e98   0x00000004   Code   RO         2855    i._ZN4mbed6Stream5closeEv  mbed/TARGET_EFM32WG_STK3800/TOOLCHAIN_ARM_STD/mbed.ar(Stream.o)
    0x00004e9c   0x00004e9c   0x0000003c   Code   RO         2857    i._ZN4mbed6Stream5writeEPKvj  mbed/TARGET_EFM32WG_STK3800/TOOLCHAIN_ARM_STD/mbed.ar(Stream.o)
    0x00004ed8   0x00004ed8   0x00000004   Code   RO         2858    i._ZN4mbed6Stream6isattyEv  mbed/TARGET_EFM32WG_STK3800/TOOLCHAIN_ARM_STD/mbed.ar(Stream.o)
    0x00004edc   0x00004edc   0x00000032   Code   RO         2859    i._ZN4mbed6Stream6printfEPKcz  mbed/TARGET_EFM32WG_STK3800/TOOLCHAIN_ARM_STD/mbed.ar(Stream.o)
    0x00004f0e   0x00004f0e   0x00000002   Code   RO         2930    i._ZN4mbed6Stream6unlockEv  mbed/TARGET_EFM32WG_STK3800/TOOLCHAIN_ARM_STD/mbed.ar(Stream.o)
    0x00004f10   0x00004f10   0x00000070   Code   RO         2863    i._ZN4mbed6StreamC2EPKc  mbed/TARGET_EFM32WG_STK3800/TOOLCHAIN_ARM_STD/mbed.ar(Stream.o)
    0x00004f80   0x00004f80   0x00000020   Code   RO         2865    i._ZN4mbed6StreamD2Ev  mbed/TARGET_EFM32WG_STK3800/TOOLCHAIN_ARM_STD/mbed.ar(Stream.o)
    0x00004fa0   0x00004fa0   0x00000032   Code   RO         2612    i._ZN4mbed6Ticker5setupEy  mbed/TARGET_EFM32WG_STK3800/TOOLCHAIN_ARM_STD/mbed.ar(Ticker.o)
    0x00004fd2   0x00004fd2   0x0000002a   Code   RO         2614    i._ZN4mbed6Ticker7handlerEv  mbed/TARGET_EFM32WG_STK3800/TOOLCHAIN_ARM_STD/mbed.ar(Ticker.o)
    0x00004ffc   0x00004ffc   0x0000005e   Code   RO         1775    i._ZN4mbed6Ticker9attach_usENS_8CallbackIFvvEEEy  .\build\main.o
    0x0000505a   0x0000505a   0x00000002   PAD
    0x0000505c   0x0000505c   0x00000088   Code   RO         2626    i._ZN4mbed6TickerD1Ev  mbed/TARGET_EFM32WG_STK3800/TOOLCHAIN_ARM_STD/mbed.ar(Ticker.o)
    0x000050e4   0x000050e4   0x00000004   Code   RO         3050    i._ZN4mbed6fdopenEPNS_10FileHandleEPKc  mbed/TARGET_EFM32WG_STK3800/TOOLCHAIN_ARM_STD/mbed.ar(FileHandle.o)
    0x000050e8   0x000050e8   0x00000004   Code   RO         3012    i._ZN4mbed8FileBase11getPathTypeEv  mbed/TARGET_EFM32WG_STK3800/TOOLCHAIN_ARM_STD/mbed.ar(FileBase.o)
    0x000050ec   0x000050ec   0x0000006c   Code   RO         3014    i._ZN4mbed8FileBase6lookupEPKcj  mbed/TARGET_EFM32WG_STK3800/TOOLCHAIN_ARM_STD/mbed.ar(FileBase.o)
    0x00005158   0x00005158   0x00000040   Code   RO         3016    i._ZN4mbed8FileBaseC1EPKcNS_8PathTypeE  mbed/TARGET_EFM32WG_STK3800/TOOLCHAIN_ARM_STD/mbed.ar(FileBase.o)
    0x00005198   0x00005198   0x00000054   Code   RO         3018    i._ZN4mbed8FileBaseD1Ev  mbed/TARGET_EFM32WG_STK3800/TOOLCHAIN_ARM_STD/mbed.ar(FileBase.o)
    0x000051ec   0x000051ec   0x0000001e   Code   RO         2819    i._ZN4mbed8FilePath10fileSystemEv  mbed/TARGET_EFM32WG_STK3800/TOOLCHAIN_ARM_STD/mbed.ar(FilePath.o)
    0x0000520a   0x0000520a   0x0000001c   Code   RO         2821    i._ZN4mbed8FilePath4fileEv  mbed/TARGET_EFM32WG_STK3800/TOOLCHAIN_ARM_STD/mbed.ar(FilePath.o)
    0x00005226   0x00005226   0x0000000a   Code   RO         2822    i._ZN4mbed8FilePath6existsEv  mbed/TARGET_EFM32WG_STK3800/TOOLCHAIN_ARM_STD/mbed.ar(FilePath.o)
    0x00005230   0x00005230   0x00000018   Code   RO         2823    i._ZN4mbed8FilePath6isFileEv  mbed/TARGET_EFM32WG_STK3800/TOOLCHAIN_ARM_STD/mbed.ar(FilePath.o)
    0x00005248   0x00005248   0x00000004   Code   RO         2824    i._ZN4mbed8FilePath8fileNameEv  mbed/TARGET_EFM32WG_STK3800/TOOLCHAIN_ARM_STD/mbed.ar(FilePath.o)
    0x0000524c   0x0000524c   0x00000040   Code   RO         2825    i._ZN4mbed8FilePathC1EPKc  mbed/TARGET_EFM32WG_STK3800/TOOLCHAIN_ARM_STD/mbed.ar(FilePath.o)
    0x0000528c   0x0000528c   0x00000018   Code   RO         1781    i._ZN4mbed9DigitalInC1E7PinName  .\build\main.o
    0x000052a4   0x000052a4   0x00000004   Code   RO         1016    i._ZN4mbed9mbed_getcEPSt6__FILE  mbed/TARGET_EFM32WG_STK3800/TOOLCHAIN_ARM_STD/mbed_retarget.o
    0x000052a8   0x000052a8   0x00000002   Code   RO         2428    i._ZThn212_N4mbed6Serial4lockEv  mbed/TARGET_EFM32WG_STK3800/TOOLCHAIN_ARM_STD/mbed.ar(Serial.o)
    0x000052aa   0x000052aa   0x00000006   Code   RO         2429    i._ZThn212_N4mbed6Serial5_getcEv  mbed/TARGET_EFM32WG_STK3800/TOOLCHAIN_ARM_STD/mbed.ar(Serial.o)
    0x000052b0   0x000052b0   0x00000006   Code   RO         2430    i._ZThn212_N4mbed6Serial5_putcEi  mbed/TARGET_EFM32WG_STK3800/TOOLCHAIN_ARM_STD/mbed.ar(Serial.o)
    0x000052b6   0x000052b6   0x00000002   Code   RO         2431    i._ZThn212_N4mbed6Serial6unlockEv  mbed/TARGET_EFM32WG_STK3800/TOOLCHAIN_ARM_STD/mbed.ar(Serial.o)
    0x000052b8   0x000052b8   0x00000030   Code   RO         3834    i.__ARM_fpclassify  C:\Keil_v5\ARM\ARMCC\Bin\..\lib\armlib\m_wm.l(fpclassify.o)
    0x000052e8   0x000052e8   0x00000004   Code   RO         1024    i.__aeabi_atexit    mbed/TARGET_EFM32WG_STK3800/TOOLCHAIN_ARM_STD/mbed_retarget.o
    0x000052ec   0x000052ec   0x00000024   Code   RO         3367    i.__aeabi_vec_ctor_nocookie_nodtor  C:\Keil_v5\ARM\ARMCC\Bin\..\lib\cpplib\cpprt_w.l(aeabi_vec_ctor_nocookie_nodtor.o)
    0x00005310   0x00005310   0x00000006   Code   RO         3258    i.__cxa_pure_virtual  C:\Keil_v5\ARM\ARMCC\Bin\..\lib\cpplib\cpprt_w.l(pure_virt.o)
    0x00005316   0x00005316   0x00000002   PAD
    0x00005318   0x00005318   0x00000134   Code   RO         1627    i.__sti___8_main_cpp_myled  .\build\main.o
    0x0000544c   0x0000544c   0x00000008   Code   RO         1027    i.__user_setup_stackheap  mbed/TARGET_EFM32WG_STK3800/TOOLCHAIN_ARM_STD/mbed_retarget.o
    0x00005454   0x00005454   0x0000000e   Code   RO         3182    i._is_digit         C:\Keil_v5\ARM\ARMCC\Bin\..\lib\armlib\c_w.l(__printf_wp.o)
    0x00005462   0x00005462   0x00000002   PAD
    0x00005464   0x00005464   0x00000010   Code   RO         1028    i._mbed_user_setup_stackheap  mbed/TARGET_EFM32WG_STK3800/TOOLCHAIN_ARM_STD/mbed_retarget.o
    0x00005474   0x00005474   0x0000001c   Code   RO         1163    i._platform_post_stackheap_init  mbed/TARGET_EFM32WG_STK3800/TOOLCHAIN_ARM_STD/mbed_sdk_boot.o
    0x00005490   0x00005490   0x0000004c   Code   RO         1029    i._sys_close        mbed/TARGET_EFM32WG_STK3800/TOOLCHAIN_ARM_STD/mbed_retarget.o
    0x000054dc   0x000054dc   0x0000004c   Code   RO         1032    i._sys_flen         mbed/TARGET_EFM32WG_STK3800/TOOLCHAIN_ARM_STD/mbed_retarget.o
    0x00005528   0x00005528   0x00000040   Code   RO         1033    i._sys_istty        mbed/TARGET_EFM32WG_STK3800/TOOLCHAIN_ARM_STD/mbed_retarget.o
    0x00005568   0x00005568   0x00000200   Code   RO         1034    i._sys_open         mbed/TARGET_EFM32WG_STK3800/TOOLCHAIN_ARM_STD/mbed_retarget.o
    0x00005768   0x00005768   0x00000070   Code   RO         1035    i._sys_read         mbed/TARGET_EFM32WG_STK3800/TOOLCHAIN_ARM_STD/mbed_retarget.o
    0x000057d8   0x000057d8   0x00000050   Code   RO         1036    i._sys_seek         mbed/TARGET_EFM32WG_STK3800/TOOLCHAIN_ARM_STD/mbed_retarget.o
    0x00005828   0x00005828   0x0000007c   Code   RO         1037    i._sys_write        mbed/TARGET_EFM32WG_STK3800/TOOLCHAIN_ARM_STD/mbed_retarget.o
    0x000058a4   0x000058a4   0x00000020   Code   RO         1452    i.blockSleepMode    mbed/TARGET_EFM32WG_STK3800/TOOLCHAIN_ARM_STD/sleep.o
    0x000058c4   0x000058c4   0x0000001a   Code   RO         2967    i.core_util_atomic_decr_u16  mbed/TARGET_EFM32WG_STK3800/TOOLCHAIN_ARM_STD/mbed.ar(mbed_critical.o)
    0x000058de   0x000058de   0x0000001a   Code   RO         2971    i.core_util_atomic_incr_u16  mbed/TARGET_EFM32WG_STK3800/TOOLCHAIN_ARM_STD/mbed.ar(mbed_critical.o)
    0x000058f8   0x000058f8   0x000000c8   Code   RO         2974    i.core_util_critical_section_enter  mbed/TARGET_EFM32WG_STK3800/TOOLCHAIN_ARM_STD/mbed.ar(mbed_critical.o)
    0x000059c0   0x000059c0   0x00000094   Code   RO         2975    i.core_util_critical_section_exit  mbed/TARGET_EFM32WG_STK3800/TOOLCHAIN_ARM_STD/mbed.ar(mbed_critical.o)
    0x00005a54   0x00005a54   0x0000001c   Code   RO           41    i.dma_channel_free  mbed/TARGET_EFM32WG_STK3800/TOOLCHAIN_ARM_STD/dma_api.o
    0x00005a70   0x00005a70   0x00000028   Code   RO         2952    i.error             mbed/TARGET_EFM32WG_STK3800/TOOLCHAIN_ARM_STD/mbed.ar(mbed_error.o)
    0x00005a98   0x00005a98   0x00000020   Code   RO         1040    i.exit              mbed/TARGET_EFM32WG_STK3800/TOOLCHAIN_ARM_STD/mbed_retarget.o
    0x00005ab8   0x00005ab8   0x00000018   Code   RO         3205    i.fgetc             C:\Keil_v5\ARM\ARMCC\Bin\..\lib\armlib\c_w.l(fgetc.o)
    0x00005ad0   0x00005ad0   0x00000088   Code   RO          178    i.flashWaitStateMax  mbed/TARGET_EFM32WG_STK3800/TOOLCHAIN_ARM_STD/em_cmu.o
    0x00005b58   0x00005b58   0x0000001a   Code   RO         3211    i.fputc             C:\Keil_v5\ARM\ARMCC\Bin\..\lib\armlib\c_w.l(fputc.o)
    0x00005b72   0x00005b72   0x00000002   PAD
    0x00005b74   0x00005b74   0x00000008   Code   RO         2734    i.get_lp_ticker_data  mbed/TARGET_EFM32WG_STK3800/TOOLCHAIN_ARM_STD/mbed.ar(mbed_lp_ticker_api.o)
    0x00005b7c   0x00005b7c   0x00000008   Code   RO         2780    i.get_us_ticker_data  mbed/TARGET_EFM32WG_STK3800/TOOLCHAIN_ARM_STD/mbed.ar(mbed_us_ticker_api.o)
    0x00005b84   0x00005b84   0x0000003c   Code   RO          874    i.gpio_dir          mbed/TARGET_EFM32WG_STK3800/TOOLCHAIN_ARM_STD/gpio_api.o
    0x00005bc0   0x00005bc0   0x00000044   Code   RO          875    i.gpio_init         mbed/TARGET_EFM32WG_STK3800/TOOLCHAIN_ARM_STD/gpio_api.o
    0x00005c04   0x00005c04   0x00000028   Code   RO         2718    i.gpio_init_in      mbed/TARGET_EFM32WG_STK3800/TOOLCHAIN_ARM_STD/mbed.ar(mbed_gpio.o)
    0x00005c2c   0x00005c2c   0x00000036   Code   RO         2721    i.gpio_init_out     mbed/TARGET_EFM32WG_STK3800/TOOLCHAIN_ARM_STD/mbed.ar(mbed_gpio.o)
    0x00005c62   0x00005c62   0x00000036   Code   RO         2722    i.gpio_init_out_ex  mbed/TARGET_EFM32WG_STK3800/TOOLCHAIN_ARM_STD/mbed.ar(mbed_gpio.o)
    0x00005c98   0x00005c98   0x0000005a   Code   RO          877    i.gpio_mode         mbed/TARGET_EFM32WG_STK3800/TOOLCHAIN_ARM_STD/gpio_api.o
    0x00005cf2   0x00005cf2   0x00000028   Code   RO          880    i.gpio_write        mbed/TARGET_EFM32WG_STK3800/TOOLCHAIN_ARM_STD/gpio_api.o
    0x00005d1a   0x00005d1a   0x00000002   PAD
    0x00005d1c   0x00005d1c   0x00000038   Code   RO         1316    i.leuart0_irq       mbed/TARGET_EFM32WG_STK3800/TOOLCHAIN_ARM_STD/serial_api.o
    0x00005d54   0x00005d54   0x00000038   Code   RO         1317    i.leuart1_irq       mbed/TARGET_EFM32WG_STK3800/TOOLCHAIN_ARM_STD/serial_api.o
    0x00005d8c   0x00005d8c   0x0000009c   Code   RO          179    i.lfClkGet          mbed/TARGET_EFM32WG_STK3800/TOOLCHAIN_ARM_STD/em_cmu.o
    0x00005e28   0x00005e28   0x0000000c   Code   RO          987    i.lp_ticker_clear_interrupt  mbed/TARGET_EFM32WG_STK3800/TOOLCHAIN_ARM_STD/lp_ticker.o
    0x00005e34   0x00005e34   0x00000010   Code   RO          985    i.lp_ticker_disable_interrupt  mbed/TARGET_EFM32WG_STK3800/TOOLCHAIN_ARM_STD/lp_ticker.o
    0x00005e44   0x00005e44   0x0000000c   Code   RO          971    i.lp_ticker_fire_interrupt  mbed/TARGET_EFM32WG_STK3800/TOOLCHAIN_ARM_STD/lp_ticker.o
    0x00005e50   0x00005e50   0x00000030   Code   RO          973    i.lp_ticker_init    mbed/TARGET_EFM32WG_STK3800/TOOLCHAIN_ARM_STD/lp_ticker.o
    0x00005e80   0x00005e80   0x0000000c   Code   RO         2735    i.lp_ticker_irq_handler  mbed/TARGET_EFM32WG_STK3800/TOOLCHAIN_ARM_STD/mbed.ar(mbed_lp_ticker_api.o)
    0x00005e8c   0x00005e8c   0x00000050   Code   RO          974    i.lp_ticker_read    mbed/TARGET_EFM32WG_STK3800/TOOLCHAIN_ARM_STD/lp_ticker.o
    0x00005edc   0x00005edc   0x000000a8   Code   RO          975    i.lp_ticker_set_interrupt  mbed/TARGET_EFM32WG_STK3800/TOOLCHAIN_ARM_STD/lp_ticker.o
    0x00005f84   0x00005f84   0x00000698   Code   RO         1628    i.main              .\build\main.o
    0x0000661c   0x0000661c   0x00000054   Code   RO         2944    i.mbed_assert_internal  mbed/TARGET_EFM32WG_STK3800/TOOLCHAIN_ARM_STD/mbed.ar(mbed_assert.o)
    0x00006670   0x00006670   0x00000058   Code   RO          992    i.mbed_die          mbed/TARGET_EFM32WG_STK3800/TOOLCHAIN_ARM_STD/mbed_board.o
    0x000066c8   0x000066c8   0x00000054   Code   RO          993    i.mbed_error_printf  mbed/TARGET_EFM32WG_STK3800/TOOLCHAIN_ARM_STD/mbed_board.o
    0x0000671c   0x0000671c   0x00000050   Code   RO          994    i.mbed_error_vfprintf  mbed/TARGET_EFM32WG_STK3800/TOOLCHAIN_ARM_STD/mbed_board.o
    0x0000676c   0x0000676c   0x00000002   Code   RO         1165    i.mbed_main         mbed/TARGET_EFM32WG_STK3800/TOOLCHAIN_ARM_STD/mbed_sdk_boot.o
    0x0000676e   0x0000676e   0x00000002   PAD
    0x00006770   0x00006770   0x00000048   Code   RO         1004    i.mbed_sdk_init     mbed/TARGET_EFM32WG_STK3800/TOOLCHAIN_ARM_STD/mbed_overrides.o
    0x000067b8   0x000067b8   0x00000058   Code   RO         1209    i.pin_location      mbed/TARGET_EFM32WG_STK3800/TOOLCHAIN_ARM_STD/pinmap_function.o
    0x00006810   0x00006810   0x00000070   Code   RO         1198    i.pin_mode          mbed/TARGET_EFM32WG_STK3800/TOOLCHAIN_ARM_STD/pinmap.o
    0x00006880   0x00006880   0x0000003c   Code   RO         2750    i.pinmap_merge      mbed/TARGET_EFM32WG_STK3800/TOOLCHAIN_ARM_STD/mbed.ar(mbed_pinmap_common.o)
    0x000068bc   0x000068bc   0x0000005c   Code   RO         2751    i.pinmap_peripheral  mbed/TARGET_EFM32WG_STK3800/TOOLCHAIN_ARM_STD/mbed.ar(mbed_pinmap_common.o)
    0x00006918   0x00006918   0x00000088   Code   RO         1290    i.rtc_init_real     mbed/TARGET_EFM32WG_STK3800/TOOLCHAIN_ARM_STD/rtc_api.o
    0x000069a0   0x000069a0   0x0000000c   Code   RO         1294    i.rtc_set_comp0_handler  mbed/TARGET_EFM32WG_STK3800/TOOLCHAIN_ARM_STD/rtc_api.o
    0x000069ac   0x000069ac   0x00000066   Code   RO         2793    i.schedule_interrupt  mbed/TARGET_EFM32WG_STK3800/TOOLCHAIN_ARM_STD/mbed.ar(mbed_ticker_api.o)
    0x00006a12   0x00006a12   0x00000002   PAD
    0x00006a14   0x00006a14   0x000001e8   Code   RO         1318    i.serial_baud       mbed/TARGET_EFM32WG_STK3800/TOOLCHAIN_ARM_STD/serial_api.o
    0x00006bfc   0x00006bfc   0x00000074   Code   RO         1327    i.serial_get_rx_irq_index  mbed/TARGET_EFM32WG_STK3800/TOOLCHAIN_ARM_STD/serial_api.o
    0x00006c70   0x00006c70   0x00000074   Code   RO         1328    i.serial_get_tx_irq_index  mbed/TARGET_EFM32WG_STK3800/TOOLCHAIN_ARM_STD/serial_api.o
    0x00006ce4   0x00006ce4   0x00000020   Code   RO         1329    i.serial_getc       mbed/TARGET_EFM32WG_STK3800/TOOLCHAIN_ARM_STD/serial_api.o
    0x00006d04   0x00006d04   0x0000023c   Code   RO         1330    i.serial_init       mbed/TARGET_EFM32WG_STK3800/TOOLCHAIN_ARM_STD/serial_api.o
    0x00006f40   0x00006f40   0x0000006c   Code   RO         1332    i.serial_irq_handler  mbed/TARGET_EFM32WG_STK3800/TOOLCHAIN_ARM_STD/serial_api.o
    0x00006fac   0x00006fac   0x000000d4   Code   RO         1333    i.serial_irq_handler_asynch  mbed/TARGET_EFM32WG_STK3800/TOOLCHAIN_ARM_STD/serial_api.o
    0x00007080   0x00007080   0x000001bc   Code   RO         1334    i.serial_irq_set    mbed/TARGET_EFM32WG_STK3800/TOOLCHAIN_ARM_STD/serial_api.o
    0x0000723c   0x0000723c   0x000001c8   Code   RO         1336    i.serial_preinit    mbed/TARGET_EFM32WG_STK3800/TOOLCHAIN_ARM_STD/serial_api.o
    0x00007404   0x00007404   0x0000003c   Code   RO         1337    i.serial_putc       mbed/TARGET_EFM32WG_STK3800/TOOLCHAIN_ARM_STD/serial_api.o
    0x00007440   0x00007440   0x00000024   Code   RO         1341    i.serial_readable   mbed/TARGET_EFM32WG_STK3800/TOOLCHAIN_ARM_STD/serial_api.o
    0x00007464   0x00007464   0x000000c4   Code   RO         1343    i.serial_rx_abort_asynch_intern  mbed/TARGET_EFM32WG_STK3800/TOOLCHAIN_ARM_STD/serial_api.o
    0x00007528   0x00007528   0x00000224   Code   RO         1349    i.serial_rx_irq_handler_asynch  mbed/TARGET_EFM32WG_STK3800/TOOLCHAIN_ARM_STD/serial_api.o
    0x0000774c   0x0000774c   0x00000084   Code   RO         1351    i.serial_set_route  mbed/TARGET_EFM32WG_STK3800/TOOLCHAIN_ARM_STD/serial_api.o
    0x000077d0   0x000077d0   0x000000b0   Code   RO         1353    i.serial_tx_abort_asynch_intern  mbed/TARGET_EFM32WG_STK3800/TOOLCHAIN_ARM_STD/serial_api.o
    0x00007880   0x00007880   0x000000e4   Code   RO         1359    i.serial_tx_irq_handler_asynch  mbed/TARGET_EFM32WG_STK3800/TOOLCHAIN_ARM_STD/serial_api.o
    0x00007964   0x00007964   0x0000003c   Code   RO          180    i.setHfLeConfig     mbed/TARGET_EFM32WG_STK3800/TOOLCHAIN_ARM_STD/em_cmu.o
    0x000079a0   0x000079a0   0x00000060   Code   RO         2766    i.sleep_manager_lock_deep_sleep  mbed/TARGET_EFM32WG_STK3800/TOOLCHAIN_ARM_STD/mbed.ar(mbed_sleep_manager.o)
    0x00007a00   0x00007a00   0x00000054   Code   RO         2768    i.sleep_manager_unlock_deep_sleep  mbed/TARGET_EFM32WG_STK3800/TOOLCHAIN_ARM_STD/mbed.ar(mbed_sleep_manager.o)
    0x00007a54   0x00007a54   0x00000070   Code   RO         2796    i.ticker_insert_event_us  mbed/TARGET_EFM32WG_STK3800/TOOLCHAIN_ARM_STD/mbed.ar(mbed_ticker_api.o)
    0x00007ac4   0x00007ac4   0x0000005c   Code   RO         2797    i.ticker_irq_handler  mbed/TARGET_EFM32WG_STK3800/TOOLCHAIN_ARM_STD/mbed.ar(mbed_ticker_api.o)
    0x00007b20   0x00007b20   0x0000003e   Code   RO         2798    i.ticker_read       mbed/TARGET_EFM32WG_STK3800/TOOLCHAIN_ARM_STD/mbed.ar(mbed_ticker_api.o)
    0x00007b5e   0x00007b5e   0x00000040   Code   RO         2799    i.ticker_read_us    mbed/TARGET_EFM32WG_STK3800/TOOLCHAIN_ARM_STD/mbed.ar(mbed_ticker_api.o)
    0x00007b9e   0x00007b9e   0x00000038   Code   RO         2800    i.ticker_remove_event  mbed/TARGET_EFM32WG_STK3800/TOOLCHAIN_ARM_STD/mbed.ar(mbed_ticker_api.o)
    0x00007bd6   0x00007bd6   0x0000003a   Code   RO         2801    i.ticker_set_handler  mbed/TARGET_EFM32WG_STK3800/TOOLCHAIN_ARM_STD/mbed.ar(mbed_ticker_api.o)
    0x00007c10   0x00007c10   0x0000000c   Code   RO         1365    i.uart0_rx_irq      mbed/TARGET_EFM32WG_STK3800/TOOLCHAIN_ARM_STD/serial_api.o
    0x00007c1c   0x00007c1c   0x00000018   Code   RO         1366    i.uart0_tx_irq      mbed/TARGET_EFM32WG_STK3800/TOOLCHAIN_ARM_STD/serial_api.o
    0x00007c34   0x00007c34   0x0000000c   Code   RO         1367    i.uart1_rx_irq      mbed/TARGET_EFM32WG_STK3800/TOOLCHAIN_ARM_STD/serial_api.o
    0x00007c40   0x00007c40   0x00000018   Code   RO         1368    i.uart1_tx_irq      mbed/TARGET_EFM32WG_STK3800/TOOLCHAIN_ARM_STD/serial_api.o
    0x00007c58   0x00007c58   0x00000070   Code   RO         1369    i.uart_irq          mbed/TARGET_EFM32WG_STK3800/TOOLCHAIN_ARM_STD/serial_api.o
    0x00007cc8   0x00007cc8   0x00000024   Code   RO         1455    i.unblockSleepMode  mbed/TARGET_EFM32WG_STK3800/TOOLCHAIN_ARM_STD/sleep.o
    0x00007cec   0x00007cec   0x00000028   Code   RO         2802    i.update_present_time  mbed/TARGET_EFM32WG_STK3800/TOOLCHAIN_ARM_STD/mbed.ar(mbed_ticker_api.o)
    0x00007d14   0x00007d14   0x0000000c   Code   RO         1590    i.us_ticker_clear_interrupt  mbed/TARGET_EFM32WG_STK3800/TOOLCHAIN_ARM_STD/us_ticker.o
    0x00007d20   0x00007d20   0x00000020   Code   RO         1591    i.us_ticker_disable_interrupt  mbed/TARGET_EFM32WG_STK3800/TOOLCHAIN_ARM_STD/us_ticker.o
    0x00007d40   0x00007d40   0x00000020   Code   RO         1592    i.us_ticker_fire_interrupt  mbed/TARGET_EFM32WG_STK3800/TOOLCHAIN_ARM_STD/us_ticker.o
    0x00007d60   0x00007d60   0x000000e4   Code   RO         1593    i.us_ticker_init    mbed/TARGET_EFM32WG_STK3800/TOOLCHAIN_ARM_STD/us_ticker.o
    0x00007e44   0x00007e44   0x0000000c   Code   RO         2781    i.us_ticker_irq_handler  mbed/TARGET_EFM32WG_STK3800/TOOLCHAIN_ARM_STD/mbed.ar(mbed_us_ticker_api.o)
    0x00007e50   0x00007e50   0x00000048   Code   RO         1594    i.us_ticker_irq_handler_internal  mbed/TARGET_EFM32WG_STK3800/TOOLCHAIN_ARM_STD/us_ticker.o
    0x00007e98   0x00007e98   0x00000058   Code   RO         1595    i.us_ticker_read    mbed/TARGET_EFM32WG_STK3800/TOOLCHAIN_ARM_STD/us_ticker.o
    0x00007ef0   0x00007ef0   0x000000d8   Code   RO         1596    i.us_ticker_set_interrupt  mbed/TARGET_EFM32WG_STK3800/TOOLCHAIN_ARM_STD/us_ticker.o
    0x00007fc8   0x00007fc8   0x0000000c   Code   RO         1370    i.usart0_rx_irq     mbed/TARGET_EFM32WG_STK3800/TOOLCHAIN_ARM_STD/serial_api.o
    0x00007fd4   0x00007fd4   0x00000018   Code   RO         1371    i.usart0_tx_irq     mbed/TARGET_EFM32WG_STK3800/TOOLCHAIN_ARM_STD/serial_api.o
    0x00007fec   0x00007fec   0x0000000c   Code   RO         1372    i.usart1_rx_irq     mbed/TARGET_EFM32WG_STK3800/TOOLCHAIN_ARM_STD/serial_api.o
    0x00007ff8   0x00007ff8   0x00000018   Code   RO         1373    i.usart1_tx_irq     mbed/TARGET_EFM32WG_STK3800/TOOLCHAIN_ARM_STD/serial_api.o
    0x00008010   0x00008010   0x0000000c   Code   RO         1374    i.usart2_rx_irq     mbed/TARGET_EFM32WG_STK3800/TOOLCHAIN_ARM_STD/serial_api.o
    0x0000801c   0x0000801c   0x00000018   Code   RO         1375    i.usart2_tx_irq     mbed/TARGET_EFM32WG_STK3800/TOOLCHAIN_ARM_STD/serial_api.o
    0x00008034   0x00008034   0x00000030   Code   RO         3000    i.wait              mbed/TARGET_EFM32WG_STK3800/TOOLCHAIN_ARM_STD/mbed.ar(mbed_wait_api_no_rtos.o)
    0x00008064   0x00008064   0x00000024   Code   RO         3001    i.wait_ms           mbed/TARGET_EFM32WG_STK3800/TOOLCHAIN_ARM_STD/mbed.ar(mbed_wait_api_no_rtos.o)
    0x00008088   0x00008088   0x0000002c   Code   RO         3786    locale$$code        C:\Keil_v5\ARM\ARMCC\Bin\..\lib\armlib\c_w.l(lc_numeric_c.o)
    0x000080b4   0x000080b4   0x0000002c   Code   RO         3860    locale$$code        C:\Keil_v5\ARM\ARMCC\Bin\..\lib\armlib\c_w.l(lc_ctype_c.o)
    0x000080e0   0x000080e0   0x0000002c   Code   RO         3039    t._ZN12SingletonPtrI13PlatformMutexEptEv  mbed/TARGET_EFM32WG_STK3800/TOOLCHAIN_ARM_STD/mbed.ar(FileBase.o)
    0x0000810c   0x0000810c   0x0000000a   Code   RO         1815    t._ZN4mbed8CallbackIFvvEE13function_callIPS1_EEvPKv  .\build\main.o
    0x00008116   0x00008116   0x00000002   Code   RO         1827    t._ZN4mbed8CallbackIFvvEE13function_dtorIPS1_EEvPv  .\build\main.o
    0x00008118   0x00008118   0x0000000e   Code   RO         1821    t._ZN4mbed8CallbackIFvvEE13function_moveIPS1_EEvPvPKv  .\build\main.o
    0x00008126   0x00008126   0x00000002   PAD
    0x00008128   0x00008128   0x00000038   Code   RO         1745    t._ZN4mbed8CallbackIFvvEEC1EPS1_  .\build\main.o
    0x00008160   0x00008160   0x0000001c   Code   RO         1751    t._ZN4mbed8CallbackIFvvEEC1ERKS2_  .\build\main.o
    0x0000817c   0x0000817c   0x00000012   Code   RO         2602    t._ZN4mbed8CallbackIFvvEED1Ev  mbed/TARGET_EFM32WG_STK3800/TOOLCHAIN_ARM_STD/mbed.ar(SerialBase.o)
    0x0000818e   0x0000818e   0x00000036   Code   RO         2599    t._ZN6CThunkIN4mbed10SerialBaseEE10trampolineEPS1_PvPMS1_FvS4_E  mbed/TARGET_EFM32WG_STK3800/TOOLCHAIN_ARM_STD/mbed.ar(SerialBase.o)
    0x000081c4   0x000081c4   0x0000008c   Code   RO         3592    x$fpl$fnaninf       C:\Keil_v5\ARM\ARMCC\Bin\..\lib\armlib\fz_wm.l(fnaninf.o)
    0x00008250   0x00008250   0x0000000a   Code   RO         3738    x$fpl$fpinit        C:\Keil_v5\ARM\ARMCC\Bin\..\lib\armlib\fz_wm.l(fpinit.o)
    0x0000825a   0x0000825a   0x00000002   PAD
    0x0000825c   0x0000825c   0x0000005c   Code   RO         3373    x$fpl$llufromf      C:\Keil_v5\ARM\ARMCC\Bin\..\lib\armlib\fz_wm.l(ffixull.o)
    0x000082b8   0x000082b8   0x00000004   Code   RO         3594    x$fpl$printf1       C:\Keil_v5\ARM\ARMCC\Bin\..\lib\armlib\fz_wm.l(printf1.o)
    0x000082bc   0x000082bc   0x00000004   Code   RO         3596    x$fpl$printf2       C:\Keil_v5\ARM\ARMCC\Bin\..\lib\armlib\fz_wm.l(printf2.o)
    0x000082c0   0x000082c0   0x00000000   Code   RO         3604    x$fpl$usenofp       C:\Keil_v5\ARM\ARMCC\Bin\..\lib\armlib\fz_wm.l(usenofp.o)
    0x000082c0   0x000082c0   0x00000017   Data   RO         1092    .constdata          mbed/TARGET_EFM32WG_STK3800/TOOLCHAIN_ARM_STD/mbed_retarget.o
    0x000082d7   0x000082d7   0x00000001   PAD
    0x000082d8   0x000082d8   0x00000114   Data   RO         1189    .constdata          mbed/TARGET_EFM32WG_STK3800/TOOLCHAIN_ARM_STD/PeripheralPins.o
    0x000083ec   0x000083ec   0x00000114   Data   RO         1190    .constdata          mbed/TARGET_EFM32WG_STK3800/TOOLCHAIN_ARM_STD/PeripheralPins.o
    0x00008500   0x00008500   0x00000003   Data   RO         1296    .constdata          mbed/TARGET_EFM32WG_STK3800/TOOLCHAIN_ARM_STD/rtc_api.o
    0x00008503   0x00008503   0x00000001   PAD
    0x00008504   0x00008504   0x00000050   Data   RO         1377    .constdata          mbed/TARGET_EFM32WG_STK3800/TOOLCHAIN_ARM_STD/serial_api.o
    0x00008554   0x00008554   0x00000010   Data   RO         2556    .constdata          mbed/TARGET_EFM32WG_STK3800/TOOLCHAIN_ARM_STD/mbed.ar(SerialBase.o)
    0x00008564   0x00008564   0x00000018   Data   RO         2737    .constdata          mbed/TARGET_EFM32WG_STK3800/TOOLCHAIN_ARM_STD/mbed.ar(mbed_lp_ticker_api.o)
    0x0000857c   0x0000857c   0x00000008   Data   RO         2738    .constdata          mbed/TARGET_EFM32WG_STK3800/TOOLCHAIN_ARM_STD/mbed.ar(mbed_lp_ticker_api.o)
    0x00008584   0x00008584   0x00000018   Data   RO         2783    .constdata          mbed/TARGET_EFM32WG_STK3800/TOOLCHAIN_ARM_STD/mbed.ar(mbed_us_ticker_api.o)
    0x0000859c   0x0000859c   0x00000008   Data   RO         2784    .constdata          mbed/TARGET_EFM32WG_STK3800/TOOLCHAIN_ARM_STD/mbed.ar(mbed_us_ticker_api.o)
    0x000085a4   0x000085a4   0x00000011   Data   RO         3190    .constdata          C:\Keil_v5\ARM\ARMCC\Bin\..\lib\armlib\c_w.l(__printf_flags_ss_wp.o)
    0x000085b5   0x000085b5   0x00000003   PAD
    0x000085b8   0x000085b8   0x00000008   Data   RO         3431    .constdata          C:\Keil_v5\ARM\ARMCC\Bin\..\lib\armlib\c_w.l(_printf_wctomb.o)
    0x000085c0   0x000085c0   0x00000028   Data   RO         3460    .constdata          C:\Keil_v5\ARM\ARMCC\Bin\..\lib\armlib\c_w.l(_printf_hex_int_ll_ptr.o)
    0x000085e8   0x000085e8   0x00000026   Data   RO         3641    .constdata          C:\Keil_v5\ARM\ARMCC\Bin\..\lib\armlib\c_w.l(_printf_fp_hex.o)
    0x0000860e   0x0000860e   0x00000002   PAD
    0x00008610   0x00008610   0x00000094   Data   RO         3759    .constdata          C:\Keil_v5\ARM\ARMCC\Bin\..\lib\armlib\c_w.l(bigflt0.o)
    0x000086a4   0x000086a4   0x0000004c   Data   RO         3060    .constdata__ZTVN4mbed10FileHandleE  mbed/TARGET_EFM32WG_STK3800/TOOLCHAIN_ARM_STD/mbed.ar(FileHandle.o)
    0x000086f0   0x000086f0   0x00000018   Data   RO         2594    .constdata__ZTVN4mbed10SerialBaseE  mbed/TARGET_EFM32WG_STK3800/TOOLCHAIN_ARM_STD/mbed.ar(SerialBase.o)
    0x00008708   0x00008708   0x00000014   Data   RO         2668    .constdata__ZTVN4mbed10TimerEventE  mbed/TARGET_EFM32WG_STK3800/TOOLCHAIN_ARM_STD/mbed.ar(TimerEvent.o)
    0x0000871c   0x0000871c   0x00000014   Data   RO         1809    .constdata__ZTVN4mbed14LowPowerTickerE  .\build\main.o
    0x00008730   0x00008730   0x0000008c   Data   RO         2456    .constdata__ZTVN4mbed6SerialE  mbed/TARGET_EFM32WG_STK3800/TOOLCHAIN_ARM_STD/mbed.ar(Serial.o)
    0x000087bc   0x000087bc   0x0000006c   Data   RO         2926    .constdata__ZTVN4mbed6StreamE  mbed/TARGET_EFM32WG_STK3800/TOOLCHAIN_ARM_STD/mbed.ar(Stream.o)
    0x00008828   0x00008828   0x00000014   Data   RO         2625    .constdata__ZTVN4mbed6TickerE  mbed/TARGET_EFM32WG_STK3800/TOOLCHAIN_ARM_STD/mbed.ar(Ticker.o)
    0x0000883c   0x0000883c   0x00000010   Data   RO         3038    .constdata__ZTVN4mbed8FileBaseE  mbed/TARGET_EFM32WG_STK3800/TOOLCHAIN_ARM_STD/mbed.ar(FileBase.o)
    0x0000884c   0x0000884c   0x00000014   Data   RO         1157    .constdata__ZZN12SingletonPtrI13PlatformMutexE3getEvEs  mbed/TARGET_EFM32WG_STK3800/TOOLCHAIN_ARM_STD/mbed_retarget.o
    0x00008860   0x00008860   0x00000048   Data   RO         1158    .constdata__ZZN12SingletonPtrI13PlatformMutexE3getEvEs_0  mbed/TARGET_EFM32WG_STK3800/TOOLCHAIN_ARM_STD/mbed_retarget.o
    0x000088a8   0x000088a8   0x0000000c   Data   RO         1810    .constdata__ZZN4mbed8CallbackIFvvEE8generateIPS1_EEvRKT_E3ops  .\build\main.o
    0x000088b4   0x000088b4   0x00000059   Data   RO          881    .conststring        mbed/TARGET_EFM32WG_STK3800/TOOLCHAIN_ARM_STD/gpio_api.o
    0x0000890d   0x0000890d   0x00000003   PAD
    0x00008910   0x00008910   0x00000057   Data   RO         1199    .conststring        mbed/TARGET_EFM32WG_STK3800/TOOLCHAIN_ARM_STD/pinmap.o
    0x00008967   0x00008967   0x00000001   PAD
    0x00008968   0x00008968   0x000000af   Data   RO         1378    .conststring        mbed/TARGET_EFM32WG_STK3800/TOOLCHAIN_ARM_STD/serial_api.o
    0x00008a17   0x00008a17   0x00000001   PAD
    0x00008a18   0x00008a18   0x0000005a   Data   RO         1597    .conststring        mbed/TARGET_EFM32WG_STK3800/TOOLCHAIN_ARM_STD/us_ticker.o
    0x00008a72   0x00008a72   0x00000002   PAD
    0x00008a74   0x00008a74   0x00000016   Data   RO         1647    .conststring        .\build\main.o
    0x00008a8a   0x00008a8a   0x00000002   PAD
    0x00008a8c   0x00008a8c   0x00000020   Data   RO         3957    Region$$Table       anon$$obj.o
    0x00008aac   0x00008aac   0x0000001c   Data   RO         3785    locale$$data        C:\Keil_v5\ARM\ARMCC\Bin\..\lib\armlib\c_w.l(lc_numeric_c.o)
    0x00008ac8   0x00008ac8   0x00000110   Data   RO         3859    locale$$data        C:\Keil_v5\ARM\ARMCC\Bin\..\lib\armlib\c_w.l(lc_ctype_c.o)
    0x00008bd8   0x00008bd8   0x00000004   Data   RO         1649    .init_array         .\build\main.o
    0x00008bdc   0x00008bd8   0x00000000   Data   RO         3253    .init_array         C:\Keil_v5\ARM\ARMCC\Bin\..\lib\armlib\c_w.l(init_aeabi.o)


    Execution Region RW_IRAM1 (Exec base: 0x200000e0, Load base: 0x00008bdc, Size: 0x00001cc8, Max: 0x00007f20, ABSOLUTE)

    Exec Addr    Load Addr    Size         Type   Attr      Idx    E Section Name        Object

    0x200000e0   0x00008bdc   0x00000008   Data   RW           44    .data               mbed/TARGET_EFM32WG_STK3800/TOOLCHAIN_ARM_STD/dma_api.o
    0x200000e8   0x00008be4   0x0000000c   Data   RW          903    .data               mbed/TARGET_EFM32WG_STK3800/TOOLCHAIN_ARM_STD/gpio_irq_api.o
    0x200000f4   0x00008bf0   0x00000004   Data   RW          976    .data               mbed/TARGET_EFM32WG_STK3800/TOOLCHAIN_ARM_STD/lp_ticker.o
    0x200000f8   0x00008bf4   0x00000008   Data   RW         1005    .data               mbed/TARGET_EFM32WG_STK3800/TOOLCHAIN_ARM_STD/mbed_overrides.o
    0x20000100   0x00008bfc   0x00000010   Data   RW         1095    .data               mbed/TARGET_EFM32WG_STK3800/TOOLCHAIN_ARM_STD/mbed_retarget.o
    0x20000110   0x00008c0c   0x00000004   Data   RW         1200    .data               mbed/TARGET_EFM32WG_STK3800/TOOLCHAIN_ARM_STD/pinmap.o
    0x20000114   0x00008c10   0x00000014   Data   RW         1297    .data               mbed/TARGET_EFM32WG_STK3800/TOOLCHAIN_ARM_STD/rtc_api.o
    0x20000128   0x00008c24   0x00000008   Data   RW         1379    .data               mbed/TARGET_EFM32WG_STK3800/TOOLCHAIN_ARM_STD/serial_api.o
    0x20000130   0x00008c2c   0x0000000c   Data   RW         1567    .data               mbed/TARGET_EFM32WG_STK3800/TOOLCHAIN_ARM_STD/system_efm32wg.o
    0x2000013c   0x00008c38   0x00000018   Data   RW         1598    .data               mbed/TARGET_EFM32WG_STK3800/TOOLCHAIN_ARM_STD/us_ticker.o
    0x20000154   0x00008c50   0x00000064   Data   RW         1648    .data               .\build\main.o
    0x200001b8   0x00008cb4   0x00000002   Data   RW         2769    .data               mbed/TARGET_EFM32WG_STK3800/TOOLCHAIN_ARM_STD/mbed.ar(mbed_sleep_manager.o)
    0x200001ba   0x00008cb6   0x00000001   Data   RW         2953    .data               mbed/TARGET_EFM32WG_STK3800/TOOLCHAIN_ARM_STD/mbed.ar(mbed_error.o)
    0x200001bb   0x00008cb7   0x00000001   PAD
    0x200001bc   0x00008cb8   0x00000008   Data   RW         2977    .data               mbed/TARGET_EFM32WG_STK3800/TOOLCHAIN_ARM_STD/mbed.ar(mbed_critical.o)
    0x200001c4   0x00008cc0   0x0000000c   Data   RW         3026    .data               mbed/TARGET_EFM32WG_STK3800/TOOLCHAIN_ARM_STD/mbed.ar(FileBase.o)
    0x200001d0   0x00008ccc   0x00000004   Data   RW         3223    .data               C:\Keil_v5\ARM\ARMCC\Bin\..\lib\armlib\c_w.l(stdio_streams.o)
    0x200001d4   0x00008cd0   0x00000004   Data   RW         3224    .data               C:\Keil_v5\ARM\ARMCC\Bin\..\lib\armlib\c_w.l(stdio_streams.o)
    0x200001d8   0x00008cd4   0x00000004   Data   RW         3225    .data               C:\Keil_v5\ARM\ARMCC\Bin\..\lib\armlib\c_w.l(stdio_streams.o)
    0x200001dc        -       0x00000040   Zero   RW          901    .bss                mbed/TARGET_EFM32WG_STK3800/TOOLCHAIN_ARM_STD/gpio_irq_api.o
    0x2000021c        -       0x00000144   Zero   RW         1091    .bss                mbed/TARGET_EFM32WG_STK3800/TOOLCHAIN_ARM_STD/mbed_retarget.o
    0x20000360        -       0x0000008c   Zero   RW         1376    .bss                mbed/TARGET_EFM32WG_STK3800/TOOLCHAIN_ARM_STD/serial_api.o
    0x200003ec        -       0x00000014   Zero   RW         1456    .bss                mbed/TARGET_EFM32WG_STK3800/TOOLCHAIN_ARM_STD/sleep.o
    0x20000400        -       0x00000860   Zero   RW         1646    .bss                .\build\main.o
    0x20000c60        -       0x00000018   Zero   RW         2736    .bss                mbed/TARGET_EFM32WG_STK3800/TOOLCHAIN_ARM_STD/mbed.ar(mbed_lp_ticker_api.o)
    0x20000c78        -       0x00000018   Zero   RW         2782    .bss                mbed/TARGET_EFM32WG_STK3800/TOOLCHAIN_ARM_STD/mbed.ar(mbed_us_ticker_api.o)
    0x20000c90        -       0x00000004   Zero   RW         3088    .bss                C:\Keil_v5\ARM\ARMCC\Bin\..\lib\armlib\c_w.l(rt_errno_addr.o)
    0x20000c94        -       0x00000054   Zero   RW         3220    .bss                C:\Keil_v5\ARM\ARMCC\Bin\..\lib\armlib\c_w.l(stdio_streams.o)
    0x20000ce8        -       0x00000054   Zero   RW         3221    .bss                C:\Keil_v5\ARM\ARMCC\Bin\..\lib\armlib\c_w.l(stdio_streams.o)
    0x20000d3c        -       0x00000054   Zero   RW         3222    .bss                C:\Keil_v5\ARM\ARMCC\Bin\..\lib\armlib\c_w.l(stdio_streams.o)
    0x20000d90        -       0x00000004   Zero   RW         3388    .bss                C:\Keil_v5\ARM\ARMCC\Bin\..\lib\armlib\c_w.l(rt_heap_descriptor.o)
    0x20000d94        -       0x00000014   Zero   RW         3745    .bss                C:\Keil_v5\ARM\ARMCC\Bin\..\lib\armlib\c_w.l(rt_locale.o)
    0x20000da8        -       0x00000c00   Zero   RW         1550    HEAP                mbed/TARGET_EFM32WG_STK3800/TOOLCHAIN_ARM_STD/startup_efm32wg.o
    0x200019a8        -       0x00000400   Zero   RW         1549    STACK               mbed/TARGET_EFM32WG_STK3800/TOOLCHAIN_ARM_STD/startup_efm32wg.o


==============================================================================

Image component sizes


      Code (inc. data)   RO Data    RW Data    ZI Data      Debug   Object Name

         0          0        552          0          0          0   mbed/TARGET_EFM32WG_STK3800/TOOLCHAIN_ARM_STD/PeripheralPins.o
        28          6          0          8          0        116   mbed/TARGET_EFM32WG_STK3800/TOOLCHAIN_ARM_STD/dma_api.o
      2296        264          0          0          0       1340   mbed/TARGET_EFM32WG_STK3800/TOOLCHAIN_ARM_STD/em_cmu.o
       140         14          0          0          0        252   mbed/TARGET_EFM32WG_STK3800/TOOLCHAIN_ARM_STD/em_dma.o
       108          0          0          0          0        136   mbed/TARGET_EFM32WG_STK3800/TOOLCHAIN_ARM_STD/em_gpio.o
       400         42          0          0          0        728   mbed/TARGET_EFM32WG_STK3800/TOOLCHAIN_ARM_STD/em_leuart.o
        84         18          0          0          0        348   mbed/TARGET_EFM32WG_STK3800/TOOLCHAIN_ARM_STD/em_rtc.o
       124          0          0          0          0        116   mbed/TARGET_EFM32WG_STK3800/TOOLCHAIN_ARM_STD/em_timer.o
       364         28          0          0          0        608   mbed/TARGET_EFM32WG_STK3800/TOOLCHAIN_ARM_STD/em_usart.o
       258         26         89          0          0        476   mbed/TARGET_EFM32WG_STK3800/TOOLCHAIN_ARM_STD/gpio_api.o
       384         32          0         12         64        280   mbed/TARGET_EFM32WG_STK3800/TOOLCHAIN_ARM_STD/gpio_irq_api.o
       336         52          0          4          0        748   mbed/TARGET_EFM32WG_STK3800/TOOLCHAIN_ARM_STD/lp_ticker.o
      4244       1622         58        100       2144     255874   .\build\main.o
       252         18          0          0          0        404   mbed/TARGET_EFM32WG_STK3800/TOOLCHAIN_ARM_STD/mbed_board.o
        72         18          0          8          0        128   mbed/TARGET_EFM32WG_STK3800/TOOLCHAIN_ARM_STD/mbed_overrides.o
      1276        120        115         16        324       1928   mbed/TARGET_EFM32WG_STK3800/TOOLCHAIN_ARM_STD/mbed_retarget.o
        44          4          0          0          0        368   mbed/TARGET_EFM32WG_STK3800/TOOLCHAIN_ARM_STD/mbed_sdk_boot.o
       112         26         87          4          0        136   mbed/TARGET_EFM32WG_STK3800/TOOLCHAIN_ARM_STD/pinmap.o
        88         30          0          0          0        124   mbed/TARGET_EFM32WG_STK3800/TOOLCHAIN_ARM_STD/pinmap_function.o
       200         42          3         20          0        360   mbed/TARGET_EFM32WG_STK3800/TOOLCHAIN_ARM_STD/rtc_api.o
      4324        498        255          8        140       3664   mbed/TARGET_EFM32WG_STK3800/TOOLCHAIN_ARM_STD/serial_api.o
        68          8          0          0         20        256   mbed/TARGET_EFM32WG_STK3800/TOOLCHAIN_ARM_STD/sleep.o
        64         26        224          0       4096        292   mbed/TARGET_EFM32WG_STK3800/TOOLCHAIN_ARM_STD/startup_efm32wg.o
       516        126          0         12          0       1160   mbed/TARGET_EFM32WG_STK3800/TOOLCHAIN_ARM_STD/system_efm32wg.o
       680         92         90         24          0        864   mbed/TARGET_EFM32WG_STK3800/TOOLCHAIN_ARM_STD/us_ticker.o

    ----------------------------------------------------------------------
     16486       3112       1516        216       6788     270706   Object Totals
         0          0         32          0          0          0   (incl. Generated)
        24          0         11          0          0          0   (incl. Padding)

    ----------------------------------------------------------------------

      Code (inc. data)   RO Data    RW Data    ZI Data      Debug   Library Member Name

        60          8          0          0          0         84   C:\Keil_v5\ARM\ARMCC\Bin\..\lib\armlib\c_w.l(__0sscanf.o)
        44          6          0          0          0         84   C:\Keil_v5\ARM\ARMCC\Bin\..\lib\armlib\c_w.l(__2sprintf.o)
         8          0          0          0          0         68   C:\Keil_v5\ARM\ARMCC\Bin\..\lib\armlib\c_w.l(__main.o)
       392          4         17          0          0         92   C:\Keil_v5\ARM\ARMCC\Bin\..\lib\armlib\c_w.l(__printf_flags_ss_wp.o)
        14          0          0          0          0         68   C:\Keil_v5\ARM\ARMCC\Bin\..\lib\armlib\c_w.l(__printf_wp.o)
         0          0          0          0          0          0   C:\Keil_v5\ARM\ARMCC\Bin\..\lib\armlib\c_w.l(__rtentry.o)
        20          0          0          0          0          0   C:\Keil_v5\ARM\ARMCC\Bin\..\lib\armlib\c_w.l(__rtentry2.o)
         6          0          0          0          0          0   C:\Keil_v5\ARM\ARMCC\Bin\..\lib\armlib\c_w.l(__rtentry4.o)
        52          8          0          0          0          0   C:\Keil_v5\ARM\ARMCC\Bin\..\lib\armlib\c_w.l(__scatter.o)
        26          0          0          0          0          0   C:\Keil_v5\ARM\ARMCC\Bin\..\lib\armlib\c_w.l(__scatter_copy.o)
        28          0          0          0          0          0   C:\Keil_v5\ARM\ARMCC\Bin\..\lib\armlib\c_w.l(__scatter_zi.o)
         6          0          0          0          0          0   C:\Keil_v5\ARM\ARMCC\Bin\..\lib\armlib\c_w.l(_printf_a.o)
         6          0          0          0          0          0   C:\Keil_v5\ARM\ARMCC\Bin\..\lib\armlib\c_w.l(_printf_c.o)
        44          0          0          0          0        108   C:\Keil_v5\ARM\ARMCC\Bin\..\lib\armlib\c_w.l(_printf_char.o)
        48          6          0          0          0         96   C:\Keil_v5\ARM\ARMCC\Bin\..\lib\armlib\c_w.l(_printf_char_common.o)
        36          4          0          0          0         80   C:\Keil_v5\ARM\ARMCC\Bin\..\lib\armlib\c_w.l(_printf_char_file.o)
        40          0          0          0          0         68   C:\Keil_v5\ARM\ARMCC\Bin\..\lib\armlib\c_w.l(_printf_charcount.o)
         6          0          0          0          0          0   C:\Keil_v5\ARM\ARMCC\Bin\..\lib\armlib\c_w.l(_printf_d.o)
       120         16          0          0          0         92   C:\Keil_v5\ARM\ARMCC\Bin\..\lib\armlib\c_w.l(_printf_dec.o)
         6          0          0          0          0          0   C:\Keil_v5\ARM\ARMCC\Bin\..\lib\armlib\c_w.l(_printf_e.o)
         6          0          0          0          0          0   C:\Keil_v5\ARM\ARMCC\Bin\..\lib\armlib\c_w.l(_printf_f.o)
      1054          0          0          0          0        216   C:\Keil_v5\ARM\ARMCC\Bin\..\lib\armlib\c_w.l(_printf_fp_dec.o)
       764          8         38          0          0        100   C:\Keil_v5\ARM\ARMCC\Bin\..\lib\armlib\c_w.l(_printf_fp_hex.o)
       128         16          0          0          0         84   C:\Keil_v5\ARM\ARMCC\Bin\..\lib\armlib\c_w.l(_printf_fp_infnan.o)
         6          0          0          0          0          0   C:\Keil_v5\ARM\ARMCC\Bin\..\lib\armlib\c_w.l(_printf_g.o)
       148          4         40          0          0        160   C:\Keil_v5\ARM\ARMCC\Bin\..\lib\armlib\c_w.l(_printf_hex_int_ll_ptr.o)
         6          0          0          0          0          0   C:\Keil_v5\ARM\ARMCC\Bin\..\lib\armlib\c_w.l(_printf_i.o)
       178          0          0          0          0         88   C:\Keil_v5\ARM\ARMCC\Bin\..\lib\armlib\c_w.l(_printf_intcommon.o)
        10          0          0          0          0          0   C:\Keil_v5\ARM\ARMCC\Bin\..\lib\armlib\c_w.l(_printf_l.o)
         6          0          0          0          0          0   C:\Keil_v5\ARM\ARMCC\Bin\..\lib\armlib\c_w.l(_printf_lc.o)
        10          0          0          0          0          0   C:\Keil_v5\ARM\ARMCC\Bin\..\lib\armlib\c_w.l(_printf_ll.o)
         6          0          0          0          0          0   C:\Keil_v5\ARM\ARMCC\Bin\..\lib\armlib\c_w.l(_printf_lld.o)
         6          0          0          0          0          0   C:\Keil_v5\ARM\ARMCC\Bin\..\lib\armlib\c_w.l(_printf_lli.o)
         6          0          0          0          0          0   C:\Keil_v5\ARM\ARMCC\Bin\..\lib\armlib\c_w.l(_printf_llo.o)
         6          0          0          0          0          0   C:\Keil_v5\ARM\ARMCC\Bin\..\lib\armlib\c_w.l(_printf_llu.o)
         6          0          0          0          0          0   C:\Keil_v5\ARM\ARMCC\Bin\..\lib\armlib\c_w.l(_printf_llx.o)
       124         16          0          0          0         92   C:\Keil_v5\ARM\ARMCC\Bin\..\lib\armlib\c_w.l(_printf_longlong_dec.o)
         6          0          0          0          0          0   C:\Keil_v5\ARM\ARMCC\Bin\..\lib\armlib\c_w.l(_printf_ls.o)
         6          0          0          0          0          0   C:\Keil_v5\ARM\ARMCC\Bin\..\lib\armlib\c_w.l(_printf_n.o)
         6          0          0          0          0          0   C:\Keil_v5\ARM\ARMCC\Bin\..\lib\armlib\c_w.l(_printf_o.o)
       112         10          0          0          0        124   C:\Keil_v5\ARM\ARMCC\Bin\..\lib\armlib\c_w.l(_printf_oct_int_ll.o)
         6          0          0          0          0          0   C:\Keil_v5\ARM\ARMCC\Bin\..\lib\armlib\c_w.l(_printf_p.o)
        78          0          0          0          0        108   C:\Keil_v5\ARM\ARMCC\Bin\..\lib\armlib\c_w.l(_printf_pad.o)
         0          0          0          0          0          0   C:\Keil_v5\ARM\ARMCC\Bin\..\lib\armlib\c_w.l(_printf_percent.o)
         4          0          0          0          0          0   C:\Keil_v5\ARM\ARMCC\Bin\..\lib\armlib\c_w.l(_printf_percent_end.o)
         6          0          0          0          0          0   C:\Keil_v5\ARM\ARMCC\Bin\..\lib\armlib\c_w.l(_printf_s.o)
        82          0          0          0          0         80   C:\Keil_v5\ARM\ARMCC\Bin\..\lib\armlib\c_w.l(_printf_str.o)
        36          0          0          0          0         84   C:\Keil_v5\ARM\ARMCC\Bin\..\lib\armlib\c_w.l(_printf_truncate.o)
         6          0          0          0          0          0   C:\Keil_v5\ARM\ARMCC\Bin\..\lib\armlib\c_w.l(_printf_u.o)
        44          0          0          0          0        108   C:\Keil_v5\ARM\ARMCC\Bin\..\lib\armlib\c_w.l(_printf_wchar.o)
       188          6          8          0          0         92   C:\Keil_v5\ARM\ARMCC\Bin\..\lib\armlib\c_w.l(_printf_wctomb.o)
         6          0          0          0          0          0   C:\Keil_v5\ARM\ARMCC\Bin\..\lib\armlib\c_w.l(_printf_x.o)
       884          6          0          0          0        100   C:\Keil_v5\ARM\ARMCC\Bin\..\lib\armlib\c_w.l(_scanf.o)
       224          0          0          0          0         96   C:\Keil_v5\ARM\ARMCC\Bin\..\lib\armlib\c_w.l(_scanf_str.o)
        64          0          0          0          0         84   C:\Keil_v5\ARM\ARMCC\Bin\..\lib\armlib\c_w.l(_sgetc.o)
        16          0          0          0          0         68   C:\Keil_v5\ARM\ARMCC\Bin\..\lib\armlib\c_w.l(_snputc.o)
        10          0          0          0          0         68   C:\Keil_v5\ARM\ARMCC\Bin\..\lib\armlib\c_w.l(_sputc.o)
        64          0          0          0          0         92   C:\Keil_v5\ARM\ARMCC\Bin\..\lib\armlib\c_w.l(_wcrtomb.o)
       228          4        148          0          0         96   C:\Keil_v5\ARM\ARMCC\Bin\..\lib\armlib\c_w.l(bigflt0.o)
      1936        128          0          0          0        672   C:\Keil_v5\ARM\ARMCC\Bin\..\lib\armlib\c_w.l(btod.o)
        10          0          0          0          0         68   C:\Keil_v5\ARM\ARMCC\Bin\..\lib\armlib\c_w.l(c89vfprintf.o)
        10          0          0          0          0         68   C:\Keil_v5\ARM\ARMCC\Bin\..\lib\armlib\c_w.l(defsig_exit.o)
        50          0          0          0          0         88   C:\Keil_v5\ARM\ARMCC\Bin\..\lib\armlib\c_w.l(defsig_general.o)
        48         34          0          0          0         76   C:\Keil_v5\ARM\ARMCC\Bin\..\lib\armlib\c_w.l(defsig_pvfn_inner.o)
        14          0          0          0          0         80   C:\Keil_v5\ARM\ARMCC\Bin\..\lib\armlib\c_w.l(defsig_pvfn_outer.o)
        80         58          0          0          0         76   C:\Keil_v5\ARM\ARMCC\Bin\..\lib\armlib\c_w.l(defsig_rtmem_inner.o)
        14          0          0          0          0         80   C:\Keil_v5\ARM\ARMCC\Bin\..\lib\armlib\c_w.l(defsig_rtmem_outer.o)
        52         38          0          0          0         76   C:\Keil_v5\ARM\ARMCC\Bin\..\lib\armlib\c_w.l(defsig_rtred_inner.o)
        14          0          0          0          0         80   C:\Keil_v5\ARM\ARMCC\Bin\..\lib\armlib\c_w.l(defsig_rtred_outer.o)
        76          0          0          0          0         88   C:\Keil_v5\ARM\ARMCC\Bin\..\lib\armlib\c_w.l(fclose.o)
         8          0          0          0          0         68   C:\Keil_v5\ARM\ARMCC\Bin\..\lib\armlib\c_w.l(ferror.o)
       100          4          0          0          0        120   C:\Keil_v5\ARM\ARMCC\Bin\..\lib\armlib\c_w.l(fflush.o)
        24          0          0          0          0         68   C:\Keil_v5\ARM\ARMCC\Bin\..\lib\armlib\c_w.l(fgetc.o)
       570          0          0          0          0        132   C:\Keil_v5\ARM\ARMCC\Bin\..\lib\armlib\c_w.l(filbuf.o)
       470          0          0          0          0         88   C:\Keil_v5\ARM\ARMCC\Bin\..\lib\armlib\c_w.l(flsbuf.o)
        56          6          0          0          0         80   C:\Keil_v5\ARM\ARMCC\Bin\..\lib\armlib\c_w.l(flushlinebuffered.o)
       236          4          0          0          0        128   C:\Keil_v5\ARM\ARMCC\Bin\..\lib\armlib\c_w.l(fopen.o)
        26          0          0          0          0         68   C:\Keil_v5\ARM\ARMCC\Bin\..\lib\armlib\c_w.l(fputc.o)
       248          6          0          0          0         84   C:\Keil_v5\ARM\ARMCC\Bin\..\lib\armlib\c_w.l(fseek.o)
        66          0          0          0          0         76   C:\Keil_v5\ARM\ARMCC\Bin\..\lib\armlib\c_w.l(ftell.o)
        94          0          0          0          0         80   C:\Keil_v5\ARM\ARMCC\Bin\..\lib\armlib\c_w.l(h1_alloc.o)
        52          0          0          0          0         68   C:\Keil_v5\ARM\ARMCC\Bin\..\lib\armlib\c_w.l(h1_extend.o)
        78          0          0          0          0         80   C:\Keil_v5\ARM\ARMCC\Bin\..\lib\armlib\c_w.l(h1_free.o)
        14          0          0          0          0         84   C:\Keil_v5\ARM\ARMCC\Bin\..\lib\armlib\c_w.l(h1_init.o)
         6          0          0          0          0        152   C:\Keil_v5\ARM\ARMCC\Bin\..\lib\armlib\c_w.l(heapauxi.o)
         4          0          0          0          0        136   C:\Keil_v5\ARM\ARMCC\Bin\..\lib\armlib\c_w.l(hguard.o)
         0          0          0          0          0          0   C:\Keil_v5\ARM\ARMCC\Bin\..\lib\armlib\c_w.l(indicate_semi.o)
        36         10          0          0          0         80   C:\Keil_v5\ARM\ARMCC\Bin\..\lib\armlib\c_w.l(init_aeabi.o)
       138          0          0          0          0        168   C:\Keil_v5\ARM\ARMCC\Bin\..\lib\armlib\c_w.l(init_alloc.o)
       312         46          0          0          0        112   C:\Keil_v5\ARM\ARMCC\Bin\..\lib\armlib\c_w.l(initio.o)
        18          0          0          0          0         76   C:\Keil_v5\ARM\ARMCC\Bin\..\lib\armlib\c_w.l(isspace.o)
        44         10        272          0          0         76   C:\Keil_v5\ARM\ARMCC\Bin\..\lib\armlib\c_w.l(lc_ctype_c.o)
        44         10         28          0          0         76   C:\Keil_v5\ARM\ARMCC\Bin\..\lib\armlib\c_w.l(lc_numeric_c.o)
         2          0          0          0          0          0   C:\Keil_v5\ARM\ARMCC\Bin\..\lib\armlib\c_w.l(libinit.o)
        50          0          0          0          0          0   C:\Keil_v5\ARM\ARMCC\Bin\..\lib\armlib\c_w.l(libinit2.o)
         0          0          0          0          0          0   C:\Keil_v5\ARM\ARMCC\Bin\..\lib\armlib\c_w.l(libshutdown2.o)
       138          0          0          0          0         80   C:\Keil_v5\ARM\ARMCC\Bin\..\lib\armlib\c_w.l(lludiv10.o)
       238          0          0          0          0        100   C:\Keil_v5\ARM\ARMCC\Bin\..\lib\armlib\c_w.l(lludivv7m.o)
         0          0          0          0          0          0   C:\Keil_v5\ARM\ARMCC\Bin\..\lib\armlib\c_w.l(maybetermalloc1.o)
        16          4          0          0          0         76   C:\Keil_v5\ARM\ARMCC\Bin\..\lib\armlib\c_w.l(rt_ctype_table.o)
         8          4          0          0          4         68   C:\Keil_v5\ARM\ARMCC\Bin\..\lib\armlib\c_w.l(rt_errno_addr.o)
         8          4          0          0          4         68   C:\Keil_v5\ARM\ARMCC\Bin\..\lib\armlib\c_w.l(rt_heap_descriptor.o)
         8          4          0          0         20         68   C:\Keil_v5\ARM\ARMCC\Bin\..\lib\armlib\c_w.l(rt_locale.o)
        78          0          0          0          0         80   C:\Keil_v5\ARM\ARMCC\Bin\..\lib\armlib\c_w.l(rt_memclr_w.o)
       100          0          0          0          0         80   C:\Keil_v5\ARM\ARMCC\Bin\..\lib\armlib\c_w.l(rt_memcpy_w.o)
        44          8          0          0          0         84   C:\Keil_v5\ARM\ARMCC\Bin\..\lib\armlib\c_w.l(scanf_char.o)
        20          0          0          0          0         68   C:\Keil_v5\ARM\ARMCC\Bin\..\lib\armlib\c_w.l(setbuf.o)
        70          0          0          0          0         80   C:\Keil_v5\ARM\ARMCC\Bin\..\lib\armlib\c_w.l(setvbuf.o)
       240          6          0          0          0        156   C:\Keil_v5\ARM\ARMCC\Bin\..\lib\armlib\c_w.l(stdio.o)
         0          0          0         12        252          0   C:\Keil_v5\ARM\ARMCC\Bin\..\lib\armlib\c_w.l(stdio_streams.o)
       128          0          0          0          0         68   C:\Keil_v5\ARM\ARMCC\Bin\..\lib\armlib\c_w.l(strcmpv7m.o)
        62          0          0          0          0         76   C:\Keil_v5\ARM\ARMCC\Bin\..\lib\armlib\c_w.l(strlen.o)
       150          0          0          0          0         80   C:\Keil_v5\ARM\ARMCC\Bin\..\lib\armlib\c_w.l(strncmp.o)
        12          4          0          0          0         68   C:\Keil_v5\ARM\ARMCC\Bin\..\lib\armlib\c_w.l(sys_exit.o)
        14          0          0          0          0         76   C:\Keil_v5\ARM\ARMCC\Bin\..\lib\armlib\c_w.l(sys_wrch.o)
         2          0          0          0          0         68   C:\Keil_v5\ARM\ARMCC\Bin\..\lib\armlib\c_w.l(use_no_semi.o)
        52          4          0          0          0         80   C:\Keil_v5\ARM\ARMCC\Bin\..\lib\armlib\c_w.l(vsnprintf.o)
        36          0          0          0          0         84   C:\Keil_v5\ARM\ARMCC\Bin\..\lib\cpplib\cpprt_w.l(aeabi_vec_ctor_nocookie_nodtor.o)
        34          0          0          0          0         84   C:\Keil_v5\ARM\ARMCC\Bin\..\lib\cpplib\cpprt_w.l(aeabi_vec_dtor_noexceptions.o)
         6          0          0          0          0         68   C:\Keil_v5\ARM\ARMCC\Bin\..\lib\cpplib\cpprt_w.l(pure_virt.o)
        92          4          0          0          0        132   C:\Keil_v5\ARM\ARMCC\Bin\..\lib\armlib\fz_wm.l(ffixull.o)
       140          4          0          0          0        132   C:\Keil_v5\ARM\ARMCC\Bin\..\lib\armlib\fz_wm.l(fnaninf.o)
        10          0          0          0          0        116   C:\Keil_v5\ARM\ARMCC\Bin\..\lib\armlib\fz_wm.l(fpinit.o)
         4          0          0          0          0        116   C:\Keil_v5\ARM\ARMCC\Bin\..\lib\armlib\fz_wm.l(printf1.o)
         4          0          0          0          0        116   C:\Keil_v5\ARM\ARMCC\Bin\..\lib\armlib\fz_wm.l(printf2.o)
         0          0          0          0          0          0   C:\Keil_v5\ARM\ARMCC\Bin\..\lib\armlib\fz_wm.l(usenofp.o)
        48          0          0          0          0        124   C:\Keil_v5\ARM\ARMCC\Bin\..\lib\armlib\m_wm.l(fpclassify.o)
       304         52         16         12          0        620   mbed/TARGET_EFM32WG_STK3800/TOOLCHAIN_ARM_STD/mbed.ar(FileBase.o)
        60          0         76          0          0        360   mbed/TARGET_EFM32WG_STK3800/TOOLCHAIN_ARM_STD/mbed.ar(FileHandle.o)
       160          0          0          0          0        728   mbed/TARGET_EFM32WG_STK3800/TOOLCHAIN_ARM_STD/mbed.ar(FilePath.o)
       100         10        140          0          0        948   mbed/TARGET_EFM32WG_STK3800/TOOLCHAIN_ARM_STD/mbed.ar(Serial.o)
      1046         34         40          0          0       1800   mbed/TARGET_EFM32WG_STK3800/TOOLCHAIN_ARM_STD/mbed.ar(SerialBase.o)
       372         50        108          0          0       1472   mbed/TARGET_EFM32WG_STK3800/TOOLCHAIN_ARM_STD/mbed.ar(Stream.o)
       228          6         20          0          0        404   mbed/TARGET_EFM32WG_STK3800/TOOLCHAIN_ARM_STD/mbed.ar(Ticker.o)
       314          0          0          0          0        768   mbed/TARGET_EFM32WG_STK3800/TOOLCHAIN_ARM_STD/mbed.ar(Timer.o)
       150         24         20          0          0        728   mbed/TARGET_EFM32WG_STK3800/TOOLCHAIN_ARM_STD/mbed.ar(TimerEvent.o)
        84         52          0          0          0        136   mbed/TARGET_EFM32WG_STK3800/TOOLCHAIN_ARM_STD/mbed.ar(mbed_assert.o)
       400        218          0          8          0        508   mbed/TARGET_EFM32WG_STK3800/TOOLCHAIN_ARM_STD/mbed.ar(mbed_critical.o)
        40          4          0          1          0        136   mbed/TARGET_EFM32WG_STK3800/TOOLCHAIN_ARM_STD/mbed.ar(mbed_error.o)
       148          0          0          0          0        416   mbed/TARGET_EFM32WG_STK3800/TOOLCHAIN_ARM_STD/mbed.ar(mbed_gpio.o)
        20         10         32          0         24        232   mbed/TARGET_EFM32WG_STK3800/TOOLCHAIN_ARM_STD/mbed.ar(mbed_lp_ticker_api.o)
       152         56          0          0          0        248   mbed/TARGET_EFM32WG_STK3800/TOOLCHAIN_ARM_STD/mbed.ar(mbed_pinmap_common.o)
       180         98          0          2          0        256   mbed/TARGET_EFM32WG_STK3800/TOOLCHAIN_ARM_STD/mbed.ar(mbed_sleep_manager.o)
       586          0          0          0          0       1056   mbed/TARGET_EFM32WG_STK3800/TOOLCHAIN_ARM_STD/mbed.ar(mbed_ticker_api.o)
        20         10         32          0         24        232   mbed/TARGET_EFM32WG_STK3800/TOOLCHAIN_ARM_STD/mbed.ar(mbed_us_ticker_api.o)
        84          4          0          0          0        256   mbed/TARGET_EFM32WG_STK3800/TOOLCHAIN_ARM_STD/mbed.ar(mbed_wait_api_no_rtos.o)

    ----------------------------------------------------------------------
     16762       1150       1040         36        328      20132   Library Totals
        44          0          5          1          0          0   (incl. Padding)

    ----------------------------------------------------------------------

      Code (inc. data)   RO Data    RW Data    ZI Data      Debug   Library Name

     11896        514        551         12        280       7856   C:\Keil_v5\ARM\ARMCC\Bin\..\lib\armlib\c_w.l
        76          0          0          0          0        236   C:\Keil_v5\ARM\ARMCC\Bin\..\lib\cpplib\cpprt_w.l
       250          8          0          0          0        612   C:\Keil_v5\ARM\ARMCC\Bin\..\lib\armlib\fz_wm.l
        48          0          0          0          0        124   C:\Keil_v5\ARM\ARMCC\Bin\..\lib\armlib\m_wm.l
      4448        628        484         23         48      11304   mbed/TARGET_EFM32WG_STK3800/TOOLCHAIN_ARM_STD/mbed.ar

    ----------------------------------------------------------------------
     16762       1150       1040         36        328      20132   Library Totals

    ----------------------------------------------------------------------

==============================================================================


      Code (inc. data)   RO Data    RW Data    ZI Data      Debug   

     33248       4262       2556        252       7116     263310   Grand Totals
     33248       4262       2556        252       7116     263310   ELF Image Totals
     33248       4262       2556        252          0          0   ROM Totals

==============================================================================

    Total RO  Size (Code + RO Data)                35804 (  34.96kB)
    Total RW  Size (RW Data + ZI Data)              7368 (   7.20kB)
    Total ROM Size (Code + RO Data + RW Data)      36056 (  35.21kB)

==============================================================================

