<html>
<body>
<pre>
<h1>µVision Build Log</h1>
<h2>Tool Versions:</h2>
IDE-Version: µVision V5.24.2.0
Copyright (C) 2017 ARM Ltd and ARM Germany GmbH. All rights reserved.
License Information: Peter Foy, Arrow, LIC=V859V-8YEW8-38ALB-KSEL2-NJ0C2-Q06LT
 
Tool Versions:
Toolchain:       MDK-ARM Professional  Version: 5.24.1
Toolchain Path:  C:\Keil_v5\ARM\ARMCC\Bin
C Compiler:      Armcc.exe V5.06 update 5 (build 528)
Assembler:       Armasm.exe V5.06 update 5 (build 528)
Linker/Locator:  ArmLink.exe V5.06 update 5 (build 528)
Library Manager: ArmAr.exe V5.06 update 5 (build 528)
Hex Converter:   FromElf.exe V5.06 update 5 (build 528)
CPU DLL:         SARMCM3.DLL V5.24.1
Dialog DLL:      DCM.DLL V1.16.0.0
Target DLL:      Segger\JL2CM3.dll V2.99.26.0
Dialog DLL:      TCM.DLL V1.32.0.0
 
<h2>Project:</h2>
C:\Keil_v5\Projects\mbed_blinky_low_power_uvision5_efm32wg_stk3800\mbed_blinky_low_power\mbed_blinky_low_power.uvprojx
Project File Date:  02/27/2018

<h2>Output:</h2>
*** Using Compiler 'V5.06 update 5 (build 528)', folder: 'C:\Keil_v5\ARM\ARMCC\Bin'
Build target 'mbed_blinky_low_power'
compiling main.cpp...
main.cpp(395): warning:  #177-D: variable "rssi"  was declared but never referenced
  	 int rssi;
main.cpp: 1 warning, 0 errors
linking...
Program Size: Code=33248 RO-data=2556 RW-data=252 ZI-data=7116  
".\BUILD\mbed_blinky_low_power.axf" - 0 Error(s), 1 Warning(s).

<h2>Software Packages used:</h2>

Package Vendor: SiliconLabs
                https://www.silabs.com/documents/public/cmsis-packs/SiliconLabs.EFM32WG_DFP.5.4.0.pack
                SiliconLabs.EFM32WG_DFP.5.4.0
                Silicon Labs EFM32WG Wonder Gecko Series Device Support.

<h2>Collection of Component include folders:</h2>
  .\RTE\_mbed_blinky_low_power
  C:\Keil_v5\ARM\PACK\SiliconLabs\EFM32WG_DFP\5.4.0\Device\SiliconLabs\EFM32WG\Include

<h2>Collection of Component Files used:</h2>
Build Time Elapsed:  00:00:02
</pre>
</body>
</html>
